

================================================================
== Vitis HLS Report for 'fir'
================================================================
* Date:           Mon Oct  4 16:17:54 2021

* Version:        2021.1 (Build 3247384 on Thu Jun 10 19:36:33 MDT 2021)
* Project:        optimized4
* Solution:       solution1 (Vivado IP Flow Target)
* Product family: zynq
* Target device:  xc7z020-clg400-1


================================================================
== Performance Estimates
================================================================
+ Timing: 
    * Summary: 
    +--------+----------+----------+------------+
    |  Clock |  Target  | Estimated| Uncertainty|
    +--------+----------+----------+------------+
    |ap_clk  |  10.00 ns|  7.075 ns|     2.70 ns|
    +--------+----------+----------+------------+

+ Latency: 
    * Summary: 
    +---------+---------+----------+----------+-----+-----+---------+
    |  Latency (cycles) |  Latency (absolute) |  Interval | Pipeline|
    |   min   |   max   |    min   |    max   | min | max |   Type  |
    +---------+---------+----------+----------+-----+-----+---------+
    |      119|      119|  1.190 us|  1.190 us|  120|  120|       no|
    +---------+---------+----------+----------+-----+-----+---------+

    + Detail: 
        * Instance: 
        N/A

        * Loop: 
        N/A



================================================================
== Utilization Estimates
================================================================
* Summary: 
+-----------------+---------+-----+--------+-------+-----+
|       Name      | BRAM_18K| DSP |   FF   |  LUT  | URAM|
+-----------------+---------+-----+--------+-------+-----+
|DSP              |        -|   12|       -|      -|    -|
|Expression       |        -|    -|       0|   3406|    -|
|FIFO             |        -|    -|       -|      -|    -|
|Instance         |        -|    -|       -|      -|    -|
|Memory           |        1|    -|       0|      0|    0|
|Multiplexer      |        -|    -|       -|   2016|    -|
|Register         |        -|    -|    1435|      -|    -|
+-----------------+---------+-----+--------+-------+-----+
|Total            |        1|   12|    1435|   5422|    0|
+-----------------+---------+-----+--------+-------+-----+
|Available        |      280|  220|  106400|  53200|    0|
+-----------------+---------+-----+--------+-------+-----+
|Utilization (%)  |       ~0|    5|       1|     10|    0|
+-----------------+---------+-----+--------+-------+-----+

+ Detail: 
    * Instance: 
    N/A

    * DSP: 
    +----------------------------------------+------------------------------------+---------------------+
    |                Instance                |               Module               |      Expression     |
    +----------------------------------------+------------------------------------+---------------------+
    |am_addmul_8s_8s_5s_13_4_1_U2            |am_addmul_8s_8s_5s_13_4_1           |       (i0 + i1) * i2|
    |am_addmul_8s_8s_5s_13_4_1_U4            |am_addmul_8s_8s_5s_13_4_1           |       (i0 + i1) * i2|
    |am_addmul_8s_8s_5s_13_4_1_U6            |am_addmul_8s_8s_5s_13_4_1           |       (i0 + i1) * i2|
    |am_addmul_8s_8s_5s_13_4_1_U8            |am_addmul_8s_8s_5s_13_4_1           |       (i0 + i1) * i2|
    |am_addmul_8s_8s_5s_13_4_1_U10           |am_addmul_8s_8s_5s_13_4_1           |       (i0 + i1) * i2|
    |am_addmul_8s_8s_5s_13_4_1_U12           |am_addmul_8s_8s_5s_13_4_1           |       (i0 + i1) * i2|
    |ama_addmuladd_8s_8s_4ns_12s_14_4_1_U1   |ama_addmuladd_8s_8s_4ns_12s_14_4_1  |  i0 + (i1 + i2) * i3|
    |ama_addmuladd_8s_8s_4ns_12s_14_4_1_U3   |ama_addmuladd_8s_8s_4ns_12s_14_4_1  |  (i0 + i1) * i2 + i3|
    |ama_addmuladd_8s_8s_4ns_12s_14_4_1_U5   |ama_addmuladd_8s_8s_4ns_12s_14_4_1  |  i0 + (i1 + i2) * i3|
    |ama_addmuladd_8s_8s_4ns_12s_14_4_1_U7   |ama_addmuladd_8s_8s_4ns_12s_14_4_1  |  (i0 + i1) * i2 + i3|
    |ama_addmuladd_8s_8s_4ns_12s_14_4_1_U9   |ama_addmuladd_8s_8s_4ns_12s_14_4_1  |  i0 + (i1 + i2) * i3|
    |ama_addmuladd_8s_8s_4ns_12s_14_4_1_U11  |ama_addmuladd_8s_8s_4ns_12s_14_4_1  |  (i0 + i1) * i2 + i3|
    +----------------------------------------+------------------------------------+---------------------+

    * Memory: 
    +---------------+-------------+---------+---+----+-----+------+-----+------+-------------+
    |     Memory    |    Module   | BRAM_18K| FF| LUT| URAM| Words| Bits| Banks| W*Bits*Banks|
    +---------------+-------------+---------+---+----+-----+------+-----+------+-------------+
    |shift_reg_V_U  |shift_reg_V  |        1|  0|   0|    0|   128|    8|     1|         1024|
    +---------------+-------------+---------+---+----+-----+------+-----+------+-------------+
    |Total          |             |        1|  0|   0|    0|   128|    8|     1|         1024|
    +---------------+-------------+---------+---+----+-----+------+-----+------+-------------+

    * FIFO: 
    N/A

    * Expression: 
    +--------------------------+----------+----+---+----+------------+------------+
    |       Variable Name      | Operation| DSP| FF| LUT| Bitwidth P0| Bitwidth P1|
    +--------------------------+----------+----+---+----+------------+------------+
    |acc_V_2_fu_1462_p2        |         +|   0|  0|  14|          13|          13|
    |acc_V_fu_5021_p2          |         +|   0|  0|  26|          19|          19|
    |add_ln870_100_fu_4794_p2  |         +|   0|  0|  17|          14|          14|
    |add_ln870_101_fu_4800_p2  |         +|   0|  0|  14|          13|          13|
    |add_ln870_102_fu_4810_p2  |         +|   0|  0|  14|          13|          13|
    |add_ln870_103_fu_4820_p2  |         +|   0|  0|  17|          14|          14|
    |add_ln870_104_fu_4915_p2  |         +|   0|  0|  20|          15|          15|
    |add_ln870_105_fu_4925_p2  |         +|   0|  0|  23|          16|          16|
    |add_ln870_106_fu_4826_p2  |         +|   0|  0|  14|          13|          13|
    |add_ln870_107_fu_4836_p2  |         +|   0|  0|  14|          13|          13|
    |add_ln870_108_fu_4846_p2  |         +|   0|  0|  17|          14|          14|
    |add_ln870_109_fu_4852_p2  |         +|   0|  0|  14|          13|          13|
    |add_ln870_10_fu_1538_p2   |         +|   0|  0|  14|          13|          13|
    |add_ln870_110_fu_4862_p2  |         +|   0|  0|  14|          13|          13|
    |add_ln870_111_fu_4872_p2  |         +|   0|  0|  17|          14|          14|
    |add_ln870_112_fu_4937_p2  |         +|   0|  0|  20|          15|          15|
    |add_ln870_114_fu_4960_p2  |         +|   0|  0|  17|          14|          14|
    |add_ln870_115_fu_3772_p2  |         +|   0|  0|  12|          12|          12|
    |add_ln870_118_fu_4973_p2  |         +|   0|  0|  20|          15|          15|
    |add_ln870_119_fu_4983_p2  |         +|   0|  0|  23|          16|          16|
    |add_ln870_11_fu_1548_p2   |         +|   0|  0|  17|          14|          14|
    |add_ln870_120_fu_5001_p2  |         +|   0|  0|  24|          17|          17|
    |add_ln870_121_fu_5011_p2  |         +|   0|  0|  25|          18|          18|
    |add_ln870_12_fu_1558_p2   |         +|   0|  0|  14|          13|          13|
    |add_ln870_13_fu_1568_p2   |         +|   0|  0|  14|          13|          13|
    |add_ln870_14_fu_1578_p2   |         +|   0|  0|  17|          14|          14|
    |add_ln870_15_fu_1588_p2   |         +|   0|  0|  20|          15|          15|
    |add_ln870_16_fu_1705_p2   |         +|   0|  0|  23|          16|          16|
    |add_ln870_17_fu_1594_p2   |         +|   0|  0|  14|          13|          13|
    |add_ln870_18_fu_1604_p2   |         +|   0|  0|  14|          13|          13|
    |add_ln870_19_fu_1614_p2   |         +|   0|  0|  17|          14|          14|
    |add_ln870_1_fu_1452_p2    |         +|   0|  0|  12|          12|          12|
    |add_ln870_20_fu_1624_p2   |         +|   0|  0|  14|          13|          13|
    |add_ln870_21_fu_1634_p2   |         +|   0|  0|  14|          13|          13|
    |add_ln870_22_fu_1644_p2   |         +|   0|  0|  17|          14|          14|
    |add_ln870_23_fu_1654_p2   |         +|   0|  0|  20|          15|          15|
    |add_ln870_25_fu_634_p2    |         +|   0|  0|  12|          12|          12|
    |add_ln870_28_fu_1676_p2   |         +|   0|  0|  17|          14|          14|
    |add_ln870_29_fu_1686_p2   |         +|   0|  0|  20|          15|          15|
    |add_ln870_30_fu_1721_p2   |         +|   0|  0|  23|          16|          16|
    |add_ln870_31_fu_1731_p2   |         +|   0|  0|  24|          17|          17|
    |add_ln870_32_fu_2210_p2   |         +|   0|  0|  14|          13|          13|
    |add_ln870_33_fu_2220_p2   |         +|   0|  0|  14|          13|          13|
    |add_ln870_34_fu_2230_p2   |         +|   0|  0|  17|          14|          14|
    |add_ln870_35_fu_2236_p2   |         +|   0|  0|  14|          13|          13|
    |add_ln870_36_fu_2246_p2   |         +|   0|  0|  14|          13|          13|
    |add_ln870_37_fu_2256_p2   |         +|   0|  0|  17|          14|          14|
    |add_ln870_38_fu_2573_p2   |         +|   0|  0|  20|          15|          15|
    |add_ln870_3_fu_1472_p2    |         +|   0|  0|  14|          13|          13|
    |add_ln870_40_fu_1832_p2   |         +|   0|  0|  17|          14|          14|
    |add_ln870_41_fu_1774_p2   |         +|   0|  0|  12|          12|          12|
    |add_ln870_44_fu_1845_p2   |         +|   0|  0|  20|          15|          15|
    |add_ln870_45_fu_2586_p2   |         +|   0|  0|  23|          16|          16|
    |add_ln870_46_fu_2592_p2   |         +|   0|  0|  14|          13|          13|
    |add_ln870_47_fu_2602_p2   |         +|   0|  0|  14|          13|          13|
    |add_ln870_48_fu_2612_p2   |         +|   0|  0|  17|          14|          14|
    |add_ln870_49_fu_2622_p2   |         +|   0|  0|  14|          13|          13|
    |add_ln870_4_fu_1482_p2    |         +|   0|  0|  17|          14|          14|
    |add_ln870_50_fu_2632_p2   |         +|   0|  0|  14|          13|          13|
    |add_ln870_51_fu_2642_p2   |         +|   0|  0|  17|          14|          14|
    |add_ln870_52_fu_2652_p2   |         +|   0|  0|  20|          15|          15|
    |add_ln870_54_fu_2262_p2   |         +|   0|  0|  12|          12|          12|
    |add_ln870_57_fu_2674_p2   |         +|   0|  0|  17|          14|          14|
    |add_ln870_58_fu_2684_p2   |         +|   0|  0|  20|          15|          15|
    |add_ln870_59_fu_2709_p2   |         +|   0|  0|  23|          16|          16|
    |add_ln870_5_fu_1492_p2    |         +|   0|  0|  14|          13|          13|
    |add_ln870_60_fu_2719_p2   |         +|   0|  0|  24|          17|          17|
    |add_ln870_61_fu_2729_p2   |         +|   0|  0|  25|          18|          18|
    |add_ln870_62_fu_3520_p2   |         +|   0|  0|  14|          13|          13|
    |add_ln870_63_fu_3530_p2   |         +|   0|  0|  14|          13|          13|
    |add_ln870_64_fu_3540_p2   |         +|   0|  0|  17|          14|          14|
    |add_ln870_65_fu_3546_p2   |         +|   0|  0|  14|          13|          13|
    |add_ln870_66_fu_3556_p2   |         +|   0|  0|  14|          13|          13|
    |add_ln870_67_fu_3566_p2   |         +|   0|  0|  17|          14|          14|
    |add_ln870_68_fu_3676_p2   |         +|   0|  0|  20|          15|          15|
    |add_ln870_6_fu_1502_p2    |         +|   0|  0|  14|          13|          13|
    |add_ln870_70_fu_2837_p2   |         +|   0|  0|  17|          14|          14|
    |add_ln870_71_fu_2779_p2   |         +|   0|  0|  12|          12|          12|
    |add_ln870_74_fu_2850_p2   |         +|   0|  0|  20|          15|          15|
    |add_ln870_75_fu_3689_p2   |         +|   0|  0|  23|          16|          16|
    |add_ln870_76_fu_3572_p2   |         +|   0|  0|  14|          13|          13|
    |add_ln870_77_fu_3582_p2   |         +|   0|  0|  14|          13|          13|
    |add_ln870_78_fu_3592_p2   |         +|   0|  0|  17|          14|          14|
    |add_ln870_79_fu_3602_p2   |         +|   0|  0|  14|          13|          13|
    |add_ln870_7_fu_1512_p2    |         +|   0|  0|  17|          14|          14|
    |add_ln870_80_fu_3612_p2   |         +|   0|  0|  14|          13|          13|
    |add_ln870_81_fu_3622_p2   |         +|   0|  0|  17|          14|          14|
    |add_ln870_82_fu_3632_p2   |         +|   0|  0|  20|          15|          15|
    |add_ln870_84_fu_2905_p2   |         +|   0|  0|  12|          12|          12|
    |add_ln870_87_fu_3654_p2   |         +|   0|  0|  17|          14|          14|
    |add_ln870_88_fu_3664_p2   |         +|   0|  0|  20|          15|          15|
    |add_ln870_89_fu_3705_p2   |         +|   0|  0|  23|          16|          16|
    |add_ln870_8_fu_1522_p2    |         +|   0|  0|  20|          15|          15|
    |add_ln870_90_fu_3715_p2   |         +|   0|  0|  24|          17|          17|
    |add_ln870_91_fu_4722_p2   |         +|   0|  0|  14|          13|          13|
    |add_ln870_92_fu_4732_p2   |         +|   0|  0|  14|          13|          13|
    |add_ln870_93_fu_4742_p2   |         +|   0|  0|  17|          14|          14|
    |add_ln870_94_fu_4748_p2   |         +|   0|  0|  14|          13|          13|
    |add_ln870_95_fu_4758_p2   |         +|   0|  0|  14|          13|          13|
    |add_ln870_96_fu_4768_p2   |         +|   0|  0|  17|          14|          14|
    |add_ln870_97_fu_4899_p2   |         +|   0|  0|  20|          15|          15|
    |add_ln870_98_fu_4774_p2   |         +|   0|  0|  14|          13|          13|
    |add_ln870_99_fu_4784_p2   |         +|   0|  0|  14|          13|          13|
    |add_ln870_9_fu_1528_p2    |         +|   0|  0|  14|          13|          13|
    |add_ln870_fu_1442_p2      |         +|   0|  0|  12|          12|          12|
    |ret_10_fu_1012_p2         |         +|   0|  0|  12|          12|          12|
    |ret_11_fu_1044_p2         |         +|   0|  0|  12|          12|          12|
    |ret_12_fu_1076_p2         |         +|   0|  0|  12|          12|          12|
    |ret_13_fu_1108_p2         |         +|   0|  0|  12|          12|          12|
    |ret_14_fu_1140_p2         |         +|   0|  0|  12|          12|          12|
    |ret_15_fu_1172_p2         |         +|   0|  0|  12|          12|          12|
    |ret_16_fu_1204_p2         |         +|   0|  0|  12|          12|          12|
    |ret_17_fu_1236_p2         |         +|   0|  0|  12|          12|          12|
    |ret_18_fu_1268_p2         |         +|   0|  0|  12|          12|          12|
    |ret_19_fu_1300_p2         |         +|   0|  0|  12|          12|          12|
    |ret_1_fu_724_p2           |         +|   0|  0|  12|          12|          12|
    |ret_20_fu_1332_p2         |         +|   0|  0|  12|          12|          12|
    |ret_21_fu_1366_p2         |         +|   0|  0|  12|          12|          12|
    |ret_2_fu_756_p2           |         +|   0|  0|  12|          12|          12|
    |ret_36_fu_2294_p2         |         +|   0|  0|  12|          12|          12|
    |ret_37_fu_2326_p2         |         +|   0|  0|  12|          12|          12|
    |ret_38_fu_2358_p2         |         +|   0|  0|  12|          12|          12|
    |ret_39_fu_2390_p2         |         +|   0|  0|  12|          12|          12|
    |ret_3_fu_788_p2           |         +|   0|  0|  12|          12|          12|
    |ret_40_fu_2422_p2         |         +|   0|  0|  12|          12|          12|
    |ret_41_fu_2456_p2         |         +|   0|  0|  12|          12|          12|
    |ret_42_fu_2488_p2         |         +|   0|  0|  12|          12|          12|
    |ret_43_fu_2522_p2         |         +|   0|  0|  12|          12|          12|
    |ret_4_fu_820_p2           |         +|   0|  0|  12|          12|          12|
    |ret_58_fu_3247_p2         |         +|   0|  0|  12|          12|          12|
    |ret_59_fu_3279_p2         |         +|   0|  0|  12|          12|          12|
    |ret_5_fu_852_p2           |         +|   0|  0|  12|          12|          12|
    |ret_60_fu_3311_p2         |         +|   0|  0|  12|          12|          12|
    |ret_61_fu_3343_p2         |         +|   0|  0|  12|          12|          12|
    |ret_62_fu_3375_p2         |         +|   0|  0|  12|          12|          12|
    |ret_63_fu_3409_p2         |         +|   0|  0|  12|          12|          12|
    |ret_64_fu_3441_p2         |         +|   0|  0|  12|          12|          12|
    |ret_65_fu_3475_p2         |         +|   0|  0|  12|          12|          12|
    |ret_6_fu_884_p2           |         +|   0|  0|  12|          12|          12|
    |ret_7_fu_916_p2           |         +|   0|  0|  12|          12|          12|
    |ret_8_fu_948_p2           |         +|   0|  0|  12|          12|          12|
    |ret_9_fu_980_p2           |         +|   0|  0|  12|          12|          12|
    |ret_fu_692_p2             |         +|   0|  0|  12|          12|          12|
    |ret_23_fu_624_p2          |         -|   0|  0|  12|          11|          11|
    |ret_24_fu_1392_p2         |         -|   0|  0|  12|          11|          11|
    |ret_25_fu_1893_p2         |         -|   0|  0|  12|          12|          12|
    |ret_26_fu_1931_p2         |         -|   0|  0|  12|          12|          12|
    |ret_27_fu_1969_p2         |         -|   0|  0|  12|          12|          12|
    |ret_28_fu_2009_p2         |         -|   0|  0|  12|          12|          12|
    |ret_29_fu_2047_p2         |         -|   0|  0|  12|          12|          12|
    |ret_30_fu_2087_p2         |         -|   0|  0|  12|          12|          12|
    |ret_31_fu_2125_p2         |         -|   0|  0|  12|          12|          12|
    |ret_32_fu_2165_p2         |         -|   0|  0|  12|          12|          12|
    |ret_33_fu_1809_p2         |         -|   0|  0|  12|          11|          11|
    |ret_34_fu_1753_p2         |         -|   0|  0|  12|          11|          11|
    |ret_45_fu_2200_p2         |         -|   0|  0|  12|          11|          11|
    |ret_46_fu_2546_p2         |         -|   0|  0|  12|          11|          11|
    |ret_47_fu_2943_p2         |         -|   0|  0|  12|          12|          12|
    |ret_48_fu_2981_p2         |         -|   0|  0|  12|          12|          12|
    |ret_49_fu_3019_p2         |         -|   0|  0|  12|          12|          12|
    |ret_50_fu_3059_p2         |         -|   0|  0|  12|          12|          12|
    |ret_51_fu_3097_p2         |         -|   0|  0|  12|          12|          12|
    |ret_52_fu_3137_p2         |         -|   0|  0|  12|          12|          12|
    |ret_53_fu_3175_p2         |         -|   0|  0|  12|          12|          12|
    |ret_54_fu_3215_p2         |         -|   0|  0|  12|          12|          12|
    |ret_55_fu_2814_p2         |         -|   0|  0|  12|          11|          11|
    |ret_56_fu_2758_p2         |         -|   0|  0|  12|          11|          11|
    |ret_67_fu_2895_p2         |         -|   0|  0|  12|          11|          11|
    |ret_68_fu_3499_p2         |         -|   0|  0|  12|          11|          11|
    |ret_69_fu_3810_p2         |         -|   0|  0|  12|          12|          12|
    |ret_70_fu_3848_p2         |         -|   0|  0|  12|          12|          12|
    |ret_71_fu_3886_p2         |         -|   0|  0|  12|          12|          12|
    |ret_72_fu_3924_p2         |         -|   0|  0|  12|          12|          12|
    |ret_73_fu_3962_p2         |         -|   0|  0|  12|          12|          12|
    |ret_74_fu_4000_p2         |         -|   0|  0|  12|          12|          12|
    |ret_75_fu_4038_p2         |         -|   0|  0|  12|          12|          12|
    |ret_76_fu_4076_p2         |         -|   0|  0|  12|          12|          12|
    |ret_77_fu_4114_p2         |         -|   0|  0|  12|          12|          12|
    |ret_78_fu_4152_p2         |         -|   0|  0|  12|          12|          12|
    |ret_79_fu_4190_p2         |         -|   0|  0|  12|          12|          12|
    |ret_80_fu_4228_p2         |         -|   0|  0|  12|          12|          12|
    |ret_81_fu_4266_p2         |         -|   0|  0|  12|          12|          12|
    |ret_82_fu_4304_p2         |         -|   0|  0|  12|          12|          12|
    |ret_83_fu_4342_p2         |         -|   0|  0|  12|          12|          12|
    |ret_84_fu_4380_p2         |         -|   0|  0|  12|          12|          12|
    |ret_85_fu_4418_p2         |         -|   0|  0|  12|          12|          12|
    |ret_86_fu_4456_p2         |         -|   0|  0|  12|          12|          12|
    |ret_87_fu_4494_p2         |         -|   0|  0|  12|          12|          12|
    |ret_88_fu_4534_p2         |         -|   0|  0|  12|          12|          12|
    |ret_89_fu_4572_p2         |         -|   0|  0|  12|          12|          12|
    |ret_90_fu_4612_p2         |         -|   0|  0|  12|          12|          12|
    |ret_91_fu_4650_p2         |         -|   0|  0|  12|          12|          12|
    |ret_92_fu_4690_p2         |         -|   0|  0|  12|          12|          12|
    |ret_93_fu_4716_p2         |         -|   0|  0|  12|          11|          11|
    |ret_94_fu_3751_p2         |         -|   0|  0|  12|          11|          11|
    |sub_ln1524_10_fu_2069_p2  |         -|   0|  0|  12|           1|          12|
    |sub_ln1524_12_fu_2108_p2  |         -|   0|  0|  12|           1|          12|
    |sub_ln1524_14_fu_2147_p2  |         -|   0|  0|  12|           1|          12|
    |sub_ln1524_19_fu_2926_p2  |         -|   0|  0|  12|           1|          12|
    |sub_ln1524_21_fu_2964_p2  |         -|   0|  0|  12|           1|          12|
    |sub_ln1524_23_fu_3002_p2  |         -|   0|  0|  12|           1|          12|
    |sub_ln1524_25_fu_3041_p2  |         -|   0|  0|  12|           1|          12|
    |sub_ln1524_27_fu_3080_p2  |         -|   0|  0|  12|           1|          12|
    |sub_ln1524_29_fu_3119_p2  |         -|   0|  0|  12|           1|          12|
    |sub_ln1524_2_fu_1914_p2   |         -|   0|  0|  12|           1|          12|
    |sub_ln1524_31_fu_3158_p2  |         -|   0|  0|  12|           1|          12|
    |sub_ln1524_33_fu_3197_p2  |         -|   0|  0|  12|           1|          12|
    |sub_ln1524_37_fu_3793_p2  |         -|   0|  0|  12|           1|          12|
    |sub_ln1524_39_fu_3831_p2  |         -|   0|  0|  12|           1|          12|
    |sub_ln1524_41_fu_3869_p2  |         -|   0|  0|  12|           1|          12|
    |sub_ln1524_43_fu_3907_p2  |         -|   0|  0|  12|           1|          12|
    |sub_ln1524_45_fu_3945_p2  |         -|   0|  0|  12|           1|          12|
    |sub_ln1524_47_fu_3983_p2  |         -|   0|  0|  12|           1|          12|
    |sub_ln1524_49_fu_4021_p2  |         -|   0|  0|  12|           1|          12|
    |sub_ln1524_4_fu_1952_p2   |         -|   0|  0|  12|           1|          12|
    |sub_ln1524_51_fu_4059_p2  |         -|   0|  0|  12|           1|          12|
    |sub_ln1524_53_fu_4097_p2  |         -|   0|  0|  12|           1|          12|
    |sub_ln1524_55_fu_4135_p2  |         -|   0|  0|  12|           1|          12|
    |sub_ln1524_57_fu_4173_p2  |         -|   0|  0|  12|           1|          12|
    |sub_ln1524_59_fu_4211_p2  |         -|   0|  0|  12|           1|          12|
    |sub_ln1524_61_fu_4249_p2  |         -|   0|  0|  12|           1|          12|
    |sub_ln1524_63_fu_4287_p2  |         -|   0|  0|  12|           1|          12|
    |sub_ln1524_65_fu_4325_p2  |         -|   0|  0|  12|           1|          12|
    |sub_ln1524_67_fu_4363_p2  |         -|   0|  0|  12|           1|          12|
    |sub_ln1524_69_fu_4401_p2  |         -|   0|  0|  12|           1|          12|
    |sub_ln1524_6_fu_1991_p2   |         -|   0|  0|  12|           1|          12|
    |sub_ln1524_71_fu_4439_p2  |         -|   0|  0|  12|           1|          12|
    |sub_ln1524_73_fu_4477_p2  |         -|   0|  0|  12|           1|          12|
    |sub_ln1524_75_fu_4516_p2  |         -|   0|  0|  12|           1|          12|
    |sub_ln1524_77_fu_4555_p2  |         -|   0|  0|  12|           1|          12|
    |sub_ln1524_79_fu_4594_p2  |         -|   0|  0|  12|           1|          12|
    |sub_ln1524_81_fu_4633_p2  |         -|   0|  0|  12|           1|          12|
    |sub_ln1524_83_fu_4672_p2  |         -|   0|  0|  12|           1|          12|
    |sub_ln1524_8_fu_2030_p2   |         -|   0|  0|  12|           1|          12|
    |sub_ln1524_fu_1876_p2     |         -|   0|  0|  12|           1|          12|
    |sub_ln870_1_fu_1822_p2    |         -|   0|  0|  12|          12|          12|
    |sub_ln870_2_fu_2661_p2    |         -|   0|  0|  12|          12|          12|
    |sub_ln870_3_fu_2827_p2    |         -|   0|  0|  12|          12|          12|
    |sub_ln870_4_fu_3641_p2    |         -|   0|  0|  12|          12|          12|
    |sub_ln870_5_fu_4950_p2    |         -|   0|  0|  12|          12|          12|
    |sub_ln870_fu_1663_p2      |         -|   0|  0|  12|          12|          12|
    +--------------------------+----------+----+---+----+------------+------------+
    |Total                     |          |   0|  0|3406|        2651|        3091|
    +--------------------------+----------+----+---+----+------------+------------+

    * Multiplexer: 
    +----------------------+-----+-----------+-----+-----------+
    |         Name         | LUT | Input Size| Bits| Total Bits|
    +----------------------+-----+-----------+-----+-----------+
    |ap_NS_fsm             |  623|        121|    1|        121|
    |reg_481               |    9|          2|    8|         16|
    |reg_510               |    9|          2|    8|         16|
    |reg_533               |    9|          2|    8|         16|
    |reg_557               |    9|          2|    8|         16|
    |reg_574               |    9|          2|    8|         16|
    |shift_reg_V_address0  |  417|         82|    7|        574|
    |shift_reg_V_address1  |  409|         81|    7|        567|
    |shift_reg_V_d0        |  261|         61|    8|        488|
    |shift_reg_V_d1        |  261|         61|    8|        488|
    +----------------------+-----+-----------+-----+-----------+
    |Total                 | 2016|        416|   71|       2318|
    +----------------------+-----+-----------+-----+-----------+

    * Register: 
    +------------------------+-----+----+-----+-----------+
    |          Name          |  FF | LUT| Bits| Const Bits|
    +------------------------+-----+----+-----+-----------+
    |add_ln870_100_reg_5928  |   13|   0|   14|          1|
    |add_ln870_103_reg_5933  |   13|   0|   14|          1|
    |add_ln870_105_reg_5953  |   15|   0|   16|          1|
    |add_ln870_108_reg_5938  |   13|   0|   14|          1|
    |add_ln870_111_reg_5943  |   13|   0|   14|          1|
    |add_ln870_117_reg_5948  |   14|   0|   14|          0|
    |add_ln870_119_reg_5958  |   16|   0|   16|          0|
    |add_ln870_15_reg_5468   |   14|   0|   15|          1|
    |add_ln870_23_reg_5473   |   14|   0|   15|          1|
    |add_ln870_29_reg_5478   |   15|   0|   15|          0|
    |add_ln870_31_reg_5490   |   17|   0|   17|          0|
    |add_ln870_34_reg_5585   |   13|   0|   14|          1|
    |add_ln870_37_reg_5590   |   13|   0|   14|          1|
    |add_ln870_43_reg_5520   |   14|   0|   14|          0|
    |add_ln870_44_reg_5539   |   15|   0|   15|          0|
    |add_ln870_45_reg_5614   |   16|   0|   16|          0|
    |add_ln870_52_reg_5619   |   14|   0|   15|          1|
    |add_ln870_58_reg_5624   |   15|   0|   15|          0|
    |add_ln870_61_reg_5636   |   18|   0|   18|          0|
    |add_ln870_64_reg_5757   |   13|   0|   14|          1|
    |add_ln870_67_reg_5762   |   13|   0|   14|          1|
    |add_ln870_73_reg_5673   |   14|   0|   14|          0|
    |add_ln870_74_reg_5692   |   15|   0|   15|          0|
    |add_ln870_82_reg_5767   |   14|   0|   15|          1|
    |add_ln870_88_reg_5772   |   15|   0|   15|          0|
    |add_ln870_8_reg_5463    |   14|   0|   15|          1|
    |add_ln870_90_reg_5791   |   17|   0|   17|          0|
    |add_ln870_93_reg_5918   |   13|   0|   14|          1|
    |add_ln870_96_reg_5923   |   13|   0|   14|          1|
    |ap_CS_fsm               |  120|   0|  120|          0|
    |lhs_100_reg_5796        |    8|   0|    8|          0|
    |lhs_101_reg_5803        |    8|   0|    8|          0|
    |lhs_102_reg_5810        |    8|   0|    8|          0|
    |lhs_103_reg_5817        |    8|   0|    8|          0|
    |lhs_104_reg_5824        |    8|   0|    8|          0|
    |lhs_105_reg_5831        |    8|   0|    8|          0|
    |lhs_106_reg_5838        |    8|   0|    8|          0|
    |lhs_107_reg_5845        |    8|   0|    8|          0|
    |lhs_108_reg_5852        |    8|   0|    8|          0|
    |lhs_109_reg_5859        |    8|   0|    8|          0|
    |lhs_10_reg_5340         |    8|   0|    8|          0|
    |lhs_110_reg_5866        |    8|   0|    8|          0|
    |lhs_111_reg_5873        |    8|   0|    8|          0|
    |lhs_112_reg_5880        |    8|   0|    8|          0|
    |lhs_113_reg_5887        |    8|   0|    8|          0|
    |lhs_115_reg_5894        |    8|   0|    8|          0|
    |lhs_117_reg_5901        |    8|   0|    8|          0|
    |lhs_11_reg_5347         |    8|   0|    8|          0|
    |lhs_120_reg_5209        |    8|   0|    8|          0|
    |lhs_124_reg_5278        |    8|   0|    8|          0|
    |lhs_126_reg_5221        |    8|   0|    8|          0|
    |lhs_127_reg_5215        |    8|   0|    8|          0|
    |lhs_12_reg_5354         |    8|   0|    8|          0|
    |lhs_13_reg_5361         |    8|   0|    8|          0|
    |lhs_14_reg_5368         |    8|   0|    8|          0|
    |lhs_15_reg_5375         |    8|   0|    8|          0|
    |lhs_16_reg_5382         |    8|   0|    8|          0|
    |lhs_17_reg_5389         |    8|   0|    8|          0|
    |lhs_18_reg_5396         |    8|   0|    8|          0|
    |lhs_19_reg_5403         |    8|   0|    8|          0|
    |lhs_20_reg_5410         |    8|   0|    8|          0|
    |lhs_21_reg_5417         |    8|   0|    8|          0|
    |lhs_24_reg_5149         |    8|   0|    8|          0|
    |lhs_25_reg_5227         |    8|   0|    8|          0|
    |lhs_26_reg_5233         |    8|   0|    8|          0|
    |lhs_28_reg_5424         |    8|   0|    8|          0|
    |lhs_2_reg_5284          |    8|   0|    8|          0|
    |lhs_30_reg_5155         |    8|   0|    8|          0|
    |lhs_31_reg_5430         |    8|   0|    8|          0|
    |lhs_32_reg_5437         |    8|   0|    8|          0|
    |lhs_33_reg_5444         |    8|   0|    8|          0|
    |lhs_35_reg_5456         |    8|   0|    8|          0|
    |lhs_37_reg_5483         |    8|   0|    8|          0|
    |lhs_3_reg_5291          |    8|   0|    8|          0|
    |lhs_40_reg_5161         |    8|   0|    8|          0|
    |lhs_41_reg_5495         |    8|   0|    8|          0|
    |lhs_42_reg_5506         |    8|   0|    8|          0|
    |lhs_44_reg_5240         |    8|   0|    8|          0|
    |lhs_46_reg_5167         |    8|   0|    8|          0|
    |lhs_47_reg_5513         |    8|   0|    8|          0|
    |lhs_48_reg_5525         |    8|   0|    8|          0|
    |lhs_49_reg_5532         |    8|   0|    8|          0|
    |lhs_4_reg_5298          |    8|   0|    8|          0|
    |lhs_50_reg_5544         |    8|   0|    8|          0|
    |lhs_51_reg_5551         |    8|   0|    8|          0|
    |lhs_53_reg_5558         |    8|   0|    8|          0|
    |lhs_56_reg_5173         |    8|   0|    8|          0|
    |lhs_57_reg_5246         |    8|   0|    8|          0|
    |lhs_58_reg_5252         |    8|   0|    8|          0|
    |lhs_59_reg_5565         |    8|   0|    8|          0|
    |lhs_5_reg_5305          |    8|   0|    8|          0|
    |lhs_60_reg_5572         |    8|   0|    8|          0|
    |lhs_62_reg_5179         |    8|   0|    8|          0|
    |lhs_63_reg_5578         |    8|   0|    8|          0|
    |lhs_64_reg_5600         |    8|   0|    8|          0|
    |lhs_65_reg_5607         |    8|   0|    8|          0|
    |lhs_67_reg_5629         |    8|   0|    8|          0|
    |lhs_69_reg_5641         |    8|   0|    8|          0|
    |lhs_6_reg_5312          |    8|   0|    8|          0|
    |lhs_72_reg_5185         |    8|   0|    8|          0|
    |lhs_73_reg_5648         |    8|   0|    8|          0|
    |lhs_74_reg_5659         |    8|   0|    8|          0|
    |lhs_76_reg_5259         |    8|   0|    8|          0|
    |lhs_78_reg_5191         |    8|   0|    8|          0|
    |lhs_79_reg_5666         |    8|   0|    8|          0|
    |lhs_7_reg_5319          |    8|   0|    8|          0|
    |lhs_80_reg_5678         |    8|   0|    8|          0|
    |lhs_81_reg_5685         |    8|   0|    8|          0|
    |lhs_82_reg_5697         |    8|   0|    8|          0|
    |lhs_83_reg_5704         |    8|   0|    8|          0|
    |lhs_85_reg_5711         |    8|   0|    8|          0|
    |lhs_88_reg_5197         |    8|   0|    8|          0|
    |lhs_89_reg_5265         |    8|   0|    8|          0|
    |lhs_8_reg_5326          |    8|   0|    8|          0|
    |lhs_90_reg_5271         |    8|   0|    8|          0|
    |lhs_91_reg_5718         |    8|   0|    8|          0|
    |lhs_92_reg_5725         |    8|   0|    8|          0|
    |lhs_94_reg_5203         |    8|   0|    8|          0|
    |lhs_95_reg_5731         |    8|   0|    8|          0|
    |lhs_96_reg_5743         |    8|   0|    8|          0|
    |lhs_97_reg_5750         |    8|   0|    8|          0|
    |lhs_98_reg_5777         |    8|   0|    8|          0|
    |lhs_99_reg_5784         |    8|   0|    8|          0|
    |lhs_9_reg_5333          |    8|   0|    8|          0|
    |reg_481                 |    8|   0|    8|          0|
    |reg_487                 |    8|   0|    8|          0|
    |reg_493                 |    8|   0|    8|          0|
    |reg_498                 |    8|   0|    8|          0|
    |reg_504                 |    8|   0|    8|          0|
    |reg_510                 |    8|   0|    8|          0|
    |reg_516                 |    8|   0|    8|          0|
    |reg_522                 |    8|   0|    8|          0|
    |reg_528                 |    8|   0|    8|          0|
    |reg_533                 |    8|   0|    8|          0|
    |reg_540                 |    8|   0|    8|          0|
    |reg_545                 |    8|   0|    8|          0|
    |reg_551                 |    8|   0|    8|          0|
    |reg_557                 |    8|   0|    8|          0|
    |reg_563                 |    8|   0|    8|          0|
    |reg_569                 |    8|   0|    8|          0|
    |reg_574                 |    8|   0|    8|          0|
    |ret_93_reg_5913         |   11|   0|   11|          0|
    +------------------------+-----+----+-----+-----------+
    |Total                   | 1435|   0| 1451|         16|
    +------------------------+-----+----+-----+-----------+



================================================================
== Interface
================================================================
* Summary: 
+----------+-----+-----+------------+--------------+--------------+
| RTL Ports| Dir | Bits|  Protocol  | Source Object|    C Type    |
+----------+-----+-----+------------+--------------+--------------+
|ap_clk    |   in|    1|  ap_ctrl_hs|           fir|  return value|
|ap_rst    |   in|    1|  ap_ctrl_hs|           fir|  return value|
|ap_start  |   in|    1|  ap_ctrl_hs|           fir|  return value|
|ap_done   |  out|    1|  ap_ctrl_hs|           fir|  return value|
|ap_idle   |  out|    1|  ap_ctrl_hs|           fir|  return value|
|ap_ready  |  out|    1|  ap_ctrl_hs|           fir|  return value|
|y         |  out|   32|      ap_vld|             y|       pointer|
|y_ap_vld  |  out|    1|      ap_vld|             y|       pointer|
|x         |   in|   32|     ap_none|             x|        scalar|
+----------+-----+-----+------------+--------------+--------------+

