

================================================================
== Vitis HLS Report for 'cordiccart2pol'
================================================================
* Date:           Tue Oct 19 16:35:14 2021

* Version:        2021.1 (Build 3247384 on Thu Jun 10 19:36:33 MDT 2021)
* Project:        optimized2
* Solution:       solution1 (Vivado IP Flow Target)
* Product family: zynq
* Target device:  xc7z020-clg400-1


================================================================
== Performance Estimates
================================================================
+ Timing: 
    * Summary: 
    +--------+----------+----------+------------+
    |  Clock |  Target  | Estimated| Uncertainty|
    +--------+----------+----------+------------+
    |ap_clk  |  10.00 ns|  7.222 ns|     2.70 ns|
    +--------+----------+----------+------------+

+ Latency: 
    * Summary: 
    +---------+---------+----------+----------+-----+-----+---------+
    |  Latency (cycles) |  Latency (absolute) |  Interval | Pipeline|
    |   min   |   max   |    min   |    max   | min | max |   Type  |
    +---------+---------+----------+----------+-----+-----+---------+
    |       40|       40|  0.400 us|  0.400 us|   41|   41|       no|
    +---------+---------+----------+----------+-----+-----+---------+

    + Detail: 
        * Instance: 
        N/A

        * Loop: 
        +--------------------+---------+---------+----------+-----------+-----------+------+----------+
        |                    |  Latency (cycles) | Iteration|  Initiation Interval  | Trip |          |
        |      Loop Name     |   min   |   max   |  Latency |  achieved |   target  | Count| Pipelined|
        +--------------------+---------+---------+----------+-----------+-----------+------+----------+
        |- Calculation_Loop  |       19|       19|         7|          1|          1|    14|       yes|
        +--------------------+---------+---------+----------+-----------+-----------+------+----------+



================================================================
== Utilization Estimates
================================================================
* Summary: 
+-----------------+---------+-----+--------+-------+-----+
|       Name      | BRAM_18K| DSP |   FF   |  LUT  | URAM|
+-----------------+---------+-----+--------+-------+-----+
|DSP              |        -|    -|       -|      -|    -|
|Expression       |        -|    -|       0|   3890|    -|
|FIFO             |        -|    -|       -|      -|    -|
|Instance         |        -|   11|     342|    586|    -|
|Memory           |        0|    -|      32|     10|    -|
|Multiplexer      |        -|    -|       -|    219|    -|
|Register         |        -|    -|    1473|     64|    -|
+-----------------+---------+-----+--------+-------+-----+
|Total            |        0|   11|    1847|   4769|    0|
+-----------------+---------+-----+--------+-------+-----+
|Available        |      280|  220|  106400|  53200|    0|
+-----------------+---------+-----+--------+-------+-----+
|Utilization (%)  |        0|    5|       1|      8|    0|
+-----------------+---------+-----+--------+-------+-----+

+ Detail: 
    * Instance: 
    +----------------------------------+-------------------------------+---------+----+-----+-----+-----+
    |             Instance             |             Module            | BRAM_18K| DSP|  FF | LUT | URAM|
    +----------------------------------+-------------------------------+---------+----+-----+-----+-----+
    |dmul_64ns_64ns_64_7_max_dsp_1_U4  |dmul_64ns_64ns_64_7_max_dsp_1  |        0|  11|  342|  586|    0|
    |fpext_32ns_64_2_no_dsp_1_U2       |fpext_32ns_64_2_no_dsp_1       |        0|   0|    0|    0|    0|
    |fpext_32ns_64_2_no_dsp_1_U3       |fpext_32ns_64_2_no_dsp_1       |        0|   0|    0|    0|    0|
    |fptrunc_64ns_32_2_no_dsp_1_U1     |fptrunc_64ns_32_2_no_dsp_1     |        0|   0|    0|    0|    0|
    +----------------------------------+-------------------------------+---------+----+-----+-----+-----+
    |Total                             |                               |        0|  11|  342|  586|    0|
    +----------------------------------+-------------------------------+---------+----+-----+-----+-----+

    * DSP: 
    N/A

    * Memory: 
    +----------+--------+---------+----+----+-----+------+-----+------+-------------+
    |  Memory  | Module | BRAM_18K| FF | LUT| URAM| Words| Bits| Banks| W*Bits*Banks|
    +----------+--------+---------+----+----+-----+------+-----+------+-------------+
    |angles_U  |angles  |        0|  32|  10|    0|    20|   32|     1|          640|
    +----------+--------+---------+----+----+-----+------+-----+------+-------------+
    |Total     |        |        0|  32|  10|    0|    20|   32|     1|          640|
    +----------+--------+---------+----+----+-----+------+-----+------+-------------+

    * FIFO: 
    N/A

    * Expression: 
    +------------------------------+----------+----+---+-----+------------+------------+
    |         Variable Name        | Operation| DSP| FF| LUT | Bitwidth P0| Bitwidth P1|
    +------------------------------+----------+----+---+-----+------------+------------+
    |add_ln1002_1_fu_1499_p2       |         +|   0|  0|   24|          17|           6|
    |add_ln1002_fu_1402_p2         |         +|   0|  0|   23|          16|           6|
    |add_ln1011_1_fu_1599_p2       |         +|   0|  0|   39|          32|           6|
    |add_ln1011_fu_1532_p2         |         +|   0|  0|   39|          32|           6|
    |add_ln1017_1_fu_1722_p2       |         +|   0|  0|    8|           8|           8|
    |add_ln1017_fu_1678_p2         |         +|   0|  0|    8|           8|           8|
    |add_ln47_fu_826_p2            |         +|   0|  0|   13|           4|           1|
    |add_ln590_1_fu_464_p2         |         +|   0|  0|   12|          12|           5|
    |add_ln590_2_fu_986_p2         |         +|   0|  0|   12|          12|           5|
    |add_ln590_fu_362_p2           |         +|   0|  0|   12|          12|           5|
    |lsb_index_1_fu_1432_p2        |         +|   0|  0|   39|          32|           6|
    |lsb_index_fu_1335_p2          |         +|   0|  0|   39|          32|           6|
    |m_3_fu_1572_p2                |         +|   0|  0|   71|          64|          64|
    |m_6_fu_1639_p2                |         +|   0|  0|   71|          64|          64|
    |y0_V_3_fu_896_p2              |         +|   0|  0|   23|          16|          16|
    |F2_1_fu_452_p2                |         -|   0|  0|   12|          11|          12|
    |F2_2_fu_974_p2                |         -|   0|  0|   12|          11|          12|
    |F2_fu_350_p2                  |         -|   0|  0|   12|          11|          12|
    |man_V_1_fu_337_p2             |         -|   0|  0|   61|           1|          54|
    |man_V_4_fu_439_p2             |         -|   0|  0|   61|           1|          54|
    |man_V_7_fu_961_p2             |         -|   0|  0|   61|           1|          54|
    |offset_V_1_fu_1180_p2         |         -|   0|  0|   24|          17|          17|
    |sub_ln1000_1_fu_1453_p2       |         -|   0|  0|   13|           4|           5|
    |sub_ln1000_fu_1356_p2         |         -|   0|  0|   13|           4|           5|
    |sub_ln1012_1_fu_1614_p2       |         -|   0|  0|   39|           5|          32|
    |sub_ln1012_fu_1547_p2         |         -|   0|  0|   39|           5|          32|
    |sub_ln1017_1_fu_1717_p2       |         -|   0|  0|    8|           2|           8|
    |sub_ln1017_fu_1673_p2         |         -|   0|  0|    8|           2|           8|
    |sub_ln590_1_fu_470_p2         |         -|   0|  0|   12|           4|          12|
    |sub_ln590_2_fu_992_p2         |         -|   0|  0|   12|           4|          12|
    |sub_ln590_fu_368_p2           |         -|   0|  0|   12|           4|          12|
    |sub_ln712_1_fu_880_p2         |         -|   0|  0|   23|           1|          16|
    |sub_ln712_3_fu_1169_p2        |         -|   0|  0|   24|           1|          17|
    |sub_ln712_fu_869_p2           |         -|   0|  0|   23|           1|          16|
    |sub_ln997_1_fu_1317_p2        |         -|   0|  0|   39|           5|          32|
    |sub_ln997_fu_1245_p2          |         -|   0|  0|   39|           5|          32|
    |tmp_V_2_fu_1277_p2            |         -|   0|  0|   24|           1|          17|
    |tmp_V_fu_1205_p2              |         -|   0|  0|   23|           1|          16|
    |x0_V_4_fu_743_p2              |         -|   0|  0|   23|           1|          16|
    |x0_V_5_fu_891_p2              |         -|   0|  0|   23|          16|          16|
    |y0_V_fu_727_p2                |         -|   0|  0|   23|           1|          16|
    |and_ln23_fu_721_p2            |       and|   0|  0|    2|           1|           1|
    |and_ln30_fu_737_p2            |       and|   0|  0|    2|           1|           1|
    |and_ln590_1_fu_521_p2         |       and|   0|  0|    2|           1|           1|
    |and_ln590_2_fu_1077_p2        |       and|   0|  0|    2|           1|           1|
    |and_ln590_fu_419_p2           |       and|   0|  0|    2|           1|           1|
    |and_ln591_1_fu_597_p2         |       and|   0|  0|    2|           1|           1|
    |and_ln591_2_fu_1052_p2        |       and|   0|  0|    2|           1|           1|
    |and_ln591_fu_556_p2           |       and|   0|  0|    2|           1|           1|
    |and_ln594_1_fu_1137_p2        |       and|   0|  0|    2|           1|           1|
    |and_ln594_fu_1089_p2          |       and|   0|  0|    2|           1|           1|
    |and_ln612_fu_1115_p2          |       and|   0|  0|    2|           1|           1|
    |and_ln999_1_fu_1493_p2        |       and|   0|  0|    2|           1|           1|
    |and_ln999_fu_1396_p2          |       and|   0|  0|    2|           1|           1|
    |p_Result_14_fu_1468_p2        |       and|   0|  0|   17|          17|          17|
    |p_Result_8_fu_1371_p2         |       and|   0|  0|   16|          16|          16|
    |tobool34_i_i52733_fu_1426_p2  |       and|   0|  0|    2|           1|           1|
    |tobool34_i_i747_fu_1523_p2    |       and|   0|  0|    2|           1|           1|
    |ashr_ln595_1_fu_663_p2        |      ashr|   0|  0|  161|          54|          54|
    |ashr_ln595_2_fu_1128_p2       |      ashr|   0|  0|  161|          54|          54|
    |ashr_ln595_fu_612_p2          |      ashr|   0|  0|  161|          54|          54|
    |r_1_fu_852_p2                 |      ashr|   0|  0|   35|          16|          16|
    |r_2_fu_858_p2                 |      ashr|   0|  0|   35|          16|          16|
    |icmp_ln1000_1_fu_1473_p2      |      icmp|   0|  0|   13|          17|           1|
    |icmp_ln1000_fu_1376_p2        |      icmp|   0|  0|   13|          16|           1|
    |icmp_ln1011_1_fu_1517_p2      |      icmp|   0|  0|   18|          32|           1|
    |icmp_ln1011_fu_1420_p2        |      icmp|   0|  0|   18|          32|           1|
    |icmp_ln1547_fu_716_p2         |      icmp|   0|  0|   13|          16|           1|
    |icmp_ln1550_1_fu_732_p2       |      icmp|   0|  0|   13|          16|           1|
    |icmp_ln1550_fu_711_p2         |      icmp|   0|  0|   13|          16|           1|
    |icmp_ln47_fu_820_p2           |      icmp|   0|  0|    9|           4|           3|
    |icmp_ln580_1_fu_317_p2        |      icmp|   0|  0|   28|          63|           1|
    |icmp_ln580_2_fu_941_p2        |      icmp|   0|  0|   28|          63|           1|
    |icmp_ln580_fu_281_p2          |      icmp|   0|  0|   28|          63|           1|
    |icmp_ln590_1_fu_458_p2        |      icmp|   0|  0|   12|          12|           4|
    |icmp_ln590_2_fu_980_p2        |      icmp|   0|  0|   12|          12|           4|
    |icmp_ln590_fu_356_p2          |      icmp|   0|  0|   12|          12|           4|
    |icmp_ln591_1_fu_484_p2        |      icmp|   0|  0|   12|          12|           4|
    |icmp_ln591_2_fu_1006_p2       |      icmp|   0|  0|   12|          12|           4|
    |icmp_ln591_fu_382_p2          |      icmp|   0|  0|   12|          12|           4|
    |icmp_ln594_1_fu_571_p2        |      icmp|   0|  0|   12|          12|           6|
    |icmp_ln594_2_fu_1016_p2       |      icmp|   0|  0|   12|          12|           6|
    |icmp_ln594_fu_530_p2          |      icmp|   0|  0|   12|          12|           6|
    |icmp_ln612_1_fu_504_p2        |      icmp|   0|  0|   11|           8|           1|
    |icmp_ln612_2_fu_1022_p2       |      icmp|   0|  0|   12|          12|           5|
    |icmp_ln612_fu_402_p2          |      icmp|   0|  0|   11|           8|           1|
    |icmp_ln988_1_fu_1263_p2       |      icmp|   0|  0|   13|          17|           1|
    |icmp_ln988_fu_1191_p2         |      icmp|   0|  0|   13|          16|           1|
    |icmp_ln999_1_fu_1447_p2       |      icmp|   0|  0|   17|          31|           1|
    |icmp_ln999_fu_1350_p2         |      icmp|   0|  0|   17|          31|           1|
    |lshr_ln1000_1_fu_1462_p2      |      lshr|   0|  0|   39|           2|          17|
    |lshr_ln1000_fu_1365_p2        |      lshr|   0|  0|   35|           2|          16|
    |lshr_ln1011_1_fu_1608_p2      |      lshr|   0|  0|  182|          64|          64|
    |lshr_ln1011_fu_1541_p2        |      lshr|   0|  0|  182|          64|          64|
    |a_1_fu_1511_p2                |        or|   0|  0|    2|           1|           1|
    |a_fu_1414_p2                  |        or|   0|  0|    2|           1|           1|
    |or_ln23_fu_784_p2             |        or|   0|  0|    2|           1|           1|
    |or_ln590_fu_1103_p2           |        or|   0|  0|    2|           1|           1|
    |or_ln591_1_fu_510_p2          |        or|   0|  0|    2|           1|           1|
    |or_ln591_2_fu_1066_p2         |        or|   0|  0|    2|           1|           1|
    |or_ln591_fu_408_p2            |        or|   0|  0|    2|           1|           1|
    |m_1_fu_1562_p3                |    select|   0|  0|   64|           1|          64|
    |m_5_fu_1629_p3                |    select|   0|  0|   64|           1|          64|
    |man_V_2_fu_343_p3             |    select|   0|  0|   54|           1|          54|
    |man_V_5_fu_445_p3             |    select|   0|  0|   54|           1|          54|
    |man_V_8_fu_967_p3             |    select|   0|  0|   54|           1|          54|
    |p_y_V_fu_704_p3               |    select|   0|  0|   16|           1|           1|
    |r                             |    select|   0|  0|   32|           1|           1|
    |select_ln23_1_fu_769_p3       |    select|   0|  0|   16|           1|          16|
    |select_ln23_2_fu_776_p3       |    select|   0|  0|   16|           1|          15|
    |select_ln23_3_fu_790_p3       |    select|   0|  0|   16|           1|          16|
    |select_ln23_fu_761_p3         |    select|   0|  0|   16|           1|          16|
    |select_ln30_1_fu_754_p3       |    select|   0|  0|   16|           1|          16|
    |select_ln30_fu_748_p3         |    select|   0|  0|   16|           1|          16|
    |select_ln580_fu_1162_p3       |    select|   0|  0|   17|           1|           1|
    |select_ln590_2_fu_698_p3      |    select|   0|  0|   16|           1|          16|
    |select_ln590_fu_647_p3        |    select|   0|  0|   16|           1|          16|
    |select_ln591_1_fu_602_p3      |    select|   0|  0|   16|           1|          16|
    |select_ln591_2_fu_1058_p3     |    select|   0|  0|   17|           1|          17|
    |select_ln591_fu_561_p3        |    select|   0|  0|   16|           1|          16|
    |select_ln594_1_fu_691_p3      |    select|   0|  0|   16|           1|          16|
    |select_ln594_2_fu_1095_p3     |    select|   0|  0|   17|           1|          17|
    |select_ln594_3_fu_1141_p3     |    select|   0|  0|   17|           1|          17|
    |select_ln594_fu_640_p3        |    select|   0|  0|   16|           1|          16|
    |select_ln597_1_fu_683_p3      |    select|   0|  0|    2|           1|           2|
    |select_ln597_2_fu_1039_p3     |    select|   0|  0|    2|           1|           2|
    |select_ln597_fu_632_p3        |    select|   0|  0|    2|           1|           2|
    |select_ln612_1_fu_585_p3      |    select|   0|  0|   16|           1|          16|
    |select_ln612_2_fu_1156_p3     |    select|   0|  0|   17|           1|          17|
    |select_ln612_fu_544_p3        |    select|   0|  0|   16|           1|          16|
    |select_ln712_fu_1174_p3       |    select|   0|  0|   17|           1|          17|
    |select_ln996_1_fu_1710_p3     |    select|   0|  0|    7|           1|           7|
    |select_ln996_fu_1666_p3       |    select|   0|  0|    7|           1|           7|
    |sh_amt_1_fu_476_p3            |    select|   0|  0|   12|           1|          12|
    |sh_amt_2_fu_998_p3            |    select|   0|  0|   12|           1|          12|
    |sh_amt_fu_374_p3              |    select|   0|  0|   12|           1|          12|
    |theta                         |    select|   0|  0|   32|           1|           1|
    |tmp_V_4_fu_1211_p3            |    select|   0|  0|   16|           1|          16|
    |tmp_V_5_fu_1283_p3            |    select|   0|  0|   17|           1|          17|
    |x_shift_V_fu_874_p3           |    select|   0|  0|   16|           1|          16|
    |y0_V_4_fu_653_p3              |    select|   0|  0|   16|           1|           1|
    |y_shift_V_fu_885_p3           |    select|   0|  0|   16|           1|          16|
    |shl_ln1012_1_fu_1623_p2       |       shl|   0|  0|  182|          64|          64|
    |shl_ln1012_fu_1556_p2         |       shl|   0|  0|  182|          64|          64|
    |shl_ln613_1_fu_580_p2         |       shl|   0|  0|   35|          16|          16|
    |shl_ln613_2_fu_1151_p2        |       shl|   0|  0|   39|          17|          17|
    |shl_ln613_fu_539_p2           |       shl|   0|  0|   35|          16|          16|
    |ap_enable_pp0                 |       xor|   0|  0|    2|           1|           2|
    |ap_enable_reg_pp0_iter1       |       xor|   0|  0|    2|           2|           1|
    |xor_ln1002_1_fu_1487_p2       |       xor|   0|  0|    2|           1|           2|
    |xor_ln1002_fu_1390_p2         |       xor|   0|  0|    2|           1|           2|
    |xor_ln580_1_fu_592_p2         |       xor|   0|  0|    2|           1|           2|
    |xor_ln580_2_fu_1047_p2        |       xor|   0|  0|    2|           1|           2|
    |xor_ln580_fu_551_p2           |       xor|   0|  0|    2|           1|           2|
    |xor_ln590_fu_1109_p2          |       xor|   0|  0|    2|           1|           2|
    |xor_ln591_1_fu_515_p2         |       xor|   0|  0|    2|           1|           2|
    |xor_ln591_2_fu_1071_p2        |       xor|   0|  0|    2|           1|           2|
    |xor_ln591_fu_413_p2           |       xor|   0|  0|    2|           1|           2|
    |xor_ln594_fu_1083_p2          |       xor|   0|  0|    2|           1|           2|
    +------------------------------+----------+----+---+-----+------------+------------+
    |Total                         |          |   0|  0| 3890|        1662|        2147|
    +------------------------------+----------+----+---+-----+------------+------------+

    * Multiplexer: 
    +------------------------------+-----+-----------+-----+-----------+
    |             Name             | LUT | Input Size| Bits| Total Bits|
    +------------------------------+-----+-----------+-----+-----------+
    |ap_NS_fsm                     |  113|         23|    1|         23|
    |ap_enable_reg_pp0_iter1       |    9|          2|    1|          2|
    |ap_enable_reg_pp0_iter6       |    9|          2|    1|          2|
    |ap_sig_allocacmp_x0_V_load_1  |    9|          2|   16|         32|
    |ap_sig_allocacmp_y0_V_1_load  |    9|          2|   16|         32|
    |grp_fu_226_p0                 |   20|          4|   32|        128|
    |grp_load_fu_240_p1            |   14|          3|   16|         48|
    |i_fu_180                      |    9|          2|    4|          8|
    |offset_V_fu_168               |    9|          2|   17|         34|
    |x0_V_fu_172                   |    9|          2|   16|         32|
    |y0_V_1_fu_176                 |    9|          2|   16|         32|
    +------------------------------+-----+-----------+-----+-----------+
    |Total                         |  219|         46|  136|        373|
    +------------------------------+-----+-----------+-----+-----------+

    * Register: 
    +--------------------------------------+----+----+-----+-----------+
    |                 Name                 | FF | LUT| Bits| Const Bits|
    +--------------------------------------+----+----+-----+-----------+
    |LD_2_reg_2204                         |  32|   0|   32|          0|
    |and_ln590_1_reg_1918                  |   1|   0|    1|          0|
    |and_ln590_2_reg_2055                  |   1|   0|    1|          0|
    |and_ln590_reg_1886                    |   1|   0|    1|          0|
    |and_ln612_reg_2065                    |   1|   0|    1|          0|
    |and_ln612_reg_2065_pp0_iter4_reg      |   1|   0|    1|          0|
    |angles_load_reg_2007                  |  32|   0|   32|          0|
    |angles_load_reg_2007_pp0_iter2_reg    |  32|   0|   32|          0|
    |ap_CS_fsm                             |  22|   0|   22|          0|
    |ap_enable_reg_pp0_iter0               |   1|   0|    1|          0|
    |ap_enable_reg_pp0_iter1               |   1|   0|    1|          0|
    |ap_enable_reg_pp0_iter2               |   1|   0|    1|          0|
    |ap_enable_reg_pp0_iter3               |   1|   0|    1|          0|
    |ap_enable_reg_pp0_iter4               |   1|   0|    1|          0|
    |ap_enable_reg_pp0_iter5               |   1|   0|    1|          0|
    |ap_enable_reg_pp0_iter6               |   1|   0|    1|          0|
    |exp_tmp_1_reg_1842                    |  11|   0|   11|          0|
    |exp_tmp_2_reg_2018                    |  11|   0|   11|          0|
    |exp_tmp_reg_1820                      |  11|   0|   11|          0|
    |i_fu_180                              |   4|   0|    4|          0|
    |icmp_ln1011_1_reg_2174                |   1|   0|    1|          0|
    |icmp_ln1011_reg_2164                  |   1|   0|    1|          0|
    |icmp_ln580_1_reg_1852                 |   1|   0|    1|          0|
    |icmp_ln580_2_reg_2028                 |   1|   0|    1|          0|
    |icmp_ln580_reg_1830                   |   1|   0|    1|          0|
    |icmp_ln591_1_reg_1902                 |   1|   0|    1|          0|
    |icmp_ln591_reg_1870                   |   1|   0|    1|          0|
    |icmp_ln594_1_reg_1943                 |   1|   0|    1|          0|
    |icmp_ln594_2_reg_2050                 |   1|   0|    1|          0|
    |icmp_ln594_reg_1928                   |   1|   0|    1|          0|
    |icmp_ln612_1_reg_1913                 |   1|   0|    1|          0|
    |icmp_ln612_reg_1881                   |   1|   0|    1|          0|
    |icmp_ln988_1_reg_2125                 |   1|   0|    1|          0|
    |icmp_ln988_reg_2086                   |   1|   0|    1|          0|
    |m_9_reg_2184                          |  63|   0|   63|          0|
    |m_reg_2194                            |  63|   0|   63|          0|
    |man_V_2_reg_1859                      |  54|   0|   54|          0|
    |man_V_5_reg_1891                      |  54|   0|   54|          0|
    |man_V_8_reg_2035                      |  54|   0|   54|          0|
    |offset_V_fu_168                       |  17|   0|   17|          0|
    |p_Result_16_reg_2199                  |   1|   0|    1|          0|
    |p_Result_20_reg_1815                  |   1|   0|    1|          0|
    |p_Result_22_reg_1837                  |   1|   0|    1|          0|
    |p_Result_24_reg_2013                  |   1|   0|    1|          0|
    |p_Result_26_reg_2091                  |   1|   0|    1|          0|
    |p_Result_29_reg_2130                  |   1|   0|    1|          0|
    |p_Result_9_reg_2189                   |   1|   0|    1|          0|
    |p_op_reg_2219                         |  64|   0|   64|          0|
    |p_y_V_reg_1961                        |  16|   0|   16|          0|
    |r_1_reg_1990                          |  16|   0|   16|          0|
    |r_2_reg_1996                          |  16|   0|   16|          0|
    |select_ln580_reg_2080                 |  17|   0|   17|          0|
    |select_ln591_1_reg_1948               |  16|   0|   16|          0|
    |select_ln591_reg_1933                 |  16|   0|   16|          0|
    |select_ln594_2_reg_2060               |  17|   0|   17|          0|
    |select_ln594_3_reg_2075               |  17|   0|   17|          0|
    |sext_ln590_1_reg_1938                 |  32|   0|   32|          0|
    |sext_ln590_2_reg_2070                 |  32|   0|   32|          0|
    |sext_ln590_reg_1923                   |  32|   0|   32|          0|
    |sh_amt_1_reg_1896                     |  12|   0|   12|          0|
    |sh_amt_2_reg_2040                     |  12|   0|   12|          0|
    |sh_amt_reg_1864                       |  12|   0|   12|          0|
    |sub_ln997_1_reg_2142                  |  32|   0|   32|          0|
    |sub_ln997_reg_2103                    |  32|   0|   32|          0|
    |tmp_18_reg_1983                       |   1|   0|    1|          0|
    |tmp_V_4_reg_2096                      |  16|   0|   16|          0|
    |tmp_V_5_reg_2135                      |  17|   0|   17|          0|
    |tmp_reg_2214                          |  64|   0|   64|          0|
    |tobool34_i_i52733_reg_2169            |   1|   0|    1|          0|
    |tobool34_i_i747_reg_2179              |   1|   0|    1|          0|
    |trunc_ln1000_1_reg_2154               |   5|   0|    5|          0|
    |trunc_ln1000_reg_2115                 |   5|   0|    5|          0|
    |trunc_ln574_1_reg_1847                |  52|   0|   52|          0|
    |trunc_ln574_2_reg_2023                |  52|   0|   52|          0|
    |trunc_ln574_reg_1825                  |  52|   0|   52|          0|
    |trunc_ln592_1_reg_1907                |  16|   0|   16|          0|
    |trunc_ln592_2_reg_2045                |  17|   0|   17|          0|
    |trunc_ln592_2_reg_2045_pp0_iter4_reg  |  17|   0|   17|          0|
    |trunc_ln592_reg_1875                  |  16|   0|   16|          0|
    |trunc_ln996_1_reg_2159                |   8|   0|    8|          0|
    |trunc_ln996_reg_2120                  |   8|   0|    8|          0|
    |trunc_ln997_1_reg_2149                |  17|   0|   17|          0|
    |trunc_ln997_reg_2110                  |  16|   0|   16|          0|
    |x0_V_fu_172                           |  16|   0|   16|          0|
    |x0_V_load_1_reg_1973                  |  16|   0|   16|          0|
    |y0_V_1_fu_176                         |  16|   0|   16|          0|
    |y0_V_1_load_reg_1978                  |  16|   0|   16|          0|
    |y0_V_4_reg_1953                       |  16|   0|   16|          0|
    |icmp_ln580_2_reg_2028                 |  64|  32|    1|          0|
    |tmp_18_reg_1983                       |  64|  32|    1|          0|
    +--------------------------------------+----+----+-----+-----------+
    |Total                                 |1473|  64| 1347|          0|
    +--------------------------------------+----+----+-----+-----------+



================================================================
== Interface
================================================================
* Summary: 
+--------------+-----+-----+------------+----------------+--------------+
|   RTL Ports  | Dir | Bits|  Protocol  |  Source Object |    C Type    |
+--------------+-----+-----+------------+----------------+--------------+
|ap_clk        |   in|    1|  ap_ctrl_hs|  cordiccart2pol|  return value|
|ap_rst        |   in|    1|  ap_ctrl_hs|  cordiccart2pol|  return value|
|ap_start      |   in|    1|  ap_ctrl_hs|  cordiccart2pol|  return value|
|ap_done       |  out|    1|  ap_ctrl_hs|  cordiccart2pol|  return value|
|ap_idle       |  out|    1|  ap_ctrl_hs|  cordiccart2pol|  return value|
|ap_ready      |  out|    1|  ap_ctrl_hs|  cordiccart2pol|  return value|
|x             |   in|   32|     ap_none|               x|        scalar|
|y             |   in|   32|     ap_none|               y|        scalar|
|r             |  out|   32|      ap_vld|               r|       pointer|
|r_ap_vld      |  out|    1|      ap_vld|               r|       pointer|
|theta         |  out|   32|      ap_vld|           theta|       pointer|
|theta_ap_vld  |  out|    1|      ap_vld|           theta|       pointer|
+--------------+-----+-----+------------+----------------+--------------+

