

================================================================
== Vitis HLS Report for 'cordiccart2pol'
================================================================
* Date:           Tue Oct 19 16:48:19 2021

* Version:        2021.1 (Build 3247384 on Thu Jun 10 19:36:33 MDT 2021)
* Project:        optimized3
* Solution:       solution1 (Vivado IP Flow Target)
* Product family: zynq
* Target device:  xc7z020-clg400-1


================================================================
== Performance Estimates
================================================================
+ Timing: 
    * Summary: 
    +--------+----------+----------+------------+
    |  Clock |  Target  | Estimated| Uncertainty|
    +--------+----------+----------+------------+
    |ap_clk  |  10.00 ns|  7.222 ns|     2.70 ns|
    +--------+----------+----------+------------+

+ Latency: 
    * Summary: 
    +---------+---------+----------+----------+-----+-----+---------+
    |  Latency (cycles) |  Latency (absolute) |  Interval | Pipeline|
    |   min   |   max   |    min   |    max   | min | max |   Type  |
    +---------+---------+----------+----------+-----+-----+---------+
    |       29|       29|  0.290 us|  0.290 us|    1|    1|      yes|
    +---------+---------+----------+----------+-----+-----+---------+

    + Detail: 
        * Instance: 
        N/A

        * Loop: 
        N/A



================================================================
== Utilization Estimates
================================================================
* Summary: 
+-----------------+---------+-----+--------+-------+-----+
|       Name      | BRAM_18K| DSP |   FF   |  LUT  | URAM|
+-----------------+---------+-----+--------+-------+-----+
|DSP              |        -|    -|       -|      -|    -|
|Expression       |        -|    -|       0|   4678|    -|
|FIFO             |        -|    -|       -|      -|    -|
|Instance         |        -|   11|     342|    586|    -|
|Memory           |        -|    -|       -|      -|    -|
|Multiplexer      |        -|    -|       -|      -|    -|
|Register         |        -|    -|    3120|    640|    -|
+-----------------+---------+-----+--------+-------+-----+
|Total            |        0|   11|    3462|   5904|    0|
+-----------------+---------+-----+--------+-------+-----+
|Available        |      280|  220|  106400|  53200|    0|
+-----------------+---------+-----+--------+-------+-----+
|Utilization (%)  |        0|    5|       3|     11|    0|
+-----------------+---------+-----+--------+-------+-----+

+ Detail: 
    * Instance: 
    +----------------------------------+-------------------------------+---------+----+-----+-----+-----+
    |             Instance             |             Module            | BRAM_18K| DSP|  FF | LUT | URAM|
    +----------------------------------+-------------------------------+---------+----+-----+-----+-----+
    |dmul_64ns_64ns_64_7_max_dsp_1_U5  |dmul_64ns_64ns_64_7_max_dsp_1  |        0|  11|  342|  586|    0|
    |fpext_32ns_64_2_no_dsp_1_U2       |fpext_32ns_64_2_no_dsp_1       |        0|   0|    0|    0|    0|
    |fpext_32ns_64_2_no_dsp_1_U3       |fpext_32ns_64_2_no_dsp_1       |        0|   0|    0|    0|    0|
    |fpext_32ns_64_2_no_dsp_1_U4       |fpext_32ns_64_2_no_dsp_1       |        0|   0|    0|    0|    0|
    |fptrunc_64ns_32_2_no_dsp_1_U1     |fptrunc_64ns_32_2_no_dsp_1     |        0|   0|    0|    0|    0|
    +----------------------------------+-------------------------------+---------+----+-----+-----+-----+
    |Total                             |                               |        0|  11|  342|  586|    0|
    +----------------------------------+-------------------------------+---------+----+-----+-----+-----+

    * DSP: 
    N/A

    * Memory: 
    N/A

    * FIFO: 
    N/A

    * Expression: 
    +------------------------------+----------+----+---+-----+------------+------------+
    |         Variable Name        | Operation| DSP| FF| LUT | Bitwidth P0| Bitwidth P1|
    +------------------------------+----------+----+---+-----+------------+------------+
    |add_ln1002_1_fu_2534_p2       |         +|   0|  0|   24|          17|           6|
    |add_ln1002_fu_2254_p2         |         +|   0|  0|   23|          16|           6|
    |add_ln1011_1_fu_2567_p2       |         +|   0|  0|   39|          32|           6|
    |add_ln1011_fu_2295_p2         |         +|   0|  0|   39|          32|           6|
    |add_ln1017_1_fu_2658_p2       |         +|   0|  0|    8|           8|           8|
    |add_ln1017_fu_2374_p2         |         +|   0|  0|    8|           8|           8|
    |add_ln590_1_fu_507_p2         |         +|   0|  0|   12|          12|           5|
    |add_ln590_fu_422_p2           |         +|   0|  0|   12|          12|           5|
    |add_ln712_10_fu_1736_p2       |         +|   0|  0|   23|          16|          16|
    |add_ln712_11_fu_1831_p2       |         +|   0|  0|   23|          16|          16|
    |add_ln712_12_fu_1922_p2       |         +|   0|  0|   23|          16|          16|
    |add_ln712_13_fu_1980_p2       |         +|   0|  0|    8|           6|           6|
    |add_ln712_14_fu_1986_p2       |         +|   0|  0|    8|           6|           6|
    |add_ln712_15_fu_2065_p2       |         +|   0|  0|   13|          10|          10|
    |add_ln712_16_fu_2071_p2       |         +|   0|  0|   14|           9|           9|
    |add_ln712_17_fu_2081_p2       |         +|   0|  0|    8|          10|          10|
    |add_ln712_18_fu_2087_p2       |         +|   0|  0|    8|          10|          10|
    |add_ln712_19_fu_1285_p2       |         +|   0|  0|    8|          16|          16|
    |add_ln712_1_fu_950_p2         |         +|   0|  0|   23|          16|          16|
    |add_ln712_20_fu_1291_p2       |         +|   0|  0|    8|          16|          15|
    |add_ln712_21_fu_1125_p2       |         +|   0|  0|   23|          16|          16|
    |add_ln712_22_fu_1304_p2       |         +|   0|  0|   24|          17|          17|
    |add_ln712_23_fu_2093_p2       |         +|   0|  0|    8|          14|          14|
    |add_ln712_24_fu_2099_p2       |         +|   0|  0|   12|          12|          12|
    |add_ln712_25_fu_2109_p2       |         +|   0|  0|    8|          14|          14|
    |add_ln712_26_fu_2181_p2       |         +|   0|  0|    8|          17|          17|
    |add_ln712_27_fu_2176_p2       |         +|   0|  0|    8|          17|          17|
    |add_ln712_2_fu_1056_p2        |         +|   0|  0|   23|          16|          16|
    |add_ln712_3_fu_1168_p2        |         +|   0|  0|   23|          16|          16|
    |add_ln712_4_fu_1251_p2        |         +|   0|  0|   23|          16|          16|
    |add_ln712_5_fu_1355_p2        |         +|   0|  0|   23|          16|          16|
    |add_ln712_6_fu_1432_p2        |         +|   0|  0|   23|          16|          16|
    |add_ln712_7_fu_1522_p2        |         +|   0|  0|   23|          16|          16|
    |add_ln712_8_fu_1593_p2        |         +|   0|  0|   23|          16|          16|
    |add_ln712_9_fu_1671_p2        |         +|   0|  0|   23|          16|          16|
    |add_ln712_fu_875_p2           |         +|   0|  0|   23|          16|          16|
    |lsb_index_1_fu_2467_p2        |         +|   0|  0|   39|          32|           6|
    |lsb_index_fu_2187_p2          |         +|   0|  0|   39|          32|           6|
    |m_3_fu_2335_p2                |         +|   0|  0|   71|          64|          64|
    |m_6_fu_2607_p2                |         +|   0|  0|   71|          64|          64|
    |F2_1_fu_495_p2                |         -|   0|  0|   12|          11|          12|
    |F2_fu_410_p2                  |         -|   0|  0|   12|          11|          12|
    |man_V_1_fu_397_p2             |         -|   0|  0|   61|           1|          54|
    |man_V_4_fu_482_p2             |         -|   0|  0|   61|           1|          54|
    |sub_ln1000_1_fu_2488_p2       |         -|   0|  0|   13|           4|           5|
    |sub_ln1000_fu_2208_p2         |         -|   0|  0|   13|           4|           5|
    |sub_ln1012_1_fu_2582_p2       |         -|   0|  0|   39|           5|          32|
    |sub_ln1012_fu_2310_p2         |         -|   0|  0|   39|           5|          32|
    |sub_ln1017_1_fu_2653_p2       |         -|   0|  0|    8|           2|           8|
    |sub_ln1017_fu_2369_p2         |         -|   0|  0|    8|           2|           8|
    |sub_ln590_1_fu_513_p2         |         -|   0|  0|   12|           4|          12|
    |sub_ln590_fu_428_p2           |         -|   0|  0|   12|           4|          12|
    |sub_ln712_10_fu_1103_p2       |         -|   0|  0|   17|           1|          14|
    |sub_ln712_11_fu_1163_p2       |         -|   0|  0|   23|          16|          16|
    |sub_ln712_12_fu_1195_p2       |         -|   0|  0|   14|           1|          13|
    |sub_ln712_13_fu_1227_p2       |         -|   0|  0|   14|           1|          13|
    |sub_ln712_14_fu_1245_p2       |         -|   0|  0|   23|          16|          16|
    |sub_ln712_15_fu_1313_p2       |         -|   0|  0|   12|           1|          12|
    |sub_ln712_16_fu_1333_p2       |         -|   0|  0|   12|           1|          12|
    |sub_ln712_17_fu_1350_p2       |         -|   0|  0|   23|          16|          16|
    |sub_ln712_18_fu_1401_p2       |         -|   0|  0|   12|           1|          11|
    |sub_ln712_19_fu_1392_p2       |         -|   0|  0|   12|           1|          11|
    |sub_ln712_1_fu_846_p2         |         -|   0|  0|   23|           1|          16|
    |sub_ln712_20_fu_1427_p2       |         -|   0|  0|   23|          16|          16|
    |sub_ln712_21_fu_1459_p2       |         -|   0|  0|   13|           1|          10|
    |sub_ln712_22_fu_1491_p2       |         -|   0|  0|   13|           1|          10|
    |sub_ln712_23_fu_1497_p2       |         -|   0|  0|   23|          16|          16|
    |sub_ln712_24_fu_1549_p2       |         -|   0|  0|   14|           1|           9|
    |sub_ln712_25_fu_1570_p2       |         -|   0|  0|   14|           1|           9|
    |sub_ln712_26_fu_1588_p2       |         -|   0|  0|   23|          16|          16|
    |sub_ln712_27_fu_1621_p2       |         -|   0|  0|   15|           1|           8|
    |sub_ln712_28_fu_1649_p2       |         -|   0|  0|   15|           1|           8|
    |sub_ln712_29_fu_1666_p2       |         -|   0|  0|   23|          16|          16|
    |sub_ln712_2_fu_870_p2         |         -|   0|  0|   23|          16|          16|
    |sub_ln712_30_fu_1698_p2       |         -|   0|  0|   14|           1|           7|
    |sub_ln712_31_fu_1718_p2       |         -|   0|  0|   14|           1|           7|
    |sub_ln712_32_fu_1769_p2       |         -|   0|  0|   23|          16|          16|
    |sub_ln712_33_fu_1777_p2       |         -|   0|  0|   14|           1|           6|
    |sub_ln712_34_fu_1808_p2       |         -|   0|  0|   14|           1|           6|
    |sub_ln712_35_fu_1825_p2       |         -|   0|  0|   23|          16|          16|
    |sub_ln712_36_fu_1891_p2       |         -|   0|  0|   13|           1|           5|
    |sub_ln712_37_fu_1868_p2       |         -|   0|  0|   13|           1|           5|
    |sub_ln712_38_fu_1917_p2       |         -|   0|  0|   23|          16|          16|
    |sub_ln712_39_fu_1956_p2       |         -|   0|  0|   13|           1|           4|
    |sub_ln712_3_fu_902_p2         |         -|   0|  0|   23|           1|          16|
    |sub_ln712_40_fu_1974_p2       |         -|   0|  0|   23|          16|          16|
    |sub_ln712_4_fu_930_p2         |         -|   0|  0|   23|           1|          16|
    |sub_ln712_5_fu_944_p2         |         -|   0|  0|   23|          16|          16|
    |sub_ln712_6_fu_1014_p2        |         -|   0|  0|   20|           1|          15|
    |sub_ln712_7_fu_1034_p2        |         -|   0|  0|   20|           1|          15|
    |sub_ln712_8_fu_1051_p2        |         -|   0|  0|   23|          16|          16|
    |sub_ln712_9_fu_1083_p2        |         -|   0|  0|   17|           1|          14|
    |sub_ln712_fu_840_p2           |         -|   0|  0|   23|           1|          16|
    |sub_ln997_1_fu_2449_p2        |         -|   0|  0|   39|           5|          32|
    |sub_ln997_fu_2152_p2          |         -|   0|  0|   39|           5|          32|
    |tmp_V_2_fu_2412_p2            |         -|   0|  0|   24|           1|          17|
    |tmp_V_fu_2115_p2              |         -|   0|  0|   23|           1|          16|
    |x0_V_1_fu_799_p2              |         -|   0|  0|   23|           1|          16|
    |y0_V_fu_783_p2                |         -|   0|  0|   23|           1|          16|
    |and_ln23_fu_777_p2            |       and|   0|  0|    2|           1|           1|
    |and_ln30_fu_793_p2            |       and|   0|  0|    2|           1|           1|
    |and_ln590_1_fu_660_p2         |       and|   0|  0|    2|           1|           1|
    |and_ln590_fu_604_p2           |       and|   0|  0|    2|           1|           1|
    |and_ln591_1_fu_638_p2         |       and|   0|  0|    2|           1|           1|
    |and_ln591_fu_582_p2           |       and|   0|  0|    2|           1|           1|
    |and_ln999_1_fu_2528_p2        |       and|   0|  0|    2|           1|           1|
    |and_ln999_fu_2248_p2          |       and|   0|  0|    2|           1|           1|
    |p_Result_14_fu_2503_p2        |       and|   0|  0|   17|          17|          17|
    |p_Result_8_fu_2223_p2         |       and|   0|  0|   16|          16|          16|
    |tobool34_i_i52817_fu_2278_p2  |       and|   0|  0|    2|           1|           1|
    |tobool34_i_i831_fu_2558_p2    |       and|   0|  0|    2|           1|           1|
    |ashr_ln595_1_fu_719_p2        |      ashr|   0|  0|  161|          54|          54|
    |ashr_ln595_fu_668_p2          |      ashr|   0|  0|  161|          54|          54|
    |icmp_ln1000_1_fu_2508_p2      |      icmp|   0|  0|   13|          17|           1|
    |icmp_ln1000_fu_2228_p2        |      icmp|   0|  0|   13|          16|           1|
    |icmp_ln1011_1_fu_2552_p2      |      icmp|   0|  0|   18|          32|           1|
    |icmp_ln1011_fu_2272_p2        |      icmp|   0|  0|   18|          32|           1|
    |icmp_ln1547_fu_772_p2         |      icmp|   0|  0|   13|          16|           1|
    |icmp_ln1550_1_fu_788_p2       |      icmp|   0|  0|   13|          16|           1|
    |icmp_ln1550_fu_767_p2         |      icmp|   0|  0|   13|          16|           1|
    |icmp_ln580_1_fu_377_p2        |      icmp|   0|  0|   28|          63|           1|
    |icmp_ln580_fu_341_p2          |      icmp|   0|  0|   28|          63|           1|
    |icmp_ln590_1_fu_501_p2        |      icmp|   0|  0|   12|          12|           4|
    |icmp_ln590_fu_416_p2          |      icmp|   0|  0|   12|          12|           4|
    |icmp_ln591_1_fu_527_p2        |      icmp|   0|  0|   12|          12|           4|
    |icmp_ln591_fu_442_p2          |      icmp|   0|  0|   12|          12|           4|
    |icmp_ln594_1_fu_612_p2        |      icmp|   0|  0|   12|          12|           6|
    |icmp_ln594_fu_556_p2          |      icmp|   0|  0|   12|          12|           6|
    |icmp_ln612_1_fu_547_p2        |      icmp|   0|  0|   11|           8|           1|
    |icmp_ln612_fu_462_p2          |      icmp|   0|  0|   11|           8|           1|
    |icmp_ln988_1_fu_2407_p2       |      icmp|   0|  0|   13|          17|           1|
    |icmp_ln988_fu_1992_p2         |      icmp|   0|  0|   13|          16|          16|
    |icmp_ln999_1_fu_2482_p2       |      icmp|   0|  0|   17|          31|           1|
    |icmp_ln999_fu_2202_p2         |      icmp|   0|  0|   17|          31|           1|
    |lshr_ln1000_1_fu_2497_p2      |      lshr|   0|  0|   39|           2|          17|
    |lshr_ln1000_fu_2217_p2        |      lshr|   0|  0|   35|           2|          16|
    |lshr_ln1011_1_fu_2576_p2      |      lshr|   0|  0|  182|          64|          64|
    |lshr_ln1011_fu_2304_p2        |      lshr|   0|  0|  182|          64|          64|
    |a_1_fu_2546_p2                |        or|   0|  0|    2|           1|           1|
    |a_fu_2266_p2                  |        or|   0|  0|    2|           1|           1|
    |or_ln23_fu_999_p2             |        or|   0|  0|    2|           1|           1|
    |or_ln591_1_fu_650_p2          |        or|   0|  0|    2|           1|           1|
    |or_ln591_fu_594_p2            |        or|   0|  0|    2|           1|           1|
    |m_1_fu_2325_p3                |    select|   0|  0|   64|           1|          64|
    |m_5_fu_2597_p3                |    select|   0|  0|   64|           1|          64|
    |man_V_2_fu_403_p3             |    select|   0|  0|   54|           1|          54|
    |man_V_5_fu_488_p3             |    select|   0|  0|   54|           1|          54|
    |p_y_V_fu_760_p3               |    select|   0|  0|   16|           1|           1|
    |r                             |    select|   0|  0|   32|           1|           1|
    |select_ln1549_10_fu_1874_p3   |    select|   0|  0|    5|           1|           5|
    |select_ln1549_11_fu_1881_p3   |    select|   0|  0|    4|           1|           4|
    |select_ln1549_12_fu_1927_p3   |    select|   0|  0|    4|           1|           4|
    |select_ln1549_1_fu_1138_p3    |    select|   0|  0|   15|           1|          15|
    |select_ln1549_2_fu_2006_p3    |    select|   0|  0|   13|           1|          13|
    |select_ln1549_3_fu_1117_p3    |    select|   0|  0|   12|           1|          12|
    |select_ln1549_4_fu_2013_p3    |    select|   0|  0|   11|           1|          11|
    |select_ln1549_5_fu_2020_p3    |    select|   0|  0|   10|           1|          10|
    |select_ln1549_6_fu_2027_p3    |    select|   0|  0|    9|           1|           9|
    |select_ln1549_7_fu_2034_p3    |    select|   0|  0|    8|           1|           8|
    |select_ln1549_8_fu_2041_p3    |    select|   0|  0|    7|           1|           7|
    |select_ln1549_9_fu_2048_p3    |    select|   0|  0|    6|           1|           6|
    |select_ln1549_fu_1131_p3      |    select|   0|  0|   16|           1|          16|
    |select_ln23_1_fu_825_p3       |    select|   0|  0|   16|           1|          16|
    |select_ln23_2_fu_992_p3       |    select|   0|  0|   16|           1|          15|
    |select_ln23_3_fu_1003_p3      |    select|   0|  0|   16|           1|          16|
    |select_ln23_fu_817_p3         |    select|   0|  0|   16|           1|          16|
    |select_ln30_1_fu_810_p3       |    select|   0|  0|   16|           1|          16|
    |select_ln30_fu_804_p3         |    select|   0|  0|   16|           1|          16|
    |select_ln590_2_fu_754_p3      |    select|   0|  0|   16|           1|          16|
    |select_ln590_fu_703_p3        |    select|   0|  0|   16|           1|          16|
    |select_ln591_1_fu_643_p3      |    select|   0|  0|   16|           1|          16|
    |select_ln591_fu_587_p3        |    select|   0|  0|   16|           1|          16|
    |select_ln594_1_fu_747_p3      |    select|   0|  0|   16|           1|          16|
    |select_ln594_fu_696_p3        |    select|   0|  0|   16|           1|          16|
    |select_ln597_1_fu_739_p3      |    select|   0|  0|    2|           1|           2|
    |select_ln597_fu_688_p3        |    select|   0|  0|    2|           1|           2|
    |select_ln612_1_fu_626_p3      |    select|   0|  0|   16|           1|          16|
    |select_ln612_fu_570_p3        |    select|   0|  0|   16|           1|          16|
    |select_ln712_10_fu_1319_p3    |    select|   0|  0|   12|           1|          12|
    |select_ln712_11_fu_1339_p3    |    select|   0|  0|   12|           1|          12|
    |select_ln712_12_fu_1407_p3    |    select|   0|  0|   11|           1|          11|
    |select_ln712_13_fu_1418_p3    |    select|   0|  0|   11|           1|          11|
    |select_ln712_14_fu_1465_p3    |    select|   0|  0|   10|           1|          10|
    |select_ln712_15_fu_1513_p3    |    select|   0|  0|   10|           1|          10|
    |select_ln712_16_fu_1555_p3    |    select|   0|  0|    9|           1|           9|
    |select_ln712_17_fu_1576_p3    |    select|   0|  0|    9|           1|           9|
    |select_ln712_18_fu_1637_p3    |    select|   0|  0|    8|           1|           8|
    |select_ln712_19_fu_1655_p3    |    select|   0|  0|    8|           1|           8|
    |select_ln712_1_fu_865_p3      |    select|   0|  0|   16|           1|          16|
    |select_ln712_20_fu_1760_p3    |    select|   0|  0|    7|           1|           7|
    |select_ln712_21_fu_1724_p3    |    select|   0|  0|    7|           1|           7|
    |select_ln712_22_fu_1783_p3    |    select|   0|  0|    6|           1|           6|
    |select_ln712_23_fu_1814_p3    |    select|   0|  0|    6|           1|           6|
    |select_ln712_24_fu_1897_p3    |    select|   0|  0|    5|           1|           5|
    |select_ln712_25_fu_1908_p3    |    select|   0|  0|    5|           1|           5|
    |select_ln712_26_fu_1962_p3    |    select|   0|  0|    4|           1|           4|
    |select_ln712_27_fu_2055_p3    |    select|   0|  0|    3|           1|           3|
    |select_ln712_2_fu_908_p3      |    select|   0|  0|   16|           1|          16|
    |select_ln712_3_fu_936_p3      |    select|   0|  0|   16|           1|          16|
    |select_ln712_4_fu_1020_p3     |    select|   0|  0|   15|           1|          15|
    |select_ln712_5_fu_1040_p3     |    select|   0|  0|   15|           1|          15|
    |select_ln712_6_fu_1145_p3     |    select|   0|  0|   14|           1|          14|
    |select_ln712_7_fu_1154_p3     |    select|   0|  0|   14|           1|          14|
    |select_ln712_8_fu_1201_p3     |    select|   0|  0|   13|           1|          13|
    |select_ln712_9_fu_1233_p3     |    select|   0|  0|   13|           1|          13|
    |select_ln712_fu_860_p3        |    select|   0|  0|   16|           1|          16|
    |select_ln996_1_fu_2646_p3     |    select|   0|  0|    7|           1|           7|
    |select_ln996_fu_2362_p3       |    select|   0|  0|    7|           1|           7|
    |sh_amt_1_fu_519_p3            |    select|   0|  0|   12|           1|          12|
    |sh_amt_fu_434_p3              |    select|   0|  0|   12|           1|          12|
    |theta                         |    select|   0|  0|   32|           1|           1|
    |tmp_V_4_fu_2120_p3            |    select|   0|  0|   16|           1|          16|
    |tmp_V_5_fu_2417_p3            |    select|   0|  0|   17|           1|          17|
    |y0_V_2_fu_709_p3              |    select|   0|  0|   16|           1|           1|
    |shl_ln1012_1_fu_2591_p2       |       shl|   0|  0|  182|          64|          64|
    |shl_ln1012_fu_2319_p2         |       shl|   0|  0|  182|          64|          64|
    |shl_ln613_1_fu_621_p2         |       shl|   0|  0|   35|          16|          16|
    |shl_ln613_fu_565_p2           |       shl|   0|  0|   35|          16|          16|
    |ap_enable_pp0                 |       xor|   0|  0|    2|           1|           2|
    |xor_ln1002_1_fu_2522_p2       |       xor|   0|  0|    2|           1|           2|
    |xor_ln1002_fu_2242_p2         |       xor|   0|  0|    2|           1|           2|
    |xor_ln580_1_fu_633_p2         |       xor|   0|  0|    2|           1|           2|
    |xor_ln580_fu_577_p2           |       xor|   0|  0|    2|           1|           2|
    |xor_ln591_1_fu_654_p2         |       xor|   0|  0|    2|           1|           2|
    |xor_ln591_fu_598_p2           |       xor|   0|  0|    2|           1|           2|
    +------------------------------+----------+----+---+-----+------------+------------+
    |Total                         |          |   0|  0| 4678|        2026|        2972|
    +------------------------------+----------+----+---+-----+------------+------------+

    * Multiplexer: 
    N/A

    * Register: 
    +-------------------------------------+----+----+-----+-----------+
    |                 Name                | FF | LUT| Bits| Const Bits|
    +-------------------------------------+----+----+-----+-----------+
    |LD_2_reg_3297                        |  32|   0|   32|          0|
    |add_ln712_10_reg_3149                |  16|   0|   16|          0|
    |add_ln712_11_reg_3171                |  16|   0|   16|          0|
    |add_ln712_14_reg_3209                |   5|   0|    6|          1|
    |add_ln712_18_reg_3225                |   9|   0|   10|          1|
    |add_ln712_1_reg_2923                 |  16|   0|   16|          0|
    |add_ln712_21_reg_2986                |  16|   0|   16|          0|
    |add_ln712_22_reg_3023                |  17|   0|   17|          0|
    |add_ln712_25_reg_3230                |  13|   0|   14|          1|
    |add_ln712_26_reg_3264                |  17|   0|   17|          0|
    |add_ln712_2_reg_2955                 |  16|   0|   16|          0|
    |add_ln712_4_reg_3001                 |  16|   0|   16|          0|
    |add_ln712_5_reg_3033                 |  16|   0|   16|          0|
    |add_ln712_6_reg_3060                 |  16|   0|   16|          0|
    |add_ln712_8_reg_3101                 |  16|   0|   16|          0|
    |and_ln23_reg_2874                    |   1|   0|    1|          0|
    |and_ln23_reg_2874_pp0_iter6_reg      |   1|   0|    1|          0|
    |and_ln30_reg_2880                    |   1|   0|    1|          0|
    |and_ln30_reg_2880_pp0_iter6_reg      |   1|   0|    1|          0|
    |and_ln590_1_reg_2852                 |   1|   0|    1|          0|
    |and_ln590_reg_2832                   |   1|   0|    1|          0|
    |ap_CS_fsm                            |   1|   0|    1|          0|
    |ap_enable_reg_pp0_iter1              |   1|   0|    1|          0|
    |ap_enable_reg_pp0_iter10             |   1|   0|    1|          0|
    |ap_enable_reg_pp0_iter11             |   1|   0|    1|          0|
    |ap_enable_reg_pp0_iter12             |   1|   0|    1|          0|
    |ap_enable_reg_pp0_iter13             |   1|   0|    1|          0|
    |ap_enable_reg_pp0_iter14             |   1|   0|    1|          0|
    |ap_enable_reg_pp0_iter15             |   1|   0|    1|          0|
    |ap_enable_reg_pp0_iter16             |   1|   0|    1|          0|
    |ap_enable_reg_pp0_iter17             |   1|   0|    1|          0|
    |ap_enable_reg_pp0_iter18             |   1|   0|    1|          0|
    |ap_enable_reg_pp0_iter19             |   1|   0|    1|          0|
    |ap_enable_reg_pp0_iter2              |   1|   0|    1|          0|
    |ap_enable_reg_pp0_iter20             |   1|   0|    1|          0|
    |ap_enable_reg_pp0_iter21             |   1|   0|    1|          0|
    |ap_enable_reg_pp0_iter22             |   1|   0|    1|          0|
    |ap_enable_reg_pp0_iter23             |   1|   0|    1|          0|
    |ap_enable_reg_pp0_iter24             |   1|   0|    1|          0|
    |ap_enable_reg_pp0_iter25             |   1|   0|    1|          0|
    |ap_enable_reg_pp0_iter26             |   1|   0|    1|          0|
    |ap_enable_reg_pp0_iter27             |   1|   0|    1|          0|
    |ap_enable_reg_pp0_iter28             |   1|   0|    1|          0|
    |ap_enable_reg_pp0_iter29             |   1|   0|    1|          0|
    |ap_enable_reg_pp0_iter3              |   1|   0|    1|          0|
    |ap_enable_reg_pp0_iter4              |   1|   0|    1|          0|
    |ap_enable_reg_pp0_iter5              |   1|   0|    1|          0|
    |ap_enable_reg_pp0_iter6              |   1|   0|    1|          0|
    |ap_enable_reg_pp0_iter7              |   1|   0|    1|          0|
    |ap_enable_reg_pp0_iter8              |   1|   0|    1|          0|
    |ap_enable_reg_pp0_iter9              |   1|   0|    1|          0|
    |exp_tmp_1_reg_2734                   |  11|   0|   11|          0|
    |exp_tmp_reg_2712                     |  11|   0|   11|          0|
    |icmp_ln1011_1_reg_3351               |   1|   0|    1|          0|
    |icmp_ln1011_reg_3271                 |   1|   0|    1|          0|
    |icmp_ln580_1_reg_2744                |   1|   0|    1|          0|
    |icmp_ln580_reg_2722                  |   1|   0|    1|          0|
    |icmp_ln590_1_reg_2789                |   1|   0|    1|          0|
    |icmp_ln590_reg_2756                  |   1|   0|    1|          0|
    |icmp_ln591_1_reg_2800                |   1|   0|    1|          0|
    |icmp_ln591_reg_2767                  |   1|   0|    1|          0|
    |icmp_ln594_1_reg_2842                |   1|   0|    1|          0|
    |icmp_ln594_reg_2822                  |   1|   0|    1|          0|
    |icmp_ln612_1_reg_2812                |   1|   0|    1|          0|
    |icmp_ln612_reg_2779                  |   1|   0|    1|          0|
    |icmp_ln988_1_reg_3312                |   1|   0|    1|          0|
    |icmp_ln988_reg_3214                  |   1|   0|    1|          0|
    |m_9_reg_3287                         |  63|   0|   63|          0|
    |m_reg_3361                           |  63|   0|   63|          0|
    |man_V_2_reg_2751                     |  54|   0|   54|          0|
    |man_V_2_reg_2751_pp0_iter3_reg       |  54|   0|   54|          0|
    |man_V_5_reg_2784                     |  54|   0|   54|          0|
    |man_V_5_reg_2784_pp0_iter3_reg       |  54|   0|   54|          0|
    |p_Result_16_reg_3366                 |   1|   0|    1|          0|
    |p_Result_18_reg_2707                 |   1|   0|    1|          0|
    |p_Result_20_reg_2729                 |   1|   0|    1|          0|
    |p_Result_22_reg_3219                 |   1|   0|    1|          0|
    |p_Result_25_reg_3281                 |   1|   0|    1|          0|
    |p_Result_9_reg_3292                  |   1|   0|    1|          0|
    |p_op_reg_3346                        |  64|   0|   64|          0|
    |p_y_V_reg_2865                       |  16|   0|   16|          0|
    |select_ln23_1_reg_2891               |  16|   0|   16|          0|
    |select_ln23_reg_2885                 |  16|   0|   16|          0|
    |select_ln591_1_reg_2847              |  16|   0|   16|          0|
    |select_ln591_reg_2827                |  16|   0|   16|          0|
    |sext_ln590_1_reg_2837                |  32|   0|   32|          0|
    |sext_ln590_reg_2817                  |  32|   0|   32|          0|
    |sext_ln712_15_reg_3050               |  11|   0|   11|          0|
    |sext_ln712_18_reg_3071               |  10|   0|   10|          0|
    |sext_ln712_23_reg_3113               |   8|   0|    8|          0|
    |sext_ln712_26_reg_3139               |   7|   0|    7|          0|
    |sext_ln712_33_reg_3188               |   5|   0|    5|          0|
    |sext_ln712_5_reg_2966                |  14|   0|   14|          0|
    |sext_ln712_6_reg_2976                |  14|   0|   14|          0|
    |sh_amt_1_reg_2794                    |  12|   0|   12|          0|
    |sh_amt_reg_2761                      |  12|   0|   12|          0|
    |sub_ln712_10_reg_2981                |  14|   0|   14|          0|
    |sub_ln712_14_reg_2996                |  16|   0|   16|          0|
    |sub_ln712_17_reg_3028                |  16|   0|   16|          0|
    |sub_ln712_19_reg_3055                |  11|   0|   11|          0|
    |sub_ln712_1_reg_2908                 |  16|   0|   16|          0|
    |sub_ln712_22_reg_3076                |  10|   0|   10|          0|
    |sub_ln712_23_reg_3081                |  16|   0|   16|          0|
    |sub_ln712_26_reg_3096                |  16|   0|   16|          0|
    |sub_ln712_27_reg_3118                |   8|   0|    8|          0|
    |sub_ln712_29_reg_3128                |  16|   0|   16|          0|
    |sub_ln712_30_reg_3144                |   7|   0|    7|          0|
    |sub_ln712_35_reg_3166                |  16|   0|   16|          0|
    |sub_ln712_37_reg_3193                |   5|   0|    5|          0|
    |sub_ln712_40_reg_3203                |  16|   0|   16|          0|
    |sub_ln712_5_reg_2918                 |  16|   0|   16|          0|
    |sub_ln712_8_reg_2950                 |  16|   0|   16|          0|
    |sub_ln712_9_reg_2971                 |  14|   0|   14|          0|
    |sub_ln712_reg_2903                   |  16|   0|   16|          0|
    |sub_ln997_1_reg_3324                 |  32|   0|   32|          0|
    |sub_ln997_1_reg_3324_pp0_iter27_reg  |  32|   0|   32|          0|
    |sub_ln997_reg_3242                   |  32|   0|   32|          0|
    |sub_ln997_reg_3242_pp0_iter16_reg    |  32|   0|   32|          0|
    |tmp_10_reg_2897                      |   1|   0|    1|          0|
    |tmp_11_reg_2913                      |   1|   0|    1|          0|
    |tmp_13_reg_2928                      |   1|   0|    1|          0|
    |tmp_13_reg_2928_pp0_iter7_reg        |   1|   0|    1|          0|
    |tmp_14_reg_2933                      |   1|   0|    1|          0|
    |tmp_15_reg_2960                      |   1|   0|    1|          0|
    |tmp_17_reg_2991                      |   1|   0|    1|          0|
    |tmp_18_reg_3006                      |   1|   0|    1|          0|
    |tmp_19_reg_3038                      |   1|   0|    1|          0|
    |tmp_20_reg_3065                      |   1|   0|    1|          0|
    |tmp_21_reg_3091                      |   1|   0|    1|          0|
    |tmp_22_reg_3106                      |   1|   0|    1|          0|
    |tmp_23_reg_3133                      |   1|   0|    1|          0|
    |tmp_23_reg_3133_pp0_iter13_reg       |   1|   0|    1|          0|
    |tmp_24_reg_3154                      |   1|   0|    1|          0|
    |tmp_24_reg_3154_pp0_iter13_reg       |   1|   0|    1|          0|
    |tmp_25_reg_3176                      |   1|   0|    1|          0|
    |tmp_26_reg_3198                      |   1|   0|    1|          0|
    |tmp_V_4_reg_3235                     |  16|   0|   16|          0|
    |tmp_V_4_reg_3235_pp0_iter16_reg      |  16|   0|   16|          0|
    |tmp_V_5_reg_3317                     |  17|   0|   17|          0|
    |tmp_V_5_reg_3317_pp0_iter27_reg      |  17|   0|   17|          0|
    |tmp_reg_3307                         |  64|   0|   64|          0|
    |tobool34_i_i52817_reg_3276           |   1|   0|    1|          0|
    |tobool34_i_i831_reg_3356             |   1|   0|    1|          0|
    |trunc_ln1000_1_reg_3336              |   5|   0|    5|          0|
    |trunc_ln1000_reg_3254                |   5|   0|    5|          0|
    |trunc_ln1386_14_reg_3086             |   8|   0|    8|          0|
    |trunc_ln1386_16_reg_3123             |   7|   0|    7|          0|
    |trunc_ln1386_19_reg_3161             |   5|   0|    5|          0|
    |trunc_ln1386_21_reg_3183             |   4|   0|    4|          0|
    |trunc_ln1386_2_reg_2940              |  14|   0|   14|          0|
    |trunc_ln1386_3_reg_2945              |  14|   0|   14|          0|
    |trunc_ln1386_8_reg_3013              |  11|   0|   11|          0|
    |trunc_ln1386_9_reg_3018              |  11|   0|   11|          0|
    |trunc_ln1386_s_reg_3045              |  10|   0|   10|          0|
    |trunc_ln574_1_reg_2739               |  52|   0|   52|          0|
    |trunc_ln574_reg_2717                 |  52|   0|   52|          0|
    |trunc_ln592_1_reg_2806               |  16|   0|   16|          0|
    |trunc_ln592_reg_2773                 |  16|   0|   16|          0|
    |trunc_ln996_1_reg_3341               |   8|   0|    8|          0|
    |trunc_ln996_reg_3259                 |   8|   0|    8|          0|
    |trunc_ln997_1_reg_3331               |  17|   0|   17|          0|
    |trunc_ln997_reg_3249                 |  16|   0|   16|          0|
    |x_read_reg_2701                      |  32|   0|   32|          0|
    |y0_V_2_reg_2857                      |  16|   0|   16|          0|
    |y_read_reg_2695                      |  32|   0|   32|          0|
    |add_ln712_22_reg_3023                |  64|  32|   17|          0|
    |add_ln712_26_reg_3264                |  64|  32|   17|          0|
    |icmp_ln580_1_reg_2744                |  64|  32|    1|          0|
    |icmp_ln580_reg_2722                  |  64|  32|    1|          0|
    |icmp_ln988_1_reg_3312                |  64|  32|    1|          0|
    |icmp_ln988_reg_3214                  |  64|  32|    1|          0|
    |p_Result_22_reg_3219                 |  64|  32|    1|          0|
    |p_Result_25_reg_3281                 |  64|  32|    1|          0|
    |tmp_11_reg_2913                      |  64|  32|    1|          0|
    |tmp_14_reg_2933                      |  64|  32|    1|          0|
    |tmp_17_reg_2991                      |  64|  32|    1|          0|
    |tmp_18_reg_3006                      |  64|  32|    1|          0|
    |tmp_19_reg_3038                      |  64|  32|    1|          0|
    |tmp_20_reg_3065                      |  64|  32|    1|          0|
    |tmp_21_reg_3091                      |  64|  32|    1|          0|
    |tmp_22_reg_3106                      |  64|  32|    1|          0|
    |trunc_ln996_1_reg_3341               |  64|  32|    8|          0|
    |trunc_ln996_reg_3259                 |  64|  32|    8|          0|
    |x_read_reg_2701                      |  64|  32|   32|          0|
    |y_read_reg_2695                      |  64|  32|   32|          0|
    +-------------------------------------+----+----+-----+-----------+
    |Total                                |3120| 640| 1971|          3|
    +-------------------------------------+----+----+-----+-----------+



================================================================
== Interface
================================================================
* Summary: 
+--------------+-----+-----+------------+----------------+--------------+
|   RTL Ports  | Dir | Bits|  Protocol  |  Source Object |    C Type    |
+--------------+-----+-----+------------+----------------+--------------+
|ap_clk        |   in|    1|  ap_ctrl_hs|  cordiccart2pol|  return value|
|ap_rst        |   in|    1|  ap_ctrl_hs|  cordiccart2pol|  return value|
|ap_start      |   in|    1|  ap_ctrl_hs|  cordiccart2pol|  return value|
|ap_done       |  out|    1|  ap_ctrl_hs|  cordiccart2pol|  return value|
|ap_idle       |  out|    1|  ap_ctrl_hs|  cordiccart2pol|  return value|
|ap_ready      |  out|    1|  ap_ctrl_hs|  cordiccart2pol|  return value|
|x             |   in|   32|     ap_none|               x|        scalar|
|y             |   in|   32|     ap_none|               y|        scalar|
|r             |  out|   32|      ap_vld|               r|       pointer|
|r_ap_vld      |  out|    1|      ap_vld|               r|       pointer|
|theta         |  out|   32|      ap_vld|           theta|       pointer|
|theta_ap_vld  |  out|    1|      ap_vld|           theta|       pointer|
+--------------+-----+-----+------------+----------------+--------------+

