

================================================================
== Vitis HLS Report for 'cordiccart2pol'
================================================================
* Date:           Tue Oct 19 22:33:21 2021

* Version:        2021.1 (Build 3247384 on Thu Jun 10 19:36:33 MDT 2021)
* Project:        cordiccart2pol
* Solution:       solution2 (Vivado IP Flow Target)
* Product family: zynq
* Target device:  xc7z020-clg400-1


================================================================
== Performance Estimates
================================================================
+ Timing: 
    * Summary: 
    +--------+----------+----------+------------+
    |  Clock |  Target  | Estimated| Uncertainty|
    +--------+----------+----------+------------+
    |ap_clk  |  10.00 ns|  6.508 ns|     2.70 ns|
    +--------+----------+----------+------------+

+ Latency: 
    * Summary: 
    +---------+---------+-----------+-----------+-----+-----+---------+
    |  Latency (cycles) |   Latency (absolute)  |  Interval | Pipeline|
    |   min   |   max   |    min    |    max    | min | max |   Type  |
    +---------+---------+-----------+-----------+-----+-----+---------+
    |        2|        2|  20.000 ns|  20.000 ns|    3|    3|       no|
    +---------+---------+-----------+-----------+-----+-----+---------+

    + Detail: 
        * Instance: 
        N/A

        * Loop: 
        N/A



================================================================
== Utilization Estimates
================================================================
* Summary: 
+-----------------+---------+-----+--------+-------+-----+
|       Name      | BRAM_18K| DSP |   FF   |  LUT  | URAM|
+-----------------+---------+-----+--------+-------+-----+
|DSP              |        -|    -|       -|      -|    -|
|Expression       |        -|    -|       0|     40|    -|
|FIFO             |        -|    -|       -|      -|    -|
|Instance         |        -|    -|       -|      -|    -|
|Memory           |      128|    -|       0|      0|    0|
|Multiplexer      |        -|    -|       -|     48|    -|
|Register         |        -|    -|       3|      -|    -|
+-----------------+---------+-----+--------+-------+-----+
|Total            |      128|    0|       3|     88|    0|
+-----------------+---------+-----+--------+-------+-----+
|Available        |      280|  220|  106400|  53200|    0|
+-----------------+---------+-----+--------+-------+-----+
|Utilization (%)  |       45|    0|      ~0|     ~0|    0|
+-----------------+---------+-----+--------+-------+-----+

+ Detail: 
    * Instance: 
    N/A

    * DSP: 
    N/A

    * Memory: 
    +---------------+-------------+---------+---+----+-----+---------+-----+------+-------------+
    |     Memory    |    Module   | BRAM_18K| FF| LUT| URAM|  Words  | Bits| Banks| W*Bits*Banks|
    +---------------+-------------+---------+---+----+-----+---------+-----+------+-------------+
    |my_LUT_th_V_U  |my_LUT_th_V  |       64|  0|   0|    0|  1048576|    1|     1|      1048576|
    |my_LUT_r_V_U   |my_LUT_th_V  |       64|  0|   0|    0|  1048576|    1|     1|      1048576|
    +---------------+-------------+---------+---+----+-----+---------+-----+------+-------------+
    |Total          |             |      128|  0|   0|    0|  2097152|    2|     2|      2097152|
    +---------------+-------------+---------+---+----+-----+---------+-----+------+-------------+

    * FIFO: 
    N/A

    * Expression: 
    +--------------------------+----------+----+---+----+------------+------------+
    |       Variable Name      | Operation| DSP| FF| LUT| Bitwidth P0| Bitwidth P1|
    +--------------------------+----------+----+---+----+------------+------------+
    |and_ln795_1_fu_214_p2     |       and|   0|  0|   2|           1|           1|
    |and_ln795_fu_154_p2       |       and|   0|  0|   2|           1|           1|
    |overflow_1_fu_208_p2      |       and|   0|  0|   2|           1|           1|
    |overflow_fu_148_p2        |       and|   0|  0|   2|           1|           1|
    |or_ln340_1_fu_220_p2      |        or|   0|  0|   2|           1|           1|
    |or_ln340_fu_160_p2        |        or|   0|  0|   2|           1|           1|
    |select_ln340_1_fu_250_p3  |    select|   0|  0|  10|           1|          10|
    |select_ln340_fu_242_p3    |    select|   0|  0|  10|           1|          10|
    |xor_ln340_1_fu_236_p2     |       xor|   0|  0|   2|           1|           1|
    |xor_ln340_fu_176_p2       |       xor|   0|  0|   2|           1|           1|
    |xor_ln794_1_fu_202_p2     |       xor|   0|  0|   2|           1|           2|
    |xor_ln794_fu_142_p2       |       xor|   0|  0|   2|           1|           2|
    +--------------------------+----------+----+---+----+------------+------------+
    |Total                     |          |   0|  0|  40|          12|          32|
    +--------------------------+----------+----+---+----+------------+------------+

    * Multiplexer: 
    +----------------------+----+-----------+-----+-----------+
    |         Name         | LUT| Input Size| Bits| Total Bits|
    +----------------------+----+-----------+-----+-----------+
    |ap_NS_fsm             |  20|          4|    1|          4|
    |my_LUT_r_V_address0   |  14|          3|   20|         60|
    |my_LUT_th_V_address0  |  14|          3|   20|         60|
    +----------------------+----+-----------+-----+-----------+
    |Total                 |  48|         10|   41|        124|
    +----------------------+----+-----------+-----+-----------+

    * Register: 
    +-----------+---+----+-----+-----------+
    |    Name   | FF| LUT| Bits| Const Bits|
    +-----------+---+----+-----+-----------+
    |ap_CS_fsm  |  3|   0|    3|          0|
    +-----------+---+----+-----+-----------+
    |Total      |  3|   0|    3|          0|
    +-----------+---+----+-----+-----------+



================================================================
== Interface
================================================================
* Summary: 
+--------------+-----+-----+------------+----------------+--------------+
|   RTL Ports  | Dir | Bits|  Protocol  |  Source Object |    C Type    |
+--------------+-----+-----+------------+----------------+--------------+
|ap_clk        |   in|    1|  ap_ctrl_hs|  cordiccart2pol|  return value|
|ap_rst        |   in|    1|  ap_ctrl_hs|  cordiccart2pol|  return value|
|ap_start      |   in|    1|  ap_ctrl_hs|  cordiccart2pol|  return value|
|ap_done       |  out|    1|  ap_ctrl_hs|  cordiccart2pol|  return value|
|ap_idle       |  out|    1|  ap_ctrl_hs|  cordiccart2pol|  return value|
|ap_ready      |  out|    1|  ap_ctrl_hs|  cordiccart2pol|  return value|
|x             |   in|   11|     ap_none|               x|        scalar|
|y             |   in|   11|     ap_none|               y|        scalar|
|r             |  out|   11|      ap_vld|               r|       pointer|
|r_ap_vld      |  out|    1|      ap_vld|               r|       pointer|
|theta         |  out|   11|      ap_vld|           theta|       pointer|
|theta_ap_vld  |  out|    1|      ap_vld|           theta|       pointer|
+--------------+-----+-----+------------+----------------+--------------+

