

================================================================
== Vitis HLS Report for 'fir'
================================================================
* Date:           Tue Oct  5 16:01:18 2021

* Version:        2021.1 (Build 3247384 on Thu Jun 10 19:36:33 MDT 2021)
* Project:        baseline
* Solution:       solution_baseline (Vivado IP Flow Target)
* Product family: zynq
* Target device:  xc7z020-clg400-1


================================================================
== Performance Estimates
================================================================
+ Timing: 
    * Summary: 
    +--------+----------+----------+------------+
    |  Clock |  Target  | Estimated| Uncertainty|
    +--------+----------+----------+------------+
    |ap_clk  |  10.00 ns|  6.912 ns|     2.70 ns|
    +--------+----------+----------+------------+

+ Latency: 
    * Summary: 
    +---------+---------+----------+----------+-----+-----+---------+
    |  Latency (cycles) |  Latency (absolute) |  Interval | Pipeline|
    |   min   |   max   |    min   |    max   | min | max |   Type  |
    +---------+---------+----------+----------+-----+-----+---------+
    |      897|      897|  8.970 us|  8.970 us|  898|  898|       no|
    +---------+---------+----------+----------+-----+-----+---------+

    + Detail: 
        * Instance: 
        N/A

        * Loop: 
        +--------------------+---------+---------+----------+-----------+-----------+------+----------+
        |                    |  Latency (cycles) | Iteration|  Initiation Interval  | Trip |          |
        |      Loop Name     |   min   |   max   |  Latency |  achieved |   target  | Count| Pipelined|
        +--------------------+---------+---------+----------+-----------+-----------+------+----------+
        |- Shift_Accum_Loop  |      896|      896|         7|          -|          -|   128|        no|
        +--------------------+---------+---------+----------+-----------+-----------+------+----------+



================================================================
== Utilization Estimates
================================================================
* Summary: 
+-----------------+---------+-----+--------+-------+-----+
|       Name      | BRAM_18K| DSP |   FF   |  LUT  | URAM|
+-----------------+---------+-----+--------+-------+-----+
|DSP              |        -|    -|       -|      -|    -|
|Expression       |        -|    -|       0|     79|    -|
|FIFO             |        -|    -|       -|      -|    -|
|Instance         |        -|    1|     165|     50|    -|
|Memory           |        2|    -|       0|      0|    0|
|Multiplexer      |        -|    -|       -|    118|    -|
|Register         |        -|    -|     167|      -|    -|
+-----------------+---------+-----+--------+-------+-----+
|Total            |        2|    1|     332|    247|    0|
+-----------------+---------+-----+--------+-------+-----+
|Available        |      280|  220|  106400|  53200|    0|
+-----------------+---------+-----+--------+-------+-----+
|Utilization (%)  |       ~0|   ~0|      ~0|     ~0|    0|
+-----------------+---------+-----+--------+-------+-----+

+ Detail: 
    * Instance: 
    +----------------------+-------------------+---------+----+-----+----+-----+
    |       Instance       |       Module      | BRAM_18K| DSP|  FF | LUT| URAM|
    +----------------------+-------------------+---------+----+-----+----+-----+
    |mul_6s_32s_32_2_1_U1  |mul_6s_32s_32_2_1  |        0|   1|  165|  50|    0|
    +----------------------+-------------------+---------+----+-----+----+-----+
    |Total                 |                   |        0|   1|  165|  50|    0|
    +----------------------+-------------------+---------+----+-----+----+-----+

    * DSP: 
    N/A

    * Memory: 
    +-----------------+---------------+---------+---+----+-----+------+-----+------+-------------+
    |      Memory     |     Module    | BRAM_18K| FF| LUT| URAM| Words| Bits| Banks| W*Bits*Banks|
    +-----------------+---------------+---------+---+----+-----+------+-----+------+-------------+
    |fir_int_int_c_U  |fir_int_int_c  |        1|  0|   0|    0|   128|   32|     1|         4096|
    |shift_reg_U      |shift_reg      |        1|  0|   0|    0|   128|   32|     1|         4096|
    +-----------------+---------------+---------+---+----+-----+------+-----+------+-------------+
    |Total            |               |        2|  0|   0|    0|   256|   64|     2|         8192|
    +-----------------+---------------+---------+---+----+-----+------+-----+------+-------------+

    * FIFO: 
    N/A

    * Expression: 
    +---------------------+----------+----+---+----+------------+------------+
    |    Variable Name    | Operation| DSP| FF| LUT| Bitwidth P0| Bitwidth P1|
    +---------------------+----------+----+---+----+------------+------------+
    |acc_1_fu_202_p2      |         +|   0|  0|  39|          32|          32|
    |add_ln30_fu_182_p2   |         +|   0|  0|  15|           8|           2|
    |add_ln36_fu_171_p2   |         +|   0|  0|  14|           7|           2|
    |icmp_ln32_fu_165_p2  |      icmp|   0|  0|  11|           8|           1|
    +---------------------+----------+----+---+----+------------+------------+
    |Total                |          |   0|  0|  79|          55|          37|
    +---------------------+----------+----+---+----+------------+------------+

    * Multiplexer: 
    +--------------------------+----+-----------+-----+-----------+
    |           Name           | LUT| Input Size| Bits| Total Bits|
    +--------------------------+----+-----------+-----+-----------+
    |acc_fu_54                 |   9|          2|   32|         64|
    |ap_NS_fsm                 |  48|          9|    1|          9|
    |data_1_reg_122            |   9|          2|   32|         64|
    |i_fu_58                   |   9|          2|    8|         16|
    |idxprom6_pre_phi_reg_111  |   9|          2|    7|         14|
    |shift_reg_address0        |  20|          4|    7|         28|
    |shift_reg_d0              |  14|          3|   32|         96|
    +--------------------------+----+-----------+-----+-----------+
    |Total                     | 118|         24|  119|        291|
    +--------------------------+----+-----------+-----+-----------+

    * Register: 
    +----------------------------+----+----+-----+-----------+
    |            Name            | FF | LUT| Bits| Const Bits|
    +----------------------------+----+----+-----+-----------+
    |acc_fu_54                   |  32|   0|   32|          0|
    |ap_CS_fsm                   |   8|   0|    8|          0|
    |data_1_reg_122              |  32|   0|   32|          0|
    |fir_int_int_c_load_reg_267  |  32|   0|   32|          0|
    |i_fu_58                     |   8|   0|    8|          0|
    |icmp_ln32_reg_248           |   1|   0|    1|          0|
    |idxprom6_pre_phi_reg_111    |   7|   0|    7|          0|
    |mul_ln39_reg_272            |  32|   0|   32|          0|
    |trunc_ln30_reg_240          |   7|   0|    7|          0|
    |zext_ln30_reg_235           |   8|   0|   64|         56|
    +----------------------------+----+----+-----+-----------+
    |Total                       | 167|   0|  223|         56|
    +----------------------------+----+----+-----+-----------+



================================================================
== Interface
================================================================
* Summary: 
+----------+-----+-----+------------+--------------+--------------+
| RTL Ports| Dir | Bits|  Protocol  | Source Object|    C Type    |
+----------+-----+-----+------------+--------------+--------------+
|ap_clk    |   in|    1|  ap_ctrl_hs|           fir|  return value|
|ap_rst    |   in|    1|  ap_ctrl_hs|           fir|  return value|
|ap_start  |   in|    1|  ap_ctrl_hs|           fir|  return value|
|ap_done   |  out|    1|  ap_ctrl_hs|           fir|  return value|
|ap_idle   |  out|    1|  ap_ctrl_hs|           fir|  return value|
|ap_ready  |  out|    1|  ap_ctrl_hs|           fir|  return value|
|y         |  out|   32|      ap_vld|             y|       pointer|
|y_ap_vld  |  out|    1|      ap_vld|             y|       pointer|
|x         |   in|   32|     ap_none|             x|        scalar|
+----------+-----+-----+------------+--------------+--------------+

