

================================================================
== Vitis HLS Report for 'fir'
================================================================
* Date:           Tue Oct  5 21:45:40 2021

* Version:        2021.1 (Build 3247384 on Thu Jun 10 19:36:33 MDT 2021)
* Project:        best
* Solution:       solution1 (Vivado IP Flow Target)
* Product family: zynq
* Target device:  xc7z020-clg400-1


================================================================
== Performance Estimates
================================================================
+ Timing: 
    * Summary: 
    +--------+----------+----------+------------+
    |  Clock |  Target  | Estimated| Uncertainty|
    +--------+----------+----------+------------+
    |ap_clk  |  10.00 ns|  7.013 ns|     2.70 ns|
    +--------+----------+----------+------------+

+ Latency: 
    * Summary: 
    +---------+---------+-----------+-----------+-----+-----+---------+
    |  Latency (cycles) |   Latency (absolute)  |  Interval | Pipeline|
    |   min   |   max   |    min    |    max    | min | max |   Type  |
    +---------+---------+-----------+-----------+-----+-----+---------+
    |        4|        4|  40.000 ns|  40.000 ns|    1|    1|      yes|
    +---------+---------+-----------+-----------+-----+-----+---------+

    + Detail: 
        * Instance: 
        N/A

        * Loop: 
        N/A



================================================================
== Utilization Estimates
================================================================
* Summary: 
+-----------------+---------+-----+--------+-------+-----+
|       Name      | BRAM_18K| DSP |   FF   |  LUT  | URAM|
+-----------------+---------+-----+--------+-------+-----+
|DSP              |        -|   12|       -|      -|    -|
|Expression       |        -|    -|       0|   3408|    -|
|FIFO             |        -|    -|       -|      -|    -|
|Instance         |        -|    -|       -|      -|    -|
|Memory           |        -|    -|       -|      -|    -|
|Multiplexer      |        -|    -|       -|      -|    -|
|Register         |        -|    -|    2255|    288|    -|
+-----------------+---------+-----+--------+-------+-----+
|Total            |        0|   12|    2255|   3696|    0|
+-----------------+---------+-----+--------+-------+-----+
|Available        |      280|  220|  106400|  53200|    0|
+-----------------+---------+-----+--------+-------+-----+
|Utilization (%)  |        0|    5|       2|      6|    0|
+-----------------+---------+-----+--------+-------+-----+

+ Detail: 
    * Instance: 
    N/A

    * DSP: 
    +----------------------------------------+------------------------------------+---------------------+
    |                Instance                |               Module               |      Expression     |
    +----------------------------------------+------------------------------------+---------------------+
    |am_addmul_8s_8s_5s_13_4_1_U2            |am_addmul_8s_8s_5s_13_4_1           |       (i0 + i1) * i2|
    |am_addmul_8s_8s_5s_13_4_1_U3            |am_addmul_8s_8s_5s_13_4_1           |       (i0 + i1) * i2|
    |am_addmul_8s_8s_5s_13_4_1_U6            |am_addmul_8s_8s_5s_13_4_1           |       (i0 + i1) * i2|
    |am_addmul_8s_8s_5s_13_4_1_U7            |am_addmul_8s_8s_5s_13_4_1           |       (i0 + i1) * i2|
    |am_addmul_8s_8s_5s_13_4_1_U10           |am_addmul_8s_8s_5s_13_4_1           |       (i0 + i1) * i2|
    |am_addmul_8s_8s_5s_13_4_1_U11           |am_addmul_8s_8s_5s_13_4_1           |       (i0 + i1) * i2|
    |ama_addmuladd_8s_8s_4ns_12s_14_4_1_U1   |ama_addmuladd_8s_8s_4ns_12s_14_4_1  |  i0 + (i1 + i2) * i3|
    |ama_addmuladd_8s_8s_4ns_12s_14_4_1_U4   |ama_addmuladd_8s_8s_4ns_12s_14_4_1  |  (i0 + i1) * i2 + i3|
    |ama_addmuladd_8s_8s_4ns_12s_14_4_1_U5   |ama_addmuladd_8s_8s_4ns_12s_14_4_1  |  i0 + (i1 + i2) * i3|
    |ama_addmuladd_8s_8s_4ns_12s_14_4_1_U8   |ama_addmuladd_8s_8s_4ns_12s_14_4_1  |  (i0 + i1) * i2 + i3|
    |ama_addmuladd_8s_8s_4ns_12s_14_4_1_U9   |ama_addmuladd_8s_8s_4ns_12s_14_4_1  |  i0 + (i1 + i2) * i3|
    |ama_addmuladd_8s_8s_4ns_12s_14_4_1_U12  |ama_addmuladd_8s_8s_4ns_12s_14_4_1  |  (i0 + i1) * i2 + i3|
    +----------------------------------------+------------------------------------+---------------------+

    * Memory: 
    N/A

    * FIFO: 
    N/A

    * Expression: 
    +--------------------------+----------+----+---+----+------------+------------+
    |       Variable Name      | Operation| DSP| FF| LUT| Bitwidth P0| Bitwidth P1|
    +--------------------------+----------+----+---+----+------------+------------+
    |acc_V_2_fu_5630_p2        |         +|   0|  0|  14|          13|          13|
    |acc_V_fu_6170_p2          |         +|   0|  0|  26|          19|          19|
    |add_ln870_100_fu_4429_p2  |         +|   0|  0|  17|          14|          14|
    |add_ln870_101_fu_4435_p2  |         +|   0|  0|  14|          13|          13|
    |add_ln870_102_fu_4445_p2  |         +|   0|  0|  14|          13|          13|
    |add_ln870_103_fu_4455_p2  |         +|   0|  0|  17|          14|          14|
    |add_ln870_104_fu_4571_p2  |         +|   0|  0|  20|          15|          15|
    |add_ln870_105_fu_4581_p2  |         +|   0|  0|  23|          16|          16|
    |add_ln870_106_fu_4461_p2  |         +|   0|  0|  14|          13|          13|
    |add_ln870_107_fu_4471_p2  |         +|   0|  0|  14|          13|          13|
    |add_ln870_108_fu_4481_p2  |         +|   0|  0|  17|          14|          14|
    |add_ln870_109_fu_4487_p2  |         +|   0|  0|  14|          13|          13|
    |add_ln870_10_fu_5706_p2   |         +|   0|  0|  14|          13|          13|
    |add_ln870_110_fu_4497_p2  |         +|   0|  0|  14|          13|          13|
    |add_ln870_111_fu_4507_p2  |         +|   0|  0|  17|          14|          14|
    |add_ln870_112_fu_4593_p2  |         +|   0|  0|  20|          15|          15|
    |add_ln870_114_fu_6057_p2  |         +|   0|  0|  17|          14|          14|
    |add_ln870_115_fu_4519_p2  |         +|   0|  0|  12|          12|          12|
    |add_ln870_118_fu_6070_p2  |         +|   0|  0|  20|          15|          15|
    |add_ln870_119_fu_6080_p2  |         +|   0|  0|  23|          16|          16|
    |add_ln870_11_fu_5716_p2   |         +|   0|  0|  17|          14|          14|
    |add_ln870_120_fu_6150_p2  |         +|   0|  0|  24|          17|          17|
    |add_ln870_121_fu_6160_p2  |         +|   0|  0|  25|          18|          18|
    |add_ln870_12_fu_5726_p2   |         +|   0|  0|  14|          13|          13|
    |add_ln870_13_fu_5736_p2   |         +|   0|  0|  14|          13|          13|
    |add_ln870_14_fu_5746_p2   |         +|   0|  0|  17|          14|          14|
    |add_ln870_15_fu_5756_p2   |         +|   0|  0|  20|          15|          15|
    |add_ln870_16_fu_5852_p2   |         +|   0|  0|  23|          16|          16|
    |add_ln870_17_fu_5762_p2   |         +|   0|  0|  14|          13|          13|
    |add_ln870_18_fu_5772_p2   |         +|   0|  0|  14|          13|          13|
    |add_ln870_19_fu_5782_p2   |         +|   0|  0|  17|          14|          14|
    |add_ln870_1_fu_5620_p2    |         +|   0|  0|  12|          12|          12|
    |add_ln870_20_fu_5792_p2   |         +|   0|  0|  14|          13|          13|
    |add_ln870_21_fu_5802_p2   |         +|   0|  0|  14|          13|          13|
    |add_ln870_22_fu_5812_p2   |         +|   0|  0|  17|          14|          14|
    |add_ln870_23_fu_5822_p2   |         +|   0|  0|  20|          15|          15|
    |add_ln870_25_fu_4061_p2   |         +|   0|  0|  12|          12|          12|
    |add_ln870_28_fu_5870_p2   |         +|   0|  0|  17|          14|          14|
    |add_ln870_29_fu_5880_p2   |         +|   0|  0|  20|          15|          15|
    |add_ln870_30_fu_5890_p2   |         +|   0|  0|  23|          16|          16|
    |add_ln870_31_fu_6092_p2   |         +|   0|  0|  24|          17|          17|
    |add_ln870_32_fu_4073_p2   |         +|   0|  0|  14|          13|          13|
    |add_ln870_33_fu_4083_p2   |         +|   0|  0|  14|          13|          13|
    |add_ln870_34_fu_4093_p2   |         +|   0|  0|  17|          14|          14|
    |add_ln870_35_fu_4099_p2   |         +|   0|  0|  14|          13|          13|
    |add_ln870_36_fu_4109_p2   |         +|   0|  0|  14|          13|          13|
    |add_ln870_37_fu_4119_p2   |         +|   0|  0|  17|          14|          14|
    |add_ln870_38_fu_4531_p2   |         +|   0|  0|  20|          15|          15|
    |add_ln870_3_fu_5640_p2    |         +|   0|  0|  14|          13|          13|
    |add_ln870_40_fu_5905_p2   |         +|   0|  0|  17|          14|          14|
    |add_ln870_41_fu_4131_p2   |         +|   0|  0|  12|          12|          12|
    |add_ln870_44_fu_5918_p2   |         +|   0|  0|  20|          15|          15|
    |add_ln870_45_fu_5928_p2   |         +|   0|  0|  23|          16|          16|
    |add_ln870_46_fu_4137_p2   |         +|   0|  0|  14|          13|          13|
    |add_ln870_47_fu_4147_p2   |         +|   0|  0|  14|          13|          13|
    |add_ln870_48_fu_4157_p2   |         +|   0|  0|  17|          14|          14|
    |add_ln870_49_fu_4167_p2   |         +|   0|  0|  14|          13|          13|
    |add_ln870_4_fu_5650_p2    |         +|   0|  0|  17|          14|          14|
    |add_ln870_50_fu_4177_p2   |         +|   0|  0|  14|          13|          13|
    |add_ln870_51_fu_4187_p2   |         +|   0|  0|  17|          14|          14|
    |add_ln870_52_fu_4197_p2   |         +|   0|  0|  20|          15|          15|
    |add_ln870_54_fu_4203_p2   |         +|   0|  0|  12|          12|          12|
    |add_ln870_57_fu_5946_p2   |         +|   0|  0|  17|          14|          14|
    |add_ln870_58_fu_5956_p2   |         +|   0|  0|  20|          15|          15|
    |add_ln870_59_fu_5966_p2   |         +|   0|  0|  23|          16|          16|
    |add_ln870_5_fu_5660_p2    |         +|   0|  0|  14|          13|          13|
    |add_ln870_60_fu_6108_p2   |         +|   0|  0|  24|          17|          17|
    |add_ln870_61_fu_6118_p2   |         +|   0|  0|  25|          18|          18|
    |add_ln870_62_fu_4215_p2   |         +|   0|  0|  14|          13|          13|
    |add_ln870_63_fu_4225_p2   |         +|   0|  0|  14|          13|          13|
    |add_ln870_64_fu_4235_p2   |         +|   0|  0|  17|          14|          14|
    |add_ln870_65_fu_4241_p2   |         +|   0|  0|  14|          13|          13|
    |add_ln870_66_fu_4251_p2   |         +|   0|  0|  14|          13|          13|
    |add_ln870_67_fu_4261_p2   |         +|   0|  0|  17|          14|          14|
    |add_ln870_68_fu_4543_p2   |         +|   0|  0|  20|          15|          15|
    |add_ln870_6_fu_5670_p2    |         +|   0|  0|  14|          13|          13|
    |add_ln870_70_fu_5981_p2   |         +|   0|  0|  17|          14|          14|
    |add_ln870_71_fu_4273_p2   |         +|   0|  0|  12|          12|          12|
    |add_ln870_74_fu_5994_p2   |         +|   0|  0|  20|          15|          15|
    |add_ln870_75_fu_6004_p2   |         +|   0|  0|  23|          16|          16|
    |add_ln870_76_fu_4279_p2   |         +|   0|  0|  14|          13|          13|
    |add_ln870_77_fu_4289_p2   |         +|   0|  0|  14|          13|          13|
    |add_ln870_78_fu_4299_p2   |         +|   0|  0|  17|          14|          14|
    |add_ln870_79_fu_4309_p2   |         +|   0|  0|  14|          13|          13|
    |add_ln870_7_fu_5680_p2    |         +|   0|  0|  17|          14|          14|
    |add_ln870_80_fu_4319_p2   |         +|   0|  0|  14|          13|          13|
    |add_ln870_81_fu_4329_p2   |         +|   0|  0|  17|          14|          14|
    |add_ln870_82_fu_4339_p2   |         +|   0|  0|  20|          15|          15|
    |add_ln870_84_fu_4345_p2   |         +|   0|  0|  12|          12|          12|
    |add_ln870_87_fu_6022_p2   |         +|   0|  0|  17|          14|          14|
    |add_ln870_88_fu_6032_p2   |         +|   0|  0|  20|          15|          15|
    |add_ln870_89_fu_6042_p2   |         +|   0|  0|  23|          16|          16|
    |add_ln870_8_fu_5690_p2    |         +|   0|  0|  20|          15|          15|
    |add_ln870_90_fu_6134_p2   |         +|   0|  0|  24|          17|          17|
    |add_ln870_91_fu_4357_p2   |         +|   0|  0|  14|          13|          13|
    |add_ln870_92_fu_4367_p2   |         +|   0|  0|  14|          13|          13|
    |add_ln870_93_fu_4377_p2   |         +|   0|  0|  17|          14|          14|
    |add_ln870_94_fu_4383_p2   |         +|   0|  0|  14|          13|          13|
    |add_ln870_95_fu_4393_p2   |         +|   0|  0|  14|          13|          13|
    |add_ln870_96_fu_4403_p2   |         +|   0|  0|  17|          14|          14|
    |add_ln870_97_fu_4555_p2   |         +|   0|  0|  20|          15|          15|
    |add_ln870_98_fu_4409_p2   |         +|   0|  0|  14|          13|          13|
    |add_ln870_99_fu_4419_p2   |         +|   0|  0|  14|          13|          13|
    |add_ln870_9_fu_5696_p2    |         +|   0|  0|  14|          13|          13|
    |add_ln870_fu_5610_p2      |         +|   0|  0|  12|          12|          12|
    |ret_10_fu_5206_p2         |         +|   0|  0|  12|          12|          12|
    |ret_11_fu_5240_p2         |         +|   0|  0|  12|          12|          12|
    |ret_12_fu_5274_p2         |         +|   0|  0|  12|          12|          12|
    |ret_13_fu_5308_p2         |         +|   0|  0|  12|          12|          12|
    |ret_14_fu_5342_p2         |         +|   0|  0|  12|          12|          12|
    |ret_15_fu_5376_p2         |         +|   0|  0|  12|          12|          12|
    |ret_16_fu_5410_p2         |         +|   0|  0|  12|          12|          12|
    |ret_17_fu_5444_p2         |         +|   0|  0|  12|          12|          12|
    |ret_18_fu_5478_p2         |         +|   0|  0|  12|          12|          12|
    |ret_19_fu_5512_p2         |         +|   0|  0|  12|          12|          12|
    |ret_1_fu_4900_p2          |         +|   0|  0|  12|          12|          12|
    |ret_20_fu_5546_p2         |         +|   0|  0|  12|          12|          12|
    |ret_21_fu_5578_p2         |         +|   0|  0|  12|          12|          12|
    |ret_2_fu_4934_p2          |         +|   0|  0|  12|          12|          12|
    |ret_36_fu_1893_p2         |         +|   0|  0|  12|          12|          12|
    |ret_37_fu_1927_p2         |         +|   0|  0|  12|          12|          12|
    |ret_38_fu_1961_p2         |         +|   0|  0|  12|          12|          12|
    |ret_39_fu_1995_p2         |         +|   0|  0|  12|          12|          12|
    |ret_3_fu_4968_p2          |         +|   0|  0|  12|          12|          12|
    |ret_40_fu_2029_p2         |         +|   0|  0|  12|          12|          12|
    |ret_41_fu_2063_p2         |         +|   0|  0|  12|          12|          12|
    |ret_42_fu_2097_p2         |         +|   0|  0|  12|          12|          12|
    |ret_43_fu_2131_p2         |         +|   0|  0|  12|          12|          12|
    |ret_4_fu_5002_p2          |         +|   0|  0|  12|          12|          12|
    |ret_58_fu_2669_p2         |         +|   0|  0|  12|          12|          12|
    |ret_59_fu_2703_p2         |         +|   0|  0|  12|          12|          12|
    |ret_5_fu_5036_p2          |         +|   0|  0|  12|          12|          12|
    |ret_60_fu_2737_p2         |         +|   0|  0|  12|          12|          12|
    |ret_61_fu_2771_p2         |         +|   0|  0|  12|          12|          12|
    |ret_62_fu_2805_p2         |         +|   0|  0|  12|          12|          12|
    |ret_63_fu_2839_p2         |         +|   0|  0|  12|          12|          12|
    |ret_64_fu_2873_p2         |         +|   0|  0|  12|          12|          12|
    |ret_65_fu_2907_p2         |         +|   0|  0|  12|          12|          12|
    |ret_6_fu_5070_p2          |         +|   0|  0|  12|          12|          12|
    |ret_7_fu_5104_p2          |         +|   0|  0|  12|          12|          12|
    |ret_8_fu_5138_p2          |         +|   0|  0|  12|          12|          12|
    |ret_9_fu_5172_p2          |         +|   0|  0|  12|          12|          12|
    |ret_fu_4866_p2            |         +|   0|  0|  12|          12|          12|
    |ret_23_fu_1401_p2         |         -|   0|  0|  12|          11|          11|
    |ret_24_fu_1427_p2         |         -|   0|  0|  12|          11|          11|
    |ret_25_fu_1487_p2         |         -|   0|  0|  12|          12|          12|
    |ret_26_fu_1527_p2         |         -|   0|  0|  12|          12|          12|
    |ret_27_fu_1567_p2         |         -|   0|  0|  12|          12|          12|
    |ret_28_fu_1607_p2         |         -|   0|  0|  12|          12|          12|
    |ret_29_fu_1647_p2         |         -|   0|  0|  12|          12|          12|
    |ret_30_fu_1687_p2         |         -|   0|  0|  12|          12|          12|
    |ret_31_fu_1727_p2         |         -|   0|  0|  12|          12|          12|
    |ret_32_fu_1767_p2         |         -|   0|  0|  12|          12|          12|
    |ret_33_fu_1813_p2         |         -|   0|  0|  12|          11|          11|
    |ret_34_fu_1839_p2         |         -|   0|  0|  12|          11|          11|
    |ret_45_fu_2177_p2         |         -|   0|  0|  12|          11|          11|
    |ret_46_fu_2203_p2         |         -|   0|  0|  12|          11|          11|
    |ret_47_fu_2263_p2         |         -|   0|  0|  12|          12|          12|
    |ret_48_fu_2303_p2         |         -|   0|  0|  12|          12|          12|
    |ret_49_fu_2343_p2         |         -|   0|  0|  12|          12|          12|
    |ret_50_fu_2383_p2         |         -|   0|  0|  12|          12|          12|
    |ret_51_fu_2423_p2         |         -|   0|  0|  12|          12|          12|
    |ret_52_fu_2463_p2         |         -|   0|  0|  12|          12|          12|
    |ret_53_fu_2503_p2         |         -|   0|  0|  12|          12|          12|
    |ret_54_fu_2543_p2         |         -|   0|  0|  12|          12|          12|
    |ret_55_fu_2589_p2         |         -|   0|  0|  12|          11|          11|
    |ret_56_fu_2615_p2         |         -|   0|  0|  12|          11|          11|
    |ret_67_fu_2953_p2         |         -|   0|  0|  12|          11|          11|
    |ret_68_fu_2979_p2         |         -|   0|  0|  12|          11|          11|
    |ret_69_fu_3039_p2         |         -|   0|  0|  12|          12|          12|
    |ret_70_fu_3079_p2         |         -|   0|  0|  12|          12|          12|
    |ret_71_fu_3119_p2         |         -|   0|  0|  12|          12|          12|
    |ret_72_fu_3159_p2         |         -|   0|  0|  12|          12|          12|
    |ret_73_fu_3199_p2         |         -|   0|  0|  12|          12|          12|
    |ret_74_fu_3239_p2         |         -|   0|  0|  12|          12|          12|
    |ret_75_fu_3279_p2         |         -|   0|  0|  12|          12|          12|
    |ret_76_fu_3319_p2         |         -|   0|  0|  12|          12|          12|
    |ret_77_fu_3359_p2         |         -|   0|  0|  12|          12|          12|
    |ret_78_fu_3399_p2         |         -|   0|  0|  12|          12|          12|
    |ret_79_fu_3439_p2         |         -|   0|  0|  12|          12|          12|
    |ret_80_fu_3479_p2         |         -|   0|  0|  12|          12|          12|
    |ret_81_fu_3519_p2         |         -|   0|  0|  12|          12|          12|
    |ret_82_fu_3559_p2         |         -|   0|  0|  12|          12|          12|
    |ret_83_fu_3599_p2         |         -|   0|  0|  12|          12|          12|
    |ret_84_fu_3639_p2         |         -|   0|  0|  12|          12|          12|
    |ret_85_fu_3679_p2         |         -|   0|  0|  12|          12|          12|
    |ret_86_fu_3719_p2         |         -|   0|  0|  12|          12|          12|
    |ret_87_fu_3759_p2         |         -|   0|  0|  12|          12|          12|
    |ret_88_fu_3799_p2         |         -|   0|  0|  12|          12|          12|
    |ret_89_fu_3839_p2         |         -|   0|  0|  12|          12|          12|
    |ret_90_fu_3879_p2         |         -|   0|  0|  12|          12|          12|
    |ret_91_fu_3919_p2         |         -|   0|  0|  12|          12|          12|
    |ret_92_fu_3959_p2         |         -|   0|  0|  12|          12|          12|
    |ret_93_fu_4005_p2         |         -|   0|  0|  12|          11|          11|
    |ret_94_fu_4031_p2         |         -|   0|  0|  12|          11|          11|
    |sub_ln1524_10_fu_1669_p2  |         -|   0|  0|  12|           1|          12|
    |sub_ln1524_12_fu_1709_p2  |         -|   0|  0|  12|           1|          12|
    |sub_ln1524_14_fu_1749_p2  |         -|   0|  0|  12|           1|          12|
    |sub_ln1524_19_fu_2245_p2  |         -|   0|  0|  12|           1|          12|
    |sub_ln1524_21_fu_2285_p2  |         -|   0|  0|  12|           1|          12|
    |sub_ln1524_23_fu_2325_p2  |         -|   0|  0|  12|           1|          12|
    |sub_ln1524_25_fu_2365_p2  |         -|   0|  0|  12|           1|          12|
    |sub_ln1524_27_fu_2405_p2  |         -|   0|  0|  12|           1|          12|
    |sub_ln1524_29_fu_2445_p2  |         -|   0|  0|  12|           1|          12|
    |sub_ln1524_2_fu_1509_p2   |         -|   0|  0|  12|           1|          12|
    |sub_ln1524_31_fu_2485_p2  |         -|   0|  0|  12|           1|          12|
    |sub_ln1524_33_fu_2525_p2  |         -|   0|  0|  12|           1|          12|
    |sub_ln1524_37_fu_3021_p2  |         -|   0|  0|  12|           1|          12|
    |sub_ln1524_39_fu_3061_p2  |         -|   0|  0|  12|           1|          12|
    |sub_ln1524_41_fu_3101_p2  |         -|   0|  0|  12|           1|          12|
    |sub_ln1524_43_fu_3141_p2  |         -|   0|  0|  12|           1|          12|
    |sub_ln1524_45_fu_3181_p2  |         -|   0|  0|  12|           1|          12|
    |sub_ln1524_47_fu_3221_p2  |         -|   0|  0|  12|           1|          12|
    |sub_ln1524_49_fu_3261_p2  |         -|   0|  0|  12|           1|          12|
    |sub_ln1524_4_fu_1549_p2   |         -|   0|  0|  12|           1|          12|
    |sub_ln1524_51_fu_3301_p2  |         -|   0|  0|  12|           1|          12|
    |sub_ln1524_53_fu_3341_p2  |         -|   0|  0|  12|           1|          12|
    |sub_ln1524_55_fu_3381_p2  |         -|   0|  0|  12|           1|          12|
    |sub_ln1524_57_fu_3421_p2  |         -|   0|  0|  12|           1|          12|
    |sub_ln1524_59_fu_3461_p2  |         -|   0|  0|  12|           1|          12|
    |sub_ln1524_61_fu_3501_p2  |         -|   0|  0|  12|           1|          12|
    |sub_ln1524_63_fu_3541_p2  |         -|   0|  0|  12|           1|          12|
    |sub_ln1524_65_fu_3581_p2  |         -|   0|  0|  12|           1|          12|
    |sub_ln1524_67_fu_3621_p2  |         -|   0|  0|  12|           1|          12|
    |sub_ln1524_69_fu_3661_p2  |         -|   0|  0|  12|           1|          12|
    |sub_ln1524_6_fu_1589_p2   |         -|   0|  0|  12|           1|          12|
    |sub_ln1524_71_fu_3701_p2  |         -|   0|  0|  12|           1|          12|
    |sub_ln1524_73_fu_3741_p2  |         -|   0|  0|  12|           1|          12|
    |sub_ln1524_75_fu_3781_p2  |         -|   0|  0|  12|           1|          12|
    |sub_ln1524_77_fu_3821_p2  |         -|   0|  0|  12|           1|          12|
    |sub_ln1524_79_fu_3861_p2  |         -|   0|  0|  12|           1|          12|
    |sub_ln1524_81_fu_3901_p2  |         -|   0|  0|  12|           1|          12|
    |sub_ln1524_83_fu_3941_p2  |         -|   0|  0|  12|           1|          12|
    |sub_ln1524_8_fu_1629_p2   |         -|   0|  0|  12|           1|          12|
    |sub_ln1524_fu_1469_p2     |         -|   0|  0|  12|           1|          12|
    |sub_ln870_1_fu_4125_p2    |         -|   0|  0|  12|          12|          12|
    |sub_ln870_2_fu_4209_p2    |         -|   0|  0|  12|          12|          12|
    |sub_ln870_3_fu_4267_p2    |         -|   0|  0|  12|          12|          12|
    |sub_ln870_4_fu_4351_p2    |         -|   0|  0|  12|          12|          12|
    |sub_ln870_5_fu_4513_p2    |         -|   0|  0|  12|          12|          12|
    |sub_ln870_fu_4067_p2      |         -|   0|  0|  12|          12|          12|
    |ap_enable_pp0             |       xor|   0|  0|   2|           1|           2|
    +--------------------------+----------+----+---+----+------------+------------+
    |Total                     |          |   0|  0|3408|        2652|        3093|
    +--------------------------+----------+----+---+----+------------+------------+

    * Multiplexer: 
    N/A

    * Register: 
    +--------------------------------------+----+----+-----+-----------+
    |                 Name                 | FF | LUT| Bits| Const Bits|
    +--------------------------------------+----+----+-----+-----------+
    |add_ln870_100_reg_6404                |  13|   0|   14|          1|
    |add_ln870_103_reg_6409                |  13|   0|   14|          1|
    |add_ln870_105_reg_6444                |  15|   0|   16|          1|
    |add_ln870_108_reg_6414                |  13|   0|   14|          1|
    |add_ln870_111_reg_6419                |  13|   0|   14|          1|
    |add_ln870_112_reg_6449                |  14|   0|   15|          1|
    |add_ln870_112_reg_6449_pp0_iter2_reg  |  14|   0|   15|          1|
    |add_ln870_115_reg_6429                |  12|   0|   12|          0|
    |add_ln870_115_reg_6429_pp0_iter1_reg  |  12|   0|   12|          0|
    |add_ln870_119_reg_6529                |  16|   0|   16|          0|
    |add_ln870_15_reg_6459                 |  14|   0|   15|          1|
    |add_ln870_16_reg_6499                 |  15|   0|   16|          1|
    |add_ln870_23_reg_6464                 |  14|   0|   15|          1|
    |add_ln870_25_reg_6314                 |  12|   0|   12|          0|
    |add_ln870_25_reg_6314_pp0_iter1_reg   |  12|   0|   12|          0|
    |add_ln870_30_reg_6504                 |  16|   0|   16|          0|
    |add_ln870_34_reg_6324                 |  13|   0|   14|          1|
    |add_ln870_37_reg_6329                 |  13|   0|   14|          1|
    |add_ln870_38_reg_6434                 |  14|   0|   15|          1|
    |add_ln870_38_reg_6434_pp0_iter2_reg   |  14|   0|   15|          1|
    |add_ln870_41_reg_6339                 |  12|   0|   12|          0|
    |add_ln870_41_reg_6339_pp0_iter1_reg   |  12|   0|   12|          0|
    |add_ln870_45_reg_6509                 |  16|   0|   16|          0|
    |add_ln870_52_reg_6344                 |  14|   0|   15|          1|
    |add_ln870_54_reg_6349                 |  12|   0|   12|          0|
    |add_ln870_54_reg_6349_pp0_iter1_reg   |  12|   0|   12|          0|
    |add_ln870_59_reg_6514                 |  16|   0|   16|          0|
    |add_ln870_64_reg_6359                 |  13|   0|   14|          1|
    |add_ln870_67_reg_6364                 |  13|   0|   14|          1|
    |add_ln870_68_reg_6439                 |  14|   0|   15|          1|
    |add_ln870_68_reg_6439_pp0_iter2_reg   |  14|   0|   15|          1|
    |add_ln870_71_reg_6374                 |  12|   0|   12|          0|
    |add_ln870_71_reg_6374_pp0_iter1_reg   |  12|   0|   12|          0|
    |add_ln870_75_reg_6519                 |  16|   0|   16|          0|
    |add_ln870_82_reg_6379                 |  14|   0|   15|          1|
    |add_ln870_84_reg_6384                 |  12|   0|   12|          0|
    |add_ln870_84_reg_6384_pp0_iter1_reg   |  12|   0|   12|          0|
    |add_ln870_89_reg_6524                 |  16|   0|   16|          0|
    |add_ln870_8_reg_6454                  |  14|   0|   15|          1|
    |add_ln870_93_reg_6394                 |  13|   0|   14|          1|
    |add_ln870_96_reg_6399                 |  13|   0|   14|          1|
    |ap_CS_fsm                             |   1|   0|    1|          0|
    |ap_enable_reg_pp0_iter1               |   1|   0|    1|          0|
    |ap_enable_reg_pp0_iter2               |   1|   0|    1|          0|
    |ap_enable_reg_pp0_iter3               |   1|   0|    1|          0|
    |ap_enable_reg_pp0_iter4               |   1|   0|    1|          0|
    |lhs_127_reg_6308                      |   8|   0|    8|          0|
    |lhs_127_reg_6308_pp0_iter1_reg        |   8|   0|    8|          0|
    |lhs_22_reg_6301                       |   8|   0|    8|          0|
    |lhs_22_reg_6301_pp0_iter1_reg         |   8|   0|    8|          0|
    |shift_reg_V_0                         |   8|   0|    8|          0|
    |shift_reg_V_1                         |   8|   0|    8|          0|
    |shift_reg_V_10                        |   8|   0|    8|          0|
    |shift_reg_V_100                       |   8|   0|    8|          0|
    |shift_reg_V_101                       |   8|   0|    8|          0|
    |shift_reg_V_102                       |   8|   0|    8|          0|
    |shift_reg_V_103                       |   8|   0|    8|          0|
    |shift_reg_V_104                       |   8|   0|    8|          0|
    |shift_reg_V_105                       |   8|   0|    8|          0|
    |shift_reg_V_106                       |   8|   0|    8|          0|
    |shift_reg_V_107                       |   8|   0|    8|          0|
    |shift_reg_V_108                       |   8|   0|    8|          0|
    |shift_reg_V_109                       |   8|   0|    8|          0|
    |shift_reg_V_11                        |   8|   0|    8|          0|
    |shift_reg_V_110                       |   8|   0|    8|          0|
    |shift_reg_V_111                       |   8|   0|    8|          0|
    |shift_reg_V_112                       |   8|   0|    8|          0|
    |shift_reg_V_113                       |   8|   0|    8|          0|
    |shift_reg_V_114                       |   8|   0|    8|          0|
    |shift_reg_V_115                       |   8|   0|    8|          0|
    |shift_reg_V_116                       |   8|   0|    8|          0|
    |shift_reg_V_117                       |   8|   0|    8|          0|
    |shift_reg_V_118                       |   8|   0|    8|          0|
    |shift_reg_V_119                       |   8|   0|    8|          0|
    |shift_reg_V_12                        |   8|   0|    8|          0|
    |shift_reg_V_120                       |   8|   0|    8|          0|
    |shift_reg_V_121                       |   8|   0|    8|          0|
    |shift_reg_V_122                       |   8|   0|    8|          0|
    |shift_reg_V_123                       |   8|   0|    8|          0|
    |shift_reg_V_124                       |   8|   0|    8|          0|
    |shift_reg_V_125                       |   8|   0|    8|          0|
    |shift_reg_V_126                       |   8|   0|    8|          0|
    |shift_reg_V_13                        |   8|   0|    8|          0|
    |shift_reg_V_14                        |   8|   0|    8|          0|
    |shift_reg_V_15                        |   8|   0|    8|          0|
    |shift_reg_V_16                        |   8|   0|    8|          0|
    |shift_reg_V_17                        |   8|   0|    8|          0|
    |shift_reg_V_18                        |   8|   0|    8|          0|
    |shift_reg_V_19                        |   8|   0|    8|          0|
    |shift_reg_V_2                         |   8|   0|    8|          0|
    |shift_reg_V_20                        |   8|   0|    8|          0|
    |shift_reg_V_21                        |   8|   0|    8|          0|
    |shift_reg_V_22                        |   8|   0|    8|          0|
    |shift_reg_V_23                        |   8|   0|    8|          0|
    |shift_reg_V_24                        |   8|   0|    8|          0|
    |shift_reg_V_25                        |   8|   0|    8|          0|
    |shift_reg_V_26                        |   8|   0|    8|          0|
    |shift_reg_V_27                        |   8|   0|    8|          0|
    |shift_reg_V_28                        |   8|   0|    8|          0|
    |shift_reg_V_29                        |   8|   0|    8|          0|
    |shift_reg_V_3                         |   8|   0|    8|          0|
    |shift_reg_V_30                        |   8|   0|    8|          0|
    |shift_reg_V_31                        |   8|   0|    8|          0|
    |shift_reg_V_32                        |   8|   0|    8|          0|
    |shift_reg_V_33                        |   8|   0|    8|          0|
    |shift_reg_V_34                        |   8|   0|    8|          0|
    |shift_reg_V_35                        |   8|   0|    8|          0|
    |shift_reg_V_36                        |   8|   0|    8|          0|
    |shift_reg_V_37                        |   8|   0|    8|          0|
    |shift_reg_V_38                        |   8|   0|    8|          0|
    |shift_reg_V_39                        |   8|   0|    8|          0|
    |shift_reg_V_4                         |   8|   0|    8|          0|
    |shift_reg_V_40                        |   8|   0|    8|          0|
    |shift_reg_V_41                        |   8|   0|    8|          0|
    |shift_reg_V_42                        |   8|   0|    8|          0|
    |shift_reg_V_43                        |   8|   0|    8|          0|
    |shift_reg_V_44                        |   8|   0|    8|          0|
    |shift_reg_V_45                        |   8|   0|    8|          0|
    |shift_reg_V_46                        |   8|   0|    8|          0|
    |shift_reg_V_47                        |   8|   0|    8|          0|
    |shift_reg_V_48                        |   8|   0|    8|          0|
    |shift_reg_V_49                        |   8|   0|    8|          0|
    |shift_reg_V_5                         |   8|   0|    8|          0|
    |shift_reg_V_50                        |   8|   0|    8|          0|
    |shift_reg_V_51                        |   8|   0|    8|          0|
    |shift_reg_V_52                        |   8|   0|    8|          0|
    |shift_reg_V_53                        |   8|   0|    8|          0|
    |shift_reg_V_54                        |   8|   0|    8|          0|
    |shift_reg_V_55                        |   8|   0|    8|          0|
    |shift_reg_V_56                        |   8|   0|    8|          0|
    |shift_reg_V_57                        |   8|   0|    8|          0|
    |shift_reg_V_58                        |   8|   0|    8|          0|
    |shift_reg_V_59                        |   8|   0|    8|          0|
    |shift_reg_V_6                         |   8|   0|    8|          0|
    |shift_reg_V_60                        |   8|   0|    8|          0|
    |shift_reg_V_61                        |   8|   0|    8|          0|
    |shift_reg_V_62                        |   8|   0|    8|          0|
    |shift_reg_V_63                        |   8|   0|    8|          0|
    |shift_reg_V_64                        |   8|   0|    8|          0|
    |shift_reg_V_65                        |   8|   0|    8|          0|
    |shift_reg_V_66                        |   8|   0|    8|          0|
    |shift_reg_V_67                        |   8|   0|    8|          0|
    |shift_reg_V_68                        |   8|   0|    8|          0|
    |shift_reg_V_69                        |   8|   0|    8|          0|
    |shift_reg_V_7                         |   8|   0|    8|          0|
    |shift_reg_V_70                        |   8|   0|    8|          0|
    |shift_reg_V_71                        |   8|   0|    8|          0|
    |shift_reg_V_72                        |   8|   0|    8|          0|
    |shift_reg_V_73                        |   8|   0|    8|          0|
    |shift_reg_V_74                        |   8|   0|    8|          0|
    |shift_reg_V_75                        |   8|   0|    8|          0|
    |shift_reg_V_76                        |   8|   0|    8|          0|
    |shift_reg_V_77                        |   8|   0|    8|          0|
    |shift_reg_V_78                        |   8|   0|    8|          0|
    |shift_reg_V_79                        |   8|   0|    8|          0|
    |shift_reg_V_8                         |   8|   0|    8|          0|
    |shift_reg_V_80                        |   8|   0|    8|          0|
    |shift_reg_V_81                        |   8|   0|    8|          0|
    |shift_reg_V_82                        |   8|   0|    8|          0|
    |shift_reg_V_83                        |   8|   0|    8|          0|
    |shift_reg_V_84                        |   8|   0|    8|          0|
    |shift_reg_V_85                        |   8|   0|    8|          0|
    |shift_reg_V_86                        |   8|   0|    8|          0|
    |shift_reg_V_87                        |   8|   0|    8|          0|
    |shift_reg_V_88                        |   8|   0|    8|          0|
    |shift_reg_V_89                        |   8|   0|    8|          0|
    |shift_reg_V_9                         |   8|   0|    8|          0|
    |shift_reg_V_90                        |   8|   0|    8|          0|
    |shift_reg_V_91                        |   8|   0|    8|          0|
    |shift_reg_V_92                        |   8|   0|    8|          0|
    |shift_reg_V_93                        |   8|   0|    8|          0|
    |shift_reg_V_94                        |   8|   0|    8|          0|
    |shift_reg_V_95                        |   8|   0|    8|          0|
    |shift_reg_V_96                        |   8|   0|    8|          0|
    |shift_reg_V_97                        |   8|   0|    8|          0|
    |shift_reg_V_98                        |   8|   0|    8|          0|
    |shift_reg_V_99                        |   8|   0|    8|          0|
    |sub_ln870_1_reg_6334                  |  12|   0|   12|          0|
    |sub_ln870_2_reg_6354                  |  12|   0|   12|          0|
    |sub_ln870_3_reg_6369                  |  12|   0|   12|          0|
    |sub_ln870_4_reg_6389                  |  12|   0|   12|          0|
    |sub_ln870_5_reg_6424                  |  12|   0|   12|          0|
    |sub_ln870_reg_6319                    |  12|   0|   12|          0|
    |add_ln870_105_reg_6444                |  64|  32|   16|          1|
    |add_ln870_52_reg_6344                 |  64|  32|   15|          1|
    |add_ln870_82_reg_6379                 |  64|  32|   15|          1|
    |sub_ln870_1_reg_6334                  |  64|  32|   12|          0|
    |sub_ln870_2_reg_6354                  |  64|  32|   12|          0|
    |sub_ln870_3_reg_6369                  |  64|  32|   12|          0|
    |sub_ln870_4_reg_6389                  |  64|  32|   12|          0|
    |sub_ln870_5_reg_6424                  |  64|  32|   12|          0|
    |sub_ln870_reg_6319                    |  64|  32|   12|          0|
    +--------------------------------------+----+----+-----+-----------+
    |Total                                 |2255| 288| 1820|         26|
    +--------------------------------------+----+----+-----+-----------+



================================================================
== Interface
================================================================
* Summary: 
+----------+-----+-----+------------+--------------+--------------+
| RTL Ports| Dir | Bits|  Protocol  | Source Object|    C Type    |
+----------+-----+-----+------------+--------------+--------------+
|ap_clk    |   in|    1|  ap_ctrl_hs|           fir|  return value|
|ap_rst    |   in|    1|  ap_ctrl_hs|           fir|  return value|
|ap_start  |   in|    1|  ap_ctrl_hs|           fir|  return value|
|ap_done   |  out|    1|  ap_ctrl_hs|           fir|  return value|
|ap_idle   |  out|    1|  ap_ctrl_hs|           fir|  return value|
|ap_ready  |  out|    1|  ap_ctrl_hs|           fir|  return value|
|y         |  out|   32|      ap_vld|             y|       pointer|
|y_ap_vld  |  out|    1|      ap_vld|             y|       pointer|
|x         |   in|   32|     ap_none|             x|        scalar|
+----------+-----+-----+------------+--------------+--------------+

