

================================================================
== Vitis HLS Report for 'fir'
================================================================
* Date:           Wed Oct  6 14:30:27 2021

* Version:        2021.1 (Build 3247384 on Thu Jun 10 19:36:33 MDT 2021)
* Project:        optimized5
* Solution:       solution_complete (Vivado IP Flow Target)
* Product family: zynq
* Target device:  xc7z020-clg400-1


================================================================
== Performance Estimates
================================================================
+ Timing: 
    * Summary: 
    +--------+----------+----------+------------+
    |  Clock |  Target  | Estimated| Uncertainty|
    +--------+----------+----------+------------+
    |ap_clk  |  10.00 ns|  7.013 ns|     2.70 ns|
    +--------+----------+----------+------------+

+ Latency: 
    * Summary: 
    +---------+---------+-----------+-----------+-----+-----+---------+
    |  Latency (cycles) |   Latency (absolute)  |  Interval | Pipeline|
    |   min   |   max   |    min    |    max    | min | max |   Type  |
    +---------+---------+-----------+-----------+-----+-----+---------+
    |        4|        4|  40.000 ns|  40.000 ns|    5|    5|       no|
    +---------+---------+-----------+-----------+-----+-----+---------+

    + Detail: 
        * Instance: 
        N/A

        * Loop: 
        N/A



================================================================
== Utilization Estimates
================================================================
* Summary: 
+-----------------+---------+-----+--------+-------+-----+
|       Name      | BRAM_18K| DSP |   FF   |  LUT  | URAM|
+-----------------+---------+-----+--------+-------+-----+
|DSP              |        -|   12|       -|      -|    -|
|Expression       |        -|    -|       0|   3406|    -|
|FIFO             |        -|    -|       -|      -|    -|
|Instance         |        -|    -|       -|      -|    -|
|Memory           |        -|    -|       -|      -|    -|
|Multiplexer      |        -|    -|       -|     31|    -|
|Register         |        -|    -|    1515|      -|    -|
+-----------------+---------+-----+--------+-------+-----+
|Total            |        0|   12|    1515|   3437|    0|
+-----------------+---------+-----+--------+-------+-----+
|Available        |      280|  220|  106400|  53200|    0|
+-----------------+---------+-----+--------+-------+-----+
|Utilization (%)  |        0|    5|       1|      6|    0|
+-----------------+---------+-----+--------+-------+-----+

+ Detail: 
    * Instance: 
    N/A

    * DSP: 
    +----------------------------------------+------------------------------------+---------------------+
    |                Instance                |               Module               |      Expression     |
    +----------------------------------------+------------------------------------+---------------------+
    |am_addmul_8s_8s_5s_13_4_1_U2            |am_addmul_8s_8s_5s_13_4_1           |       (i0 + i1) * i2|
    |am_addmul_8s_8s_5s_13_4_1_U3            |am_addmul_8s_8s_5s_13_4_1           |       (i0 + i1) * i2|
    |am_addmul_8s_8s_5s_13_4_1_U6            |am_addmul_8s_8s_5s_13_4_1           |       (i0 + i1) * i2|
    |am_addmul_8s_8s_5s_13_4_1_U7            |am_addmul_8s_8s_5s_13_4_1           |       (i0 + i1) * i2|
    |am_addmul_8s_8s_5s_13_4_1_U10           |am_addmul_8s_8s_5s_13_4_1           |       (i0 + i1) * i2|
    |am_addmul_8s_8s_5s_13_4_1_U11           |am_addmul_8s_8s_5s_13_4_1           |       (i0 + i1) * i2|
    |ama_addmuladd_8s_8s_4ns_12s_14_4_1_U1   |ama_addmuladd_8s_8s_4ns_12s_14_4_1  |  i0 + (i1 + i2) * i3|
    |ama_addmuladd_8s_8s_4ns_12s_14_4_1_U4   |ama_addmuladd_8s_8s_4ns_12s_14_4_1  |  (i0 + i1) * i2 + i3|
    |ama_addmuladd_8s_8s_4ns_12s_14_4_1_U5   |ama_addmuladd_8s_8s_4ns_12s_14_4_1  |  i0 + (i1 + i2) * i3|
    |ama_addmuladd_8s_8s_4ns_12s_14_4_1_U8   |ama_addmuladd_8s_8s_4ns_12s_14_4_1  |  (i0 + i1) * i2 + i3|
    |ama_addmuladd_8s_8s_4ns_12s_14_4_1_U9   |ama_addmuladd_8s_8s_4ns_12s_14_4_1  |  i0 + (i1 + i2) * i3|
    |ama_addmuladd_8s_8s_4ns_12s_14_4_1_U12  |ama_addmuladd_8s_8s_4ns_12s_14_4_1  |  (i0 + i1) * i2 + i3|
    +----------------------------------------+------------------------------------+---------------------+

    * Memory: 
    N/A

    * FIFO: 
    N/A

    * Expression: 
    +--------------------------+----------+----+---+----+------------+------------+
    |       Variable Name      | Operation| DSP| FF| LUT| Bitwidth P0| Bitwidth P1|
    +--------------------------+----------+----+---+----+------------+------------+
    |acc_V_2_fu_5063_p2        |         +|   0|  0|  14|          13|          13|
    |acc_V_fu_6150_p2          |         +|   0|  0|  26|          19|          19|
    |add_ln870_100_fu_5649_p2  |         +|   0|  0|  17|          14|          14|
    |add_ln870_101_fu_5655_p2  |         +|   0|  0|  14|          13|          13|
    |add_ln870_102_fu_5665_p2  |         +|   0|  0|  14|          13|          13|
    |add_ln870_103_fu_5675_p2  |         +|   0|  0|  17|          14|          14|
    |add_ln870_104_fu_5999_p2  |         +|   0|  0|  20|          15|          15|
    |add_ln870_105_fu_6009_p2  |         +|   0|  0|  23|          16|          16|
    |add_ln870_106_fu_5681_p2  |         +|   0|  0|  14|          13|          13|
    |add_ln870_107_fu_5691_p2  |         +|   0|  0|  14|          13|          13|
    |add_ln870_108_fu_5701_p2  |         +|   0|  0|  17|          14|          14|
    |add_ln870_109_fu_5707_p2  |         +|   0|  0|  14|          13|          13|
    |add_ln870_10_fu_5139_p2   |         +|   0|  0|  14|          13|          13|
    |add_ln870_110_fu_5717_p2  |         +|   0|  0|  14|          13|          13|
    |add_ln870_111_fu_5727_p2  |         +|   0|  0|  17|          14|          14|
    |add_ln870_112_fu_6021_p2  |         +|   0|  0|  20|          15|          15|
    |add_ln870_114_fu_6037_p2  |         +|   0|  0|  17|          14|          14|
    |add_ln870_115_fu_5739_p2  |         +|   0|  0|  12|          12|          12|
    |add_ln870_118_fu_6050_p2  |         +|   0|  0|  20|          15|          15|
    |add_ln870_119_fu_6060_p2  |         +|   0|  0|  23|          16|          16|
    |add_ln870_11_fu_5149_p2   |         +|   0|  0|  17|          14|          14|
    |add_ln870_120_fu_6130_p2  |         +|   0|  0|  24|          17|          17|
    |add_ln870_121_fu_6140_p2  |         +|   0|  0|  25|          18|          18|
    |add_ln870_12_fu_5159_p2   |         +|   0|  0|  14|          13|          13|
    |add_ln870_13_fu_5169_p2   |         +|   0|  0|  14|          13|          13|
    |add_ln870_14_fu_5179_p2   |         +|   0|  0|  17|          14|          14|
    |add_ln870_15_fu_5189_p2   |         +|   0|  0|  20|          15|          15|
    |add_ln870_16_fu_5755_p2   |         +|   0|  0|  23|          16|          16|
    |add_ln870_17_fu_5195_p2   |         +|   0|  0|  14|          13|          13|
    |add_ln870_18_fu_5205_p2   |         +|   0|  0|  14|          13|          13|
    |add_ln870_19_fu_5215_p2   |         +|   0|  0|  17|          14|          14|
    |add_ln870_1_fu_5053_p2    |         +|   0|  0|  12|          12|          12|
    |add_ln870_20_fu_5225_p2   |         +|   0|  0|  14|          13|          13|
    |add_ln870_21_fu_5235_p2   |         +|   0|  0|  14|          13|          13|
    |add_ln870_22_fu_5245_p2   |         +|   0|  0|  17|          14|          14|
    |add_ln870_23_fu_5255_p2   |         +|   0|  0|  20|          15|          15|
    |add_ln870_25_fu_5261_p2   |         +|   0|  0|  12|          12|          12|
    |add_ln870_28_fu_5773_p2   |         +|   0|  0|  17|          14|          14|
    |add_ln870_29_fu_5783_p2   |         +|   0|  0|  20|          15|          15|
    |add_ln870_30_fu_5793_p2   |         +|   0|  0|  23|          16|          16|
    |add_ln870_31_fu_6072_p2   |         +|   0|  0|  24|          17|          17|
    |add_ln870_32_fu_5277_p2   |         +|   0|  0|  14|          13|          13|
    |add_ln870_33_fu_5287_p2   |         +|   0|  0|  14|          13|          13|
    |add_ln870_34_fu_5297_p2   |         +|   0|  0|  17|          14|          14|
    |add_ln870_35_fu_5303_p2   |         +|   0|  0|  14|          13|          13|
    |add_ln870_36_fu_5313_p2   |         +|   0|  0|  14|          13|          13|
    |add_ln870_37_fu_5323_p2   |         +|   0|  0|  17|          14|          14|
    |add_ln870_38_fu_5805_p2   |         +|   0|  0|  20|          15|          15|
    |add_ln870_3_fu_5073_p2    |         +|   0|  0|  14|          13|          13|
    |add_ln870_40_fu_5821_p2   |         +|   0|  0|  17|          14|          14|
    |add_ln870_41_fu_5335_p2   |         +|   0|  0|  12|          12|          12|
    |add_ln870_44_fu_5834_p2   |         +|   0|  0|  20|          15|          15|
    |add_ln870_45_fu_5844_p2   |         +|   0|  0|  23|          16|          16|
    |add_ln870_46_fu_5345_p2   |         +|   0|  0|  14|          13|          13|
    |add_ln870_47_fu_5355_p2   |         +|   0|  0|  14|          13|          13|
    |add_ln870_48_fu_5365_p2   |         +|   0|  0|  17|          14|          14|
    |add_ln870_49_fu_5375_p2   |         +|   0|  0|  14|          13|          13|
    |add_ln870_4_fu_5083_p2    |         +|   0|  0|  17|          14|          14|
    |add_ln870_50_fu_5385_p2   |         +|   0|  0|  14|          13|          13|
    |add_ln870_51_fu_5395_p2   |         +|   0|  0|  17|          14|          14|
    |add_ln870_52_fu_5405_p2   |         +|   0|  0|  20|          15|          15|
    |add_ln870_54_fu_5411_p2   |         +|   0|  0|  12|          12|          12|
    |add_ln870_57_fu_5862_p2   |         +|   0|  0|  17|          14|          14|
    |add_ln870_58_fu_5872_p2   |         +|   0|  0|  20|          15|          15|
    |add_ln870_59_fu_5882_p2   |         +|   0|  0|  23|          16|          16|
    |add_ln870_5_fu_5093_p2    |         +|   0|  0|  14|          13|          13|
    |add_ln870_60_fu_6088_p2   |         +|   0|  0|  24|          17|          17|
    |add_ln870_61_fu_6098_p2   |         +|   0|  0|  25|          18|          18|
    |add_ln870_62_fu_5427_p2   |         +|   0|  0|  14|          13|          13|
    |add_ln870_63_fu_5437_p2   |         +|   0|  0|  14|          13|          13|
    |add_ln870_64_fu_5447_p2   |         +|   0|  0|  17|          14|          14|
    |add_ln870_65_fu_5453_p2   |         +|   0|  0|  14|          13|          13|
    |add_ln870_66_fu_5463_p2   |         +|   0|  0|  14|          13|          13|
    |add_ln870_67_fu_5473_p2   |         +|   0|  0|  17|          14|          14|
    |add_ln870_68_fu_5894_p2   |         +|   0|  0|  20|          15|          15|
    |add_ln870_6_fu_5103_p2    |         +|   0|  0|  14|          13|          13|
    |add_ln870_70_fu_5910_p2   |         +|   0|  0|  17|          14|          14|
    |add_ln870_71_fu_5485_p2   |         +|   0|  0|  12|          12|          12|
    |add_ln870_74_fu_5923_p2   |         +|   0|  0|  20|          15|          15|
    |add_ln870_75_fu_5933_p2   |         +|   0|  0|  23|          16|          16|
    |add_ln870_76_fu_5495_p2   |         +|   0|  0|  14|          13|          13|
    |add_ln870_77_fu_5505_p2   |         +|   0|  0|  14|          13|          13|
    |add_ln870_78_fu_5515_p2   |         +|   0|  0|  17|          14|          14|
    |add_ln870_79_fu_5525_p2   |         +|   0|  0|  14|          13|          13|
    |add_ln870_7_fu_5113_p2    |         +|   0|  0|  17|          14|          14|
    |add_ln870_80_fu_5535_p2   |         +|   0|  0|  14|          13|          13|
    |add_ln870_81_fu_5545_p2   |         +|   0|  0|  17|          14|          14|
    |add_ln870_82_fu_5555_p2   |         +|   0|  0|  20|          15|          15|
    |add_ln870_84_fu_5561_p2   |         +|   0|  0|  12|          12|          12|
    |add_ln870_87_fu_5951_p2   |         +|   0|  0|  17|          14|          14|
    |add_ln870_88_fu_5961_p2   |         +|   0|  0|  20|          15|          15|
    |add_ln870_89_fu_5971_p2   |         +|   0|  0|  23|          16|          16|
    |add_ln870_8_fu_5123_p2    |         +|   0|  0|  20|          15|          15|
    |add_ln870_90_fu_6114_p2   |         +|   0|  0|  24|          17|          17|
    |add_ln870_91_fu_5577_p2   |         +|   0|  0|  14|          13|          13|
    |add_ln870_92_fu_5587_p2   |         +|   0|  0|  14|          13|          13|
    |add_ln870_93_fu_5597_p2   |         +|   0|  0|  17|          14|          14|
    |add_ln870_94_fu_5603_p2   |         +|   0|  0|  14|          13|          13|
    |add_ln870_95_fu_5613_p2   |         +|   0|  0|  14|          13|          13|
    |add_ln870_96_fu_5623_p2   |         +|   0|  0|  17|          14|          14|
    |add_ln870_97_fu_5983_p2   |         +|   0|  0|  20|          15|          15|
    |add_ln870_98_fu_5629_p2   |         +|   0|  0|  14|          13|          13|
    |add_ln870_99_fu_5639_p2   |         +|   0|  0|  14|          13|          13|
    |add_ln870_9_fu_5129_p2    |         +|   0|  0|  14|          13|          13|
    |add_ln870_fu_5043_p2      |         +|   0|  0|  12|          12|          12|
    |ret_10_fu_2053_p2         |         +|   0|  0|  12|          12|          12|
    |ret_11_fu_2087_p2         |         +|   0|  0|  12|          12|          12|
    |ret_12_fu_2121_p2         |         +|   0|  0|  12|          12|          12|
    |ret_13_fu_2155_p2         |         +|   0|  0|  12|          12|          12|
    |ret_14_fu_2189_p2         |         +|   0|  0|  12|          12|          12|
    |ret_15_fu_2223_p2         |         +|   0|  0|  12|          12|          12|
    |ret_16_fu_2257_p2         |         +|   0|  0|  12|          12|          12|
    |ret_17_fu_2291_p2         |         +|   0|  0|  12|          12|          12|
    |ret_18_fu_2325_p2         |         +|   0|  0|  12|          12|          12|
    |ret_19_fu_2359_p2         |         +|   0|  0|  12|          12|          12|
    |ret_1_fu_1747_p2          |         +|   0|  0|  12|          12|          12|
    |ret_20_fu_2393_p2         |         +|   0|  0|  12|          12|          12|
    |ret_21_fu_2425_p2         |         +|   0|  0|  12|          12|          12|
    |ret_2_fu_1781_p2          |         +|   0|  0|  12|          12|          12|
    |ret_36_fu_2927_p2         |         +|   0|  0|  12|          12|          12|
    |ret_37_fu_2961_p2         |         +|   0|  0|  12|          12|          12|
    |ret_38_fu_2995_p2         |         +|   0|  0|  12|          12|          12|
    |ret_39_fu_3029_p2         |         +|   0|  0|  12|          12|          12|
    |ret_3_fu_1815_p2          |         +|   0|  0|  12|          12|          12|
    |ret_40_fu_3063_p2         |         +|   0|  0|  12|          12|          12|
    |ret_41_fu_3097_p2         |         +|   0|  0|  12|          12|          12|
    |ret_42_fu_3131_p2         |         +|   0|  0|  12|          12|          12|
    |ret_43_fu_3163_p2         |         +|   0|  0|  12|          12|          12|
    |ret_4_fu_1849_p2          |         +|   0|  0|  12|          12|          12|
    |ret_58_fu_3665_p2         |         +|   0|  0|  12|          12|          12|
    |ret_59_fu_3699_p2         |         +|   0|  0|  12|          12|          12|
    |ret_5_fu_1883_p2          |         +|   0|  0|  12|          12|          12|
    |ret_60_fu_3733_p2         |         +|   0|  0|  12|          12|          12|
    |ret_61_fu_3767_p2         |         +|   0|  0|  12|          12|          12|
    |ret_62_fu_3801_p2         |         +|   0|  0|  12|          12|          12|
    |ret_63_fu_3835_p2         |         +|   0|  0|  12|          12|          12|
    |ret_64_fu_3869_p2         |         +|   0|  0|  12|          12|          12|
    |ret_65_fu_3901_p2         |         +|   0|  0|  12|          12|          12|
    |ret_6_fu_1917_p2          |         +|   0|  0|  12|          12|          12|
    |ret_7_fu_1951_p2          |         +|   0|  0|  12|          12|          12|
    |ret_8_fu_1985_p2          |         +|   0|  0|  12|          12|          12|
    |ret_9_fu_2019_p2          |         +|   0|  0|  12|          12|          12|
    |ret_fu_1713_p2            |         +|   0|  0|  12|          12|          12|
    |ret_23_fu_2463_p2         |         -|   0|  0|  12|          11|          11|
    |ret_24_fu_2489_p2         |         -|   0|  0|  12|          11|          11|
    |ret_25_fu_2540_p2         |         -|   0|  0|  12|          12|          12|
    |ret_26_fu_2580_p2         |         -|   0|  0|  12|          12|          12|
    |ret_27_fu_2620_p2         |         -|   0|  0|  12|          12|          12|
    |ret_28_fu_2660_p2         |         -|   0|  0|  12|          12|          12|
    |ret_29_fu_2700_p2         |         -|   0|  0|  12|          12|          12|
    |ret_30_fu_2740_p2         |         -|   0|  0|  12|          12|          12|
    |ret_31_fu_2780_p2         |         -|   0|  0|  12|          12|          12|
    |ret_32_fu_2818_p2         |         -|   0|  0|  12|          12|          12|
    |ret_33_fu_2856_p2         |         -|   0|  0|  12|          11|          11|
    |ret_34_fu_2882_p2         |         -|   0|  0|  12|          11|          11|
    |ret_45_fu_3201_p2         |         -|   0|  0|  12|          11|          11|
    |ret_46_fu_3227_p2         |         -|   0|  0|  12|          11|          11|
    |ret_47_fu_3278_p2         |         -|   0|  0|  12|          12|          12|
    |ret_48_fu_3318_p2         |         -|   0|  0|  12|          12|          12|
    |ret_49_fu_3358_p2         |         -|   0|  0|  12|          12|          12|
    |ret_50_fu_3398_p2         |         -|   0|  0|  12|          12|          12|
    |ret_51_fu_3438_p2         |         -|   0|  0|  12|          12|          12|
    |ret_52_fu_3478_p2         |         -|   0|  0|  12|          12|          12|
    |ret_53_fu_3518_p2         |         -|   0|  0|  12|          12|          12|
    |ret_54_fu_3556_p2         |         -|   0|  0|  12|          12|          12|
    |ret_55_fu_3594_p2         |         -|   0|  0|  12|          11|          11|
    |ret_56_fu_3620_p2         |         -|   0|  0|  12|          11|          11|
    |ret_67_fu_3939_p2         |         -|   0|  0|  12|          11|          11|
    |ret_68_fu_3965_p2         |         -|   0|  0|  12|          11|          11|
    |ret_69_fu_4016_p2         |         -|   0|  0|  12|          12|          12|
    |ret_70_fu_4056_p2         |         -|   0|  0|  12|          12|          12|
    |ret_71_fu_4096_p2         |         -|   0|  0|  12|          12|          12|
    |ret_72_fu_4136_p2         |         -|   0|  0|  12|          12|          12|
    |ret_73_fu_4176_p2         |         -|   0|  0|  12|          12|          12|
    |ret_74_fu_4216_p2         |         -|   0|  0|  12|          12|          12|
    |ret_75_fu_4256_p2         |         -|   0|  0|  12|          12|          12|
    |ret_76_fu_4296_p2         |         -|   0|  0|  12|          12|          12|
    |ret_77_fu_4336_p2         |         -|   0|  0|  12|          12|          12|
    |ret_78_fu_4376_p2         |         -|   0|  0|  12|          12|          12|
    |ret_79_fu_4416_p2         |         -|   0|  0|  12|          12|          12|
    |ret_80_fu_4456_p2         |         -|   0|  0|  12|          12|          12|
    |ret_81_fu_4496_p2         |         -|   0|  0|  12|          12|          12|
    |ret_82_fu_4536_p2         |         -|   0|  0|  12|          12|          12|
    |ret_83_fu_4576_p2         |         -|   0|  0|  12|          12|          12|
    |ret_84_fu_4616_p2         |         -|   0|  0|  12|          12|          12|
    |ret_85_fu_4656_p2         |         -|   0|  0|  12|          12|          12|
    |ret_86_fu_4696_p2         |         -|   0|  0|  12|          12|          12|
    |ret_87_fu_4736_p2         |         -|   0|  0|  12|          12|          12|
    |ret_88_fu_4776_p2         |         -|   0|  0|  12|          12|          12|
    |ret_89_fu_4816_p2         |         -|   0|  0|  12|          12|          12|
    |ret_90_fu_4856_p2         |         -|   0|  0|  12|          12|          12|
    |ret_91_fu_4896_p2         |         -|   0|  0|  12|          12|          12|
    |ret_92_fu_4934_p2         |         -|   0|  0|  12|          12|          12|
    |ret_93_fu_4972_p2         |         -|   0|  0|  12|          11|          11|
    |ret_94_fu_4998_p2         |         -|   0|  0|  12|          11|          11|
    |sub_ln1524_10_fu_2722_p2  |         -|   0|  0|  12|           1|          12|
    |sub_ln1524_12_fu_2762_p2  |         -|   0|  0|  12|           1|          12|
    |sub_ln1524_14_fu_2801_p2  |         -|   0|  0|  12|           1|          12|
    |sub_ln1524_19_fu_3260_p2  |         -|   0|  0|  12|           1|          12|
    |sub_ln1524_21_fu_3300_p2  |         -|   0|  0|  12|           1|          12|
    |sub_ln1524_23_fu_3340_p2  |         -|   0|  0|  12|           1|          12|
    |sub_ln1524_25_fu_3380_p2  |         -|   0|  0|  12|           1|          12|
    |sub_ln1524_27_fu_3420_p2  |         -|   0|  0|  12|           1|          12|
    |sub_ln1524_29_fu_3460_p2  |         -|   0|  0|  12|           1|          12|
    |sub_ln1524_2_fu_2562_p2   |         -|   0|  0|  12|           1|          12|
    |sub_ln1524_31_fu_3500_p2  |         -|   0|  0|  12|           1|          12|
    |sub_ln1524_33_fu_3539_p2  |         -|   0|  0|  12|           1|          12|
    |sub_ln1524_37_fu_3998_p2  |         -|   0|  0|  12|           1|          12|
    |sub_ln1524_39_fu_4038_p2  |         -|   0|  0|  12|           1|          12|
    |sub_ln1524_41_fu_4078_p2  |         -|   0|  0|  12|           1|          12|
    |sub_ln1524_43_fu_4118_p2  |         -|   0|  0|  12|           1|          12|
    |sub_ln1524_45_fu_4158_p2  |         -|   0|  0|  12|           1|          12|
    |sub_ln1524_47_fu_4198_p2  |         -|   0|  0|  12|           1|          12|
    |sub_ln1524_49_fu_4238_p2  |         -|   0|  0|  12|           1|          12|
    |sub_ln1524_4_fu_2602_p2   |         -|   0|  0|  12|           1|          12|
    |sub_ln1524_51_fu_4278_p2  |         -|   0|  0|  12|           1|          12|
    |sub_ln1524_53_fu_4318_p2  |         -|   0|  0|  12|           1|          12|
    |sub_ln1524_55_fu_4358_p2  |         -|   0|  0|  12|           1|          12|
    |sub_ln1524_57_fu_4398_p2  |         -|   0|  0|  12|           1|          12|
    |sub_ln1524_59_fu_4438_p2  |         -|   0|  0|  12|           1|          12|
    |sub_ln1524_61_fu_4478_p2  |         -|   0|  0|  12|           1|          12|
    |sub_ln1524_63_fu_4518_p2  |         -|   0|  0|  12|           1|          12|
    |sub_ln1524_65_fu_4558_p2  |         -|   0|  0|  12|           1|          12|
    |sub_ln1524_67_fu_4598_p2  |         -|   0|  0|  12|           1|          12|
    |sub_ln1524_69_fu_4638_p2  |         -|   0|  0|  12|           1|          12|
    |sub_ln1524_6_fu_2642_p2   |         -|   0|  0|  12|           1|          12|
    |sub_ln1524_71_fu_4678_p2  |         -|   0|  0|  12|           1|          12|
    |sub_ln1524_73_fu_4718_p2  |         -|   0|  0|  12|           1|          12|
    |sub_ln1524_75_fu_4758_p2  |         -|   0|  0|  12|           1|          12|
    |sub_ln1524_77_fu_4798_p2  |         -|   0|  0|  12|           1|          12|
    |sub_ln1524_79_fu_4838_p2  |         -|   0|  0|  12|           1|          12|
    |sub_ln1524_81_fu_4878_p2  |         -|   0|  0|  12|           1|          12|
    |sub_ln1524_83_fu_4917_p2  |         -|   0|  0|  12|           1|          12|
    |sub_ln1524_8_fu_2682_p2   |         -|   0|  0|  12|           1|          12|
    |sub_ln1524_fu_2522_p2     |         -|   0|  0|  12|           1|          12|
    |sub_ln870_1_fu_5329_p2    |         -|   0|  0|  12|          12|          12|
    |sub_ln870_2_fu_5421_p2    |         -|   0|  0|  12|          12|          12|
    |sub_ln870_3_fu_5479_p2    |         -|   0|  0|  12|          12|          12|
    |sub_ln870_4_fu_5571_p2    |         -|   0|  0|  12|          12|          12|
    |sub_ln870_5_fu_5733_p2    |         -|   0|  0|  12|          12|          12|
    |sub_ln870_fu_5271_p2      |         -|   0|  0|  12|          12|          12|
    +--------------------------+----------+----+---+----+------------+------------+
    |Total                     |          |   0|  0|3406|        2651|        3091|
    +--------------------------+----------+----+---+----+------------+------------+

    * Multiplexer: 
    +-----------+----+-----------+-----+-----------+
    |    Name   | LUT| Input Size| Bits| Total Bits|
    +-----------+----+-----------+-----+-----------+
    |ap_NS_fsm  |  31|          6|    1|          6|
    +-----------+----+-----------+-----+-----------+
    |Total      |  31|          6|    1|          6|
    +-----------+----+-----------+-----+-----------+

    * Register: 
    +------------------------+----+----+-----+-----------+
    |          Name          | FF | LUT| Bits| Const Bits|
    +------------------------+----+----+-----+-----------+
    |add_ln870_100_reg_6464  |  13|   0|   14|          1|
    |add_ln870_103_reg_6469  |  13|   0|   14|          1|
    |add_ln870_105_reg_6524  |  15|   0|   16|          1|
    |add_ln870_108_reg_6474  |  13|   0|   14|          1|
    |add_ln870_111_reg_6479  |  13|   0|   14|          1|
    |add_ln870_119_reg_6529  |  16|   0|   16|          0|
    |add_ln870_15_reg_6364   |  14|   0|   15|          1|
    |add_ln870_16_reg_6494   |  15|   0|   16|          1|
    |add_ln870_23_reg_6369   |  14|   0|   15|          1|
    |add_ln870_30_reg_6499   |  16|   0|   16|          0|
    |add_ln870_34_reg_6384   |  13|   0|   14|          1|
    |add_ln870_37_reg_6389   |  13|   0|   14|          1|
    |add_ln870_45_reg_6504   |  16|   0|   16|          0|
    |add_ln870_52_reg_6404   |  14|   0|   15|          1|
    |add_ln870_59_reg_6509   |  16|   0|   16|          0|
    |add_ln870_64_reg_6419   |  13|   0|   14|          1|
    |add_ln870_67_reg_6424   |  13|   0|   14|          1|
    |add_ln870_75_reg_6514   |  16|   0|   16|          0|
    |add_ln870_82_reg_6439   |  14|   0|   15|          1|
    |add_ln870_89_reg_6519   |  16|   0|   16|          0|
    |add_ln870_8_reg_6359    |  14|   0|   15|          1|
    |add_ln870_93_reg_6454   |  13|   0|   14|          1|
    |add_ln870_96_reg_6459   |  13|   0|   14|          1|
    |ap_CS_fsm               |   5|   0|    5|          0|
    |lhs_118_reg_6346        |   8|   0|    8|          0|
    |lhs_124_reg_6353        |   8|   0|    8|          0|
    |lhs_22_reg_6281         |   8|   0|    8|          0|
    |lhs_28_reg_6288         |   8|   0|    8|          0|
    |lhs_38_reg_6294         |   8|   0|    8|          0|
    |lhs_44_reg_6301         |   8|   0|    8|          0|
    |lhs_54_reg_6307         |   8|   0|    8|          0|
    |lhs_60_reg_6314         |   8|   0|    8|          0|
    |lhs_70_reg_6320         |   8|   0|    8|          0|
    |lhs_76_reg_6327         |   8|   0|    8|          0|
    |lhs_86_reg_6333         |   8|   0|    8|          0|
    |lhs_92_reg_6340         |   8|   0|    8|          0|
    |shift_reg_V_0           |   8|   0|    8|          0|
    |shift_reg_V_1           |   8|   0|    8|          0|
    |shift_reg_V_10          |   8|   0|    8|          0|
    |shift_reg_V_100         |   8|   0|    8|          0|
    |shift_reg_V_101         |   8|   0|    8|          0|
    |shift_reg_V_102         |   8|   0|    8|          0|
    |shift_reg_V_103         |   8|   0|    8|          0|
    |shift_reg_V_104         |   8|   0|    8|          0|
    |shift_reg_V_105         |   8|   0|    8|          0|
    |shift_reg_V_106         |   8|   0|    8|          0|
    |shift_reg_V_107         |   8|   0|    8|          0|
    |shift_reg_V_108         |   8|   0|    8|          0|
    |shift_reg_V_109         |   8|   0|    8|          0|
    |shift_reg_V_11          |   8|   0|    8|          0|
    |shift_reg_V_110         |   8|   0|    8|          0|
    |shift_reg_V_111         |   8|   0|    8|          0|
    |shift_reg_V_112         |   8|   0|    8|          0|
    |shift_reg_V_113         |   8|   0|    8|          0|
    |shift_reg_V_114         |   8|   0|    8|          0|
    |shift_reg_V_115         |   8|   0|    8|          0|
    |shift_reg_V_116         |   8|   0|    8|          0|
    |shift_reg_V_117         |   8|   0|    8|          0|
    |shift_reg_V_118         |   8|   0|    8|          0|
    |shift_reg_V_119         |   8|   0|    8|          0|
    |shift_reg_V_12          |   8|   0|    8|          0|
    |shift_reg_V_120         |   8|   0|    8|          0|
    |shift_reg_V_121         |   8|   0|    8|          0|
    |shift_reg_V_122         |   8|   0|    8|          0|
    |shift_reg_V_123         |   8|   0|    8|          0|
    |shift_reg_V_124         |   8|   0|    8|          0|
    |shift_reg_V_125         |   8|   0|    8|          0|
    |shift_reg_V_126         |   8|   0|    8|          0|
    |shift_reg_V_13          |   8|   0|    8|          0|
    |shift_reg_V_14          |   8|   0|    8|          0|
    |shift_reg_V_15          |   8|   0|    8|          0|
    |shift_reg_V_16          |   8|   0|    8|          0|
    |shift_reg_V_17          |   8|   0|    8|          0|
    |shift_reg_V_18          |   8|   0|    8|          0|
    |shift_reg_V_19          |   8|   0|    8|          0|
    |shift_reg_V_2           |   8|   0|    8|          0|
    |shift_reg_V_20          |   8|   0|    8|          0|
    |shift_reg_V_21          |   8|   0|    8|          0|
    |shift_reg_V_22          |   8|   0|    8|          0|
    |shift_reg_V_23          |   8|   0|    8|          0|
    |shift_reg_V_24          |   8|   0|    8|          0|
    |shift_reg_V_25          |   8|   0|    8|          0|
    |shift_reg_V_26          |   8|   0|    8|          0|
    |shift_reg_V_27          |   8|   0|    8|          0|
    |shift_reg_V_28          |   8|   0|    8|          0|
    |shift_reg_V_29          |   8|   0|    8|          0|
    |shift_reg_V_3           |   8|   0|    8|          0|
    |shift_reg_V_30          |   8|   0|    8|          0|
    |shift_reg_V_31          |   8|   0|    8|          0|
    |shift_reg_V_32          |   8|   0|    8|          0|
    |shift_reg_V_33          |   8|   0|    8|          0|
    |shift_reg_V_34          |   8|   0|    8|          0|
    |shift_reg_V_35          |   8|   0|    8|          0|
    |shift_reg_V_36          |   8|   0|    8|          0|
    |shift_reg_V_37          |   8|   0|    8|          0|
    |shift_reg_V_38          |   8|   0|    8|          0|
    |shift_reg_V_39          |   8|   0|    8|          0|
    |shift_reg_V_4           |   8|   0|    8|          0|
    |shift_reg_V_40          |   8|   0|    8|          0|
    |shift_reg_V_41          |   8|   0|    8|          0|
    |shift_reg_V_42          |   8|   0|    8|          0|
    |shift_reg_V_43          |   8|   0|    8|          0|
    |shift_reg_V_44          |   8|   0|    8|          0|
    |shift_reg_V_45          |   8|   0|    8|          0|
    |shift_reg_V_46          |   8|   0|    8|          0|
    |shift_reg_V_47          |   8|   0|    8|          0|
    |shift_reg_V_48          |   8|   0|    8|          0|
    |shift_reg_V_49          |   8|   0|    8|          0|
    |shift_reg_V_5           |   8|   0|    8|          0|
    |shift_reg_V_50          |   8|   0|    8|          0|
    |shift_reg_V_51          |   8|   0|    8|          0|
    |shift_reg_V_52          |   8|   0|    8|          0|
    |shift_reg_V_53          |   8|   0|    8|          0|
    |shift_reg_V_54          |   8|   0|    8|          0|
    |shift_reg_V_55          |   8|   0|    8|          0|
    |shift_reg_V_56          |   8|   0|    8|          0|
    |shift_reg_V_57          |   8|   0|    8|          0|
    |shift_reg_V_58          |   8|   0|    8|          0|
    |shift_reg_V_59          |   8|   0|    8|          0|
    |shift_reg_V_6           |   8|   0|    8|          0|
    |shift_reg_V_60          |   8|   0|    8|          0|
    |shift_reg_V_61          |   8|   0|    8|          0|
    |shift_reg_V_62          |   8|   0|    8|          0|
    |shift_reg_V_63          |   8|   0|    8|          0|
    |shift_reg_V_64          |   8|   0|    8|          0|
    |shift_reg_V_65          |   8|   0|    8|          0|
    |shift_reg_V_66          |   8|   0|    8|          0|
    |shift_reg_V_67          |   8|   0|    8|          0|
    |shift_reg_V_68          |   8|   0|    8|          0|
    |shift_reg_V_69          |   8|   0|    8|          0|
    |shift_reg_V_7           |   8|   0|    8|          0|
    |shift_reg_V_70          |   8|   0|    8|          0|
    |shift_reg_V_71          |   8|   0|    8|          0|
    |shift_reg_V_72          |   8|   0|    8|          0|
    |shift_reg_V_73          |   8|   0|    8|          0|
    |shift_reg_V_74          |   8|   0|    8|          0|
    |shift_reg_V_75          |   8|   0|    8|          0|
    |shift_reg_V_76          |   8|   0|    8|          0|
    |shift_reg_V_77          |   8|   0|    8|          0|
    |shift_reg_V_78          |   8|   0|    8|          0|
    |shift_reg_V_79          |   8|   0|    8|          0|
    |shift_reg_V_8           |   8|   0|    8|          0|
    |shift_reg_V_80          |   8|   0|    8|          0|
    |shift_reg_V_81          |   8|   0|    8|          0|
    |shift_reg_V_82          |   8|   0|    8|          0|
    |shift_reg_V_83          |   8|   0|    8|          0|
    |shift_reg_V_84          |   8|   0|    8|          0|
    |shift_reg_V_85          |   8|   0|    8|          0|
    |shift_reg_V_86          |   8|   0|    8|          0|
    |shift_reg_V_87          |   8|   0|    8|          0|
    |shift_reg_V_88          |   8|   0|    8|          0|
    |shift_reg_V_89          |   8|   0|    8|          0|
    |shift_reg_V_9           |   8|   0|    8|          0|
    |shift_reg_V_90          |   8|   0|    8|          0|
    |shift_reg_V_91          |   8|   0|    8|          0|
    |shift_reg_V_92          |   8|   0|    8|          0|
    |shift_reg_V_93          |   8|   0|    8|          0|
    |shift_reg_V_94          |   8|   0|    8|          0|
    |shift_reg_V_95          |   8|   0|    8|          0|
    |shift_reg_V_96          |   8|   0|    8|          0|
    |shift_reg_V_97          |   8|   0|    8|          0|
    |shift_reg_V_98          |   8|   0|    8|          0|
    |shift_reg_V_99          |   8|   0|    8|          0|
    |sub_ln870_1_reg_6394    |  12|   0|   12|          0|
    |sub_ln870_2_reg_6414    |  12|   0|   12|          0|
    |sub_ln870_3_reg_6429    |  12|   0|   12|          0|
    |sub_ln870_4_reg_6449    |  12|   0|   12|          0|
    |sub_ln870_5_reg_6484    |  12|   0|   12|          0|
    |sub_ln870_reg_6379      |  12|   0|   12|          0|
    +------------------------+----+----+-----+-----------+
    |Total                   |1515|   0| 1532|         17|
    +------------------------+----+----+-----+-----------+



================================================================
== Interface
================================================================
* Summary: 
+----------+-----+-----+------------+--------------+--------------+
| RTL Ports| Dir | Bits|  Protocol  | Source Object|    C Type    |
+----------+-----+-----+------------+--------------+--------------+
|ap_clk    |   in|    1|  ap_ctrl_hs|           fir|  return value|
|ap_rst    |   in|    1|  ap_ctrl_hs|           fir|  return value|
|ap_start  |   in|    1|  ap_ctrl_hs|           fir|  return value|
|ap_done   |  out|    1|  ap_ctrl_hs|           fir|  return value|
|ap_idle   |  out|    1|  ap_ctrl_hs|           fir|  return value|
|ap_ready  |  out|    1|  ap_ctrl_hs|           fir|  return value|
|y         |  out|   32|      ap_vld|             y|       pointer|
|y_ap_vld  |  out|    1|      ap_vld|             y|       pointer|
|x         |   in|   32|     ap_none|             x|        scalar|
+----------+-----+-----+------------+--------------+--------------+

