

================================================================
== Vitis HLS Report for 'cordiccart2pol'
================================================================
* Date:           Tue Oct 19 16:19:30 2021

* Version:        2021.1 (Build 3247384 on Thu Jun 10 19:36:33 MDT 2021)
* Project:        optimized1
* Solution:       solution1 (Vivado IP Flow Target)
* Product family: zynq
* Target device:  xc7z020-clg400-1


================================================================
== Performance Estimates
================================================================
+ Timing: 
    * Summary: 
    +--------+----------+----------+------------+
    |  Clock |  Target  | Estimated| Uncertainty|
    +--------+----------+----------+------------+
    |ap_clk  |  10.00 ns|  7.222 ns|     2.70 ns|
    +--------+----------+----------+------------+

+ Latency: 
    * Summary: 
    +---------+---------+----------+----------+-----+-----+---------+
    |  Latency (cycles) |  Latency (absolute) |  Interval | Pipeline|
    |   min   |   max   |    min   |    max   | min | max |   Type  |
    +---------+---------+----------+----------+-----+-----+---------+
    |       42|       42|  0.420 us|  0.420 us|   43|   43|       no|
    +---------+---------+----------+----------+-----+-----+---------+

    + Detail: 
        * Instance: 
        N/A

        * Loop: 
        +--------------------+---------+---------+----------+-----------+-----------+------+----------+
        |                    |  Latency (cycles) | Iteration|  Initiation Interval  | Trip |          |
        |      Loop Name     |   min   |   max   |  Latency |  achieved |   target  | Count| Pipelined|
        +--------------------+---------+---------+----------+-----------+-----------+------+----------+
        |- Calculation_Loop  |       21|       21|         7|          1|          1|    16|       yes|
        +--------------------+---------+---------+----------+-----------+-----------+------+----------+



================================================================
== Utilization Estimates
================================================================
* Summary: 
+-----------------+---------+-----+--------+-------+-----+
|       Name      | BRAM_18K| DSP |   FF   |  LUT  | URAM|
+-----------------+---------+-----+--------+-------+-----+
|DSP              |        -|    -|       -|      -|    -|
|Expression       |        -|    -|       0|   4858|    -|
|FIFO             |        -|    -|       -|      -|    -|
|Instance         |        -|   11|     342|    586|    -|
|Memory           |        0|    -|      32|     10|    -|
|Multiplexer      |        -|    -|       -|    219|    -|
|Register         |        -|    -|    1772|     64|    -|
+-----------------+---------+-----+--------+-------+-----+
|Total            |        0|   11|    2146|   5737|    0|
+-----------------+---------+-----+--------+-------+-----+
|Available        |      280|  220|  106400|  53200|    0|
+-----------------+---------+-----+--------+-------+-----+
|Utilization (%)  |        0|    5|       2|     10|    0|
+-----------------+---------+-----+--------+-------+-----+

+ Detail: 
    * Instance: 
    +----------------------------------+-------------------------------+---------+----+-----+-----+-----+
    |             Instance             |             Module            | BRAM_18K| DSP|  FF | LUT | URAM|
    +----------------------------------+-------------------------------+---------+----+-----+-----+-----+
    |dmul_64ns_64ns_64_7_max_dsp_1_U4  |dmul_64ns_64ns_64_7_max_dsp_1  |        0|  11|  342|  586|    0|
    |fpext_32ns_64_2_no_dsp_1_U2       |fpext_32ns_64_2_no_dsp_1       |        0|   0|    0|    0|    0|
    |fpext_32ns_64_2_no_dsp_1_U3       |fpext_32ns_64_2_no_dsp_1       |        0|   0|    0|    0|    0|
    |fptrunc_64ns_32_2_no_dsp_1_U1     |fptrunc_64ns_32_2_no_dsp_1     |        0|   0|    0|    0|    0|
    +----------------------------------+-------------------------------+---------+----+-----+-----+-----+
    |Total                             |                               |        0|  11|  342|  586|    0|
    +----------------------------------+-------------------------------+---------+----+-----+-----+-----+

    * DSP: 
    N/A

    * Memory: 
    +----------+--------+---------+----+----+-----+------+-----+------+-------------+
    |  Memory  | Module | BRAM_18K| FF | LUT| URAM| Words| Bits| Banks| W*Bits*Banks|
    +----------+--------+---------+----+----+-----+------+-----+------+-------------+
    |angles_U  |angles  |        0|  32|  10|    0|    20|   32|     1|          640|
    +----------+--------+---------+----+----+-----+------+-----+------+-------------+
    |Total     |        |        0|  32|  10|    0|    20|   32|     1|          640|
    +----------+--------+---------+----+----+-----+------+-----+------+-------------+

    * FIFO: 
    N/A

    * Expression: 
    +------------------------------+----------+----+---+-----+------------+------------+
    |         Variable Name        | Operation| DSP| FF| LUT | Bitwidth P0| Bitwidth P1|
    +------------------------------+----------+----+---+-----+------------+------------+
    |add_ln1002_1_fu_1463_p2       |         +|   0|  0|   37|          30|           6|
    |add_ln1002_fu_1366_p2         |         +|   0|  0|   37|          30|           6|
    |add_ln1011_1_fu_1563_p2       |         +|   0|  0|   39|          32|           6|
    |add_ln1011_fu_1496_p2         |         +|   0|  0|   39|          32|           6|
    |add_ln1017_1_fu_1686_p2       |         +|   0|  0|    8|           8|           8|
    |add_ln1017_fu_1642_p2         |         +|   0|  0|    8|           8|           8|
    |add_ln48_fu_786_p2            |         +|   0|  0|   13|           5|           1|
    |add_ln590_1_fu_428_p2         |         +|   0|  0|   12|          12|           6|
    |add_ln590_2_fu_950_p2         |         +|   0|  0|   12|          12|           6|
    |add_ln590_fu_342_p2           |         +|   0|  0|   12|          12|           6|
    |lsb_index_1_fu_1396_p2        |         +|   0|  0|   39|          32|           6|
    |lsb_index_fu_1299_p2          |         +|   0|  0|   39|          32|           6|
    |m_3_fu_1536_p2                |         +|   0|  0|   71|          64|          64|
    |m_6_fu_1603_p2                |         +|   0|  0|   71|          64|          64|
    |y0_V_3_fu_860_p2              |         +|   0|  0|   37|          30|          30|
    |F2_1_fu_416_p2                |         -|   0|  0|   12|          11|          12|
    |F2_2_fu_938_p2                |         -|   0|  0|   12|          11|          12|
    |F2_fu_330_p2                  |         -|   0|  0|   12|          11|          12|
    |man_V_1_fu_317_p2             |         -|   0|  0|   61|           1|          54|
    |man_V_4_fu_403_p2             |         -|   0|  0|   61|           1|          54|
    |man_V_7_fu_925_p2             |         -|   0|  0|   61|           1|          54|
    |offset_V_1_fu_1144_p2         |         -|   0|  0|   37|          30|          30|
    |sub_ln1000_1_fu_1417_p2       |         -|   0|  0|   13|           5|           5|
    |sub_ln1000_fu_1320_p2         |         -|   0|  0|   13|           5|           5|
    |sub_ln1012_1_fu_1578_p2       |         -|   0|  0|   39|           5|          32|
    |sub_ln1012_fu_1511_p2         |         -|   0|  0|   39|           5|          32|
    |sub_ln1017_1_fu_1681_p2       |         -|   0|  0|    8|           2|           8|
    |sub_ln1017_fu_1637_p2         |         -|   0|  0|    8|           2|           8|
    |sub_ln590_1_fu_434_p2         |         -|   0|  0|   12|           5|          12|
    |sub_ln590_2_fu_956_p2         |         -|   0|  0|   12|           5|          12|
    |sub_ln590_fu_348_p2           |         -|   0|  0|   12|           5|          12|
    |sub_ln712_1_fu_844_p2         |         -|   0|  0|   37|           1|          30|
    |sub_ln712_3_fu_1133_p2        |         -|   0|  0|   37|           1|          30|
    |sub_ln712_fu_833_p2           |         -|   0|  0|   37|           1|          30|
    |sub_ln997_1_fu_1281_p2        |         -|   0|  0|   39|           5|          32|
    |sub_ln997_fu_1209_p2          |         -|   0|  0|   39|           5|          32|
    |tmp_V_2_fu_1241_p2            |         -|   0|  0|   37|           1|          30|
    |tmp_V_fu_1169_p2              |         -|   0|  0|   37|           1|          30|
    |x0_V_4_fu_703_p2              |         -|   0|  0|   37|           1|          30|
    |x0_V_5_fu_855_p2              |         -|   0|  0|   37|          30|          30|
    |y0_V_fu_687_p2                |         -|   0|  0|   37|           1|          30|
    |and_ln24_fu_681_p2            |       and|   0|  0|    2|           1|           1|
    |and_ln31_fu_697_p2            |       and|   0|  0|    2|           1|           1|
    |and_ln590_1_fu_469_p2         |       and|   0|  0|    2|           1|           1|
    |and_ln590_2_fu_1041_p2        |       and|   0|  0|    2|           1|           1|
    |and_ln590_fu_383_p2           |       and|   0|  0|    2|           1|           1|
    |and_ln591_1_fu_557_p2         |       and|   0|  0|    2|           1|           1|
    |and_ln591_2_fu_1016_p2        |       and|   0|  0|    2|           1|           1|
    |and_ln591_fu_510_p2           |       and|   0|  0|    2|           1|           1|
    |and_ln594_1_fu_1101_p2        |       and|   0|  0|    2|           1|           1|
    |and_ln594_fu_1053_p2          |       and|   0|  0|    2|           1|           1|
    |and_ln612_fu_1079_p2          |       and|   0|  0|    2|           1|           1|
    |and_ln999_1_fu_1457_p2        |       and|   0|  0|    2|           1|           1|
    |and_ln999_fu_1360_p2          |       and|   0|  0|    2|           1|           1|
    |p_Result_14_fu_1432_p2        |       and|   0|  0|   30|          30|          30|
    |p_Result_8_fu_1335_p2         |       and|   0|  0|   30|          30|          30|
    |tobool34_i_i52733_fu_1390_p2  |       and|   0|  0|    2|           1|           1|
    |tobool34_i_i747_fu_1487_p2    |       and|   0|  0|    2|           1|           1|
    |ashr_ln595_1_fu_623_p2        |      ashr|   0|  0|  161|          54|          54|
    |ashr_ln595_2_fu_1092_p2       |      ashr|   0|  0|  161|          54|          54|
    |ashr_ln595_fu_572_p2          |      ashr|   0|  0|  161|          54|          54|
    |r_1_fu_808_p2                 |      ashr|   0|  0|   92|          30|          30|
    |r_2_fu_822_p2                 |      ashr|   0|  0|   92|          30|          30|
    |icmp_ln1000_1_fu_1437_p2      |      icmp|   0|  0|   17|          30|           1|
    |icmp_ln1000_fu_1340_p2        |      icmp|   0|  0|   17|          30|           1|
    |icmp_ln1011_1_fu_1481_p2      |      icmp|   0|  0|   18|          32|           1|
    |icmp_ln1011_fu_1384_p2        |      icmp|   0|  0|   18|          32|           1|
    |icmp_ln1547_fu_676_p2         |      icmp|   0|  0|   17|          30|           1|
    |icmp_ln1550_1_fu_692_p2       |      icmp|   0|  0|   17|          30|           1|
    |icmp_ln1550_fu_671_p2         |      icmp|   0|  0|   17|          30|           1|
    |icmp_ln48_fu_780_p2           |      icmp|   0|  0|   10|           5|           6|
    |icmp_ln580_1_fu_297_p2        |      icmp|   0|  0|   28|          63|           1|
    |icmp_ln580_2_fu_905_p2        |      icmp|   0|  0|   28|          63|           1|
    |icmp_ln580_fu_261_p2          |      icmp|   0|  0|   28|          63|           1|
    |icmp_ln590_1_fu_422_p2        |      icmp|   0|  0|   12|          12|           5|
    |icmp_ln590_2_fu_944_p2        |      icmp|   0|  0|   12|          12|           5|
    |icmp_ln590_fu_336_p2          |      icmp|   0|  0|   12|          12|           5|
    |icmp_ln591_1_fu_448_p2        |      icmp|   0|  0|   12|          12|           5|
    |icmp_ln591_2_fu_970_p2        |      icmp|   0|  0|   12|          12|           5|
    |icmp_ln591_fu_362_p2          |      icmp|   0|  0|   12|          12|           5|
    |icmp_ln594_1_fu_525_p2        |      icmp|   0|  0|   12|          12|           6|
    |icmp_ln594_2_fu_980_p2        |      icmp|   0|  0|   12|          12|           6|
    |icmp_ln594_fu_478_p2          |      icmp|   0|  0|   12|          12|           6|
    |icmp_ln612_1_fu_530_p2        |      icmp|   0|  0|   12|          12|           5|
    |icmp_ln612_2_fu_986_p2        |      icmp|   0|  0|   12|          12|           5|
    |icmp_ln612_fu_483_p2          |      icmp|   0|  0|   12|          12|           5|
    |icmp_ln988_1_fu_1227_p2       |      icmp|   0|  0|   17|          30|           1|
    |icmp_ln988_fu_1155_p2         |      icmp|   0|  0|   17|          30|           1|
    |icmp_ln999_1_fu_1411_p2       |      icmp|   0|  0|   17|          31|           1|
    |icmp_ln999_fu_1314_p2         |      icmp|   0|  0|   17|          31|           1|
    |lshr_ln1000_1_fu_1426_p2      |      lshr|   0|  0|   92|           2|          30|
    |lshr_ln1000_fu_1329_p2        |      lshr|   0|  0|   92|           2|          30|
    |lshr_ln1011_1_fu_1572_p2      |      lshr|   0|  0|  182|          64|          64|
    |lshr_ln1011_fu_1505_p2        |      lshr|   0|  0|  182|          64|          64|
    |a_1_fu_1475_p2                |        or|   0|  0|    2|           1|           1|
    |a_fu_1378_p2                  |        or|   0|  0|    2|           1|           1|
    |or_ln24_fu_744_p2             |        or|   0|  0|    2|           1|           1|
    |or_ln590_fu_1067_p2           |        or|   0|  0|    2|           1|           1|
    |or_ln591_1_fu_458_p2          |        or|   0|  0|    2|           1|           1|
    |or_ln591_2_fu_1030_p2         |        or|   0|  0|    2|           1|           1|
    |or_ln591_fu_372_p2            |        or|   0|  0|    2|           1|           1|
    |m_1_fu_1526_p3                |    select|   0|  0|   64|           1|          64|
    |m_5_fu_1593_p3                |    select|   0|  0|   64|           1|          64|
    |man_V_2_fu_323_p3             |    select|   0|  0|   54|           1|          54|
    |man_V_5_fu_409_p3             |    select|   0|  0|   54|           1|          54|
    |man_V_8_fu_931_p3             |    select|   0|  0|   54|           1|          54|
    |p_y_V_fu_664_p3               |    select|   0|  0|   30|           1|           1|
    |r                             |    select|   0|  0|   32|           1|           1|
    |select_ln24_1_fu_729_p3       |    select|   0|  0|   30|           1|          30|
    |select_ln24_2_fu_736_p3       |    select|   0|  0|   29|           1|          28|
    |select_ln24_3_fu_750_p3       |    select|   0|  0|   29|           1|          29|
    |select_ln24_fu_721_p3         |    select|   0|  0|   30|           1|          30|
    |select_ln31_1_fu_714_p3       |    select|   0|  0|   30|           1|          30|
    |select_ln31_fu_708_p3         |    select|   0|  0|   30|           1|          30|
    |select_ln580_fu_1126_p3       |    select|   0|  0|   30|           1|           1|
    |select_ln590_2_fu_658_p3      |    select|   0|  0|   30|           1|          30|
    |select_ln590_fu_607_p3        |    select|   0|  0|   30|           1|          30|
    |select_ln591_1_fu_562_p3      |    select|   0|  0|   30|           1|          30|
    |select_ln591_2_fu_1022_p3     |    select|   0|  0|   30|           1|          30|
    |select_ln591_fu_515_p3        |    select|   0|  0|   30|           1|          30|
    |select_ln594_1_fu_651_p3      |    select|   0|  0|   30|           1|          30|
    |select_ln594_2_fu_1059_p3     |    select|   0|  0|   30|           1|          30|
    |select_ln594_3_fu_1105_p3     |    select|   0|  0|   30|           1|          30|
    |select_ln594_fu_600_p3        |    select|   0|  0|   30|           1|          30|
    |select_ln597_1_fu_643_p3      |    select|   0|  0|    2|           1|           2|
    |select_ln597_2_fu_1003_p3     |    select|   0|  0|    2|           1|           2|
    |select_ln597_fu_592_p3        |    select|   0|  0|    2|           1|           2|
    |select_ln612_1_fu_544_p3      |    select|   0|  0|   30|           1|          30|
    |select_ln612_2_fu_1120_p3     |    select|   0|  0|   30|           1|          30|
    |select_ln612_fu_497_p3        |    select|   0|  0|   30|           1|          30|
    |select_ln712_fu_1138_p3       |    select|   0|  0|   30|           1|          30|
    |select_ln996_1_fu_1674_p3     |    select|   0|  0|    7|           1|           7|
    |select_ln996_fu_1630_p3       |    select|   0|  0|    7|           1|           7|
    |sh_amt_1_fu_440_p3            |    select|   0|  0|   12|           1|          12|
    |sh_amt_2_fu_962_p3            |    select|   0|  0|   12|           1|          12|
    |sh_amt_fu_354_p3              |    select|   0|  0|   12|           1|          12|
    |theta                         |    select|   0|  0|   32|           1|           1|
    |tmp_V_4_fu_1175_p3            |    select|   0|  0|   30|           1|          30|
    |tmp_V_5_fu_1247_p3            |    select|   0|  0|   30|           1|          30|
    |x_shift_V_fu_838_p3           |    select|   0|  0|   30|           1|          30|
    |y0_V_4_fu_613_p3              |    select|   0|  0|   30|           1|           1|
    |y_shift_V_fu_849_p3           |    select|   0|  0|   30|           1|          30|
    |shl_ln1012_1_fu_1587_p2       |       shl|   0|  0|  182|          64|          64|
    |shl_ln1012_fu_1520_p2         |       shl|   0|  0|  182|          64|          64|
    |shl_ln613_1_fu_539_p2         |       shl|   0|  0|   92|          30|          30|
    |shl_ln613_2_fu_1115_p2        |       shl|   0|  0|   92|          30|          30|
    |shl_ln613_fu_492_p2           |       shl|   0|  0|   92|          30|          30|
    |ap_enable_pp0                 |       xor|   0|  0|    2|           1|           2|
    |ap_enable_reg_pp0_iter1       |       xor|   0|  0|    2|           2|           1|
    |xor_ln1002_1_fu_1451_p2       |       xor|   0|  0|    2|           1|           2|
    |xor_ln1002_fu_1354_p2         |       xor|   0|  0|    2|           1|           2|
    |xor_ln580_1_fu_552_p2         |       xor|   0|  0|    2|           1|           2|
    |xor_ln580_2_fu_1011_p2        |       xor|   0|  0|    2|           1|           2|
    |xor_ln580_fu_505_p2           |       xor|   0|  0|    2|           1|           2|
    |xor_ln590_fu_1073_p2          |       xor|   0|  0|    2|           1|           2|
    |xor_ln591_1_fu_463_p2         |       xor|   0|  0|    2|           1|           2|
    |xor_ln591_2_fu_1035_p2        |       xor|   0|  0|    2|           1|           2|
    |xor_ln591_fu_377_p2           |       xor|   0|  0|    2|           1|           2|
    |xor_ln594_fu_1047_p2          |       xor|   0|  0|    2|           1|           2|
    +------------------------------+----------+----+---+-----+------------+------------+
    |Total                         |          |   0|  0| 4858|        1937|        2741|
    +------------------------------+----------+----+---+-----+------------+------------+

    * Multiplexer: 
    +------------------------------+-----+-----------+-----+-----------+
    |             Name             | LUT | Input Size| Bits| Total Bits|
    +------------------------------+-----+-----------+-----+-----------+
    |ap_NS_fsm                     |  113|         23|    1|         23|
    |ap_enable_reg_pp0_iter1       |    9|          2|    1|          2|
    |ap_enable_reg_pp0_iter6       |    9|          2|    1|          2|
    |ap_sig_allocacmp_x0_V_load_1  |    9|          2|   30|         60|
    |ap_sig_allocacmp_y0_V_1_load  |    9|          2|   30|         60|
    |grp_fu_206_p0                 |   20|          4|   32|        128|
    |grp_load_fu_220_p1            |   14|          3|   30|         90|
    |i_fu_160                      |    9|          2|    5|         10|
    |offset_V_fu_148               |    9|          2|   30|         60|
    |x0_V_fu_152                   |    9|          2|   30|         60|
    |y0_V_1_fu_156                 |    9|          2|   30|         60|
    +------------------------------+-----+-----------+-----+-----------+
    |Total                         |  219|         46|  220|        555|
    +------------------------------+-----+-----------+-----+-----------+

    * Register: 
    +--------------------------------------+----+----+-----+-----------+
    |                 Name                 | FF | LUT| Bits| Const Bits|
    +--------------------------------------+----+----+-----+-----------+
    |LD_2_reg_2160                         |  32|   0|   32|          0|
    |and_ln590_1_reg_1874                  |   1|   0|    1|          0|
    |and_ln590_2_reg_2011                  |   1|   0|    1|          0|
    |and_ln590_reg_1846                    |   1|   0|    1|          0|
    |and_ln612_reg_2021                    |   1|   0|    1|          0|
    |and_ln612_reg_2021_pp0_iter4_reg      |   1|   0|    1|          0|
    |angles_load_reg_1963                  |  32|   0|   32|          0|
    |angles_load_reg_1963_pp0_iter2_reg    |  32|   0|   32|          0|
    |ap_CS_fsm                             |  22|   0|   22|          0|
    |ap_enable_reg_pp0_iter0               |   1|   0|    1|          0|
    |ap_enable_reg_pp0_iter1               |   1|   0|    1|          0|
    |ap_enable_reg_pp0_iter2               |   1|   0|    1|          0|
    |ap_enable_reg_pp0_iter3               |   1|   0|    1|          0|
    |ap_enable_reg_pp0_iter4               |   1|   0|    1|          0|
    |ap_enable_reg_pp0_iter5               |   1|   0|    1|          0|
    |ap_enable_reg_pp0_iter6               |   1|   0|    1|          0|
    |exp_tmp_1_reg_1806                    |  11|   0|   11|          0|
    |exp_tmp_2_reg_1974                    |  11|   0|   11|          0|
    |exp_tmp_reg_1784                      |  11|   0|   11|          0|
    |i_fu_160                              |   5|   0|    5|          0|
    |icmp_ln1011_1_reg_2130                |   1|   0|    1|          0|
    |icmp_ln1011_reg_2120                  |   1|   0|    1|          0|
    |icmp_ln580_1_reg_1816                 |   1|   0|    1|          0|
    |icmp_ln580_2_reg_1984                 |   1|   0|    1|          0|
    |icmp_ln580_reg_1794                   |   1|   0|    1|          0|
    |icmp_ln591_1_reg_1863                 |   1|   0|    1|          0|
    |icmp_ln591_reg_1835                   |   1|   0|    1|          0|
    |icmp_ln594_1_reg_1899                 |   1|   0|    1|          0|
    |icmp_ln594_2_reg_2006                 |   1|   0|    1|          0|
    |icmp_ln594_reg_1884                   |   1|   0|    1|          0|
    |icmp_ln988_1_reg_2081                 |   1|   0|    1|          0|
    |icmp_ln988_reg_2042                   |   1|   0|    1|          0|
    |m_9_reg_2140                          |  63|   0|   63|          0|
    |m_reg_2150                            |  63|   0|   63|          0|
    |man_V_2_reg_1823                      |  54|   0|   54|          0|
    |man_V_5_reg_1851                      |  54|   0|   54|          0|
    |man_V_8_reg_1991                      |  54|   0|   54|          0|
    |offset_V_fu_148                       |  30|   0|   30|          0|
    |p_Result_16_reg_2155                  |   1|   0|    1|          0|
    |p_Result_20_reg_1779                  |   1|   0|    1|          0|
    |p_Result_22_reg_1801                  |   1|   0|    1|          0|
    |p_Result_24_reg_1969                  |   1|   0|    1|          0|
    |p_Result_26_reg_2047                  |   1|   0|    1|          0|
    |p_Result_29_reg_2086                  |   1|   0|    1|          0|
    |p_Result_9_reg_2145                   |   1|   0|    1|          0|
    |p_op_reg_2175                         |  64|   0|   64|          0|
    |p_y_V_reg_1917                        |  30|   0|   30|          0|
    |r_1_reg_1939                          |  30|   0|   30|          0|
    |r_2_reg_1952                          |  30|   0|   30|          0|
    |select_ln580_reg_2036                 |  30|   0|   30|          0|
    |select_ln591_1_reg_1904               |  30|   0|   30|          0|
    |select_ln591_reg_1889                 |  30|   0|   30|          0|
    |select_ln594_2_reg_2016               |  30|   0|   30|          0|
    |select_ln594_3_reg_2031               |  30|   0|   30|          0|
    |sext_ln590_1_reg_1894                 |  32|   0|   32|          0|
    |sext_ln590_2_reg_2026                 |  32|   0|   32|          0|
    |sext_ln590_reg_1879                   |  32|   0|   32|          0|
    |sh_amt_1_reg_1856                     |  12|   0|   12|          0|
    |sh_amt_2_reg_1996                     |  12|   0|   12|          0|
    |sh_amt_reg_1828                       |  12|   0|   12|          0|
    |sub_ln997_1_reg_2098                  |  32|   0|   32|          0|
    |sub_ln997_reg_2059                    |  32|   0|   32|          0|
    |tmp_16_reg_1945                       |   1|   0|    1|          0|
    |tmp_V_4_reg_2052                      |  30|   0|   30|          0|
    |tmp_V_5_reg_2091                      |  30|   0|   30|          0|
    |tmp_reg_2170                          |  64|   0|   64|          0|
    |tobool34_i_i52733_reg_2125            |   1|   0|    1|          0|
    |tobool34_i_i747_reg_2135              |   1|   0|    1|          0|
    |trunc_ln1000_1_reg_2110               |   5|   0|    5|          0|
    |trunc_ln1000_reg_2071                 |   5|   0|    5|          0|
    |trunc_ln574_1_reg_1811                |  52|   0|   52|          0|
    |trunc_ln574_2_reg_1979                |  52|   0|   52|          0|
    |trunc_ln574_reg_1789                  |  52|   0|   52|          0|
    |trunc_ln592_1_reg_1868                |  30|   0|   30|          0|
    |trunc_ln592_2_reg_2001                |  30|   0|   30|          0|
    |trunc_ln592_2_reg_2001_pp0_iter4_reg  |  30|   0|   30|          0|
    |trunc_ln592_reg_1840                  |  30|   0|   30|          0|
    |trunc_ln996_1_reg_2115                |   8|   0|    8|          0|
    |trunc_ln996_reg_2076                  |   8|   0|    8|          0|
    |trunc_ln997_1_reg_2105                |  30|   0|   30|          0|
    |trunc_ln997_reg_2066                  |  30|   0|   30|          0|
    |x0_V_fu_152                           |  30|   0|   30|          0|
    |x0_V_load_1_reg_1929                  |  30|   0|   30|          0|
    |y0_V_1_fu_156                         |  30|   0|   30|          0|
    |y0_V_1_load_reg_1934                  |  30|   0|   30|          0|
    |y0_V_4_reg_1909                       |  30|   0|   30|          0|
    |icmp_ln580_2_reg_1984                 |  64|  32|    1|          0|
    |tmp_16_reg_1945                       |  64|  32|    1|          0|
    +--------------------------------------+----+----+-----+-----------+
    |Total                                 |1772|  64| 1646|          0|
    +--------------------------------------+----+----+-----+-----------+



================================================================
== Interface
================================================================
* Summary: 
+--------------+-----+-----+------------+----------------+--------------+
|   RTL Ports  | Dir | Bits|  Protocol  |  Source Object |    C Type    |
+--------------+-----+-----+------------+----------------+--------------+
|ap_clk        |   in|    1|  ap_ctrl_hs|  cordiccart2pol|  return value|
|ap_rst        |   in|    1|  ap_ctrl_hs|  cordiccart2pol|  return value|
|ap_start      |   in|    1|  ap_ctrl_hs|  cordiccart2pol|  return value|
|ap_done       |  out|    1|  ap_ctrl_hs|  cordiccart2pol|  return value|
|ap_idle       |  out|    1|  ap_ctrl_hs|  cordiccart2pol|  return value|
|ap_ready      |  out|    1|  ap_ctrl_hs|  cordiccart2pol|  return value|
|x             |   in|   32|     ap_none|               x|        scalar|
|y             |   in|   32|     ap_none|               y|        scalar|
|r             |  out|   32|      ap_vld|               r|       pointer|
|r_ap_vld      |  out|    1|      ap_vld|               r|       pointer|
|theta         |  out|   32|      ap_vld|           theta|       pointer|
|theta_ap_vld  |  out|    1|      ap_vld|           theta|       pointer|
+--------------+-----+-----+------------+----------------+--------------+

